ARM Linker, 5.03 [Build 76] [MDK-ARM Standard]

==============================================================================

Section Cross References

    app.o(.text) refers to bsp.o(.text) for BSP_Init
    app.o(.text) refers to cpu_core.o(.text) for CPU_Init
    app.o(.text) refers to os_cpu_c.o(.text) for OS_CPU_SysTickInit
    app.o(.text) refers to lib_mem.o(.text) for Mem_Init
    app.o(.text) refers to lib_math.o(.text) for Math_Init
    app.o(.text) refers to os_stat.o(.text) for OSStatTaskCPUUsageInit
    app.o(.text) refers to os_time.o(.text) for OSTimeDlyHMSM
    app.o(.text) refers to bsp_int.o(.text) for BSP_IntDisAll
    app.o(.text) refers to os_core.o(.text) for OSInit
    app.o(.text) refers to os_task.o(.text) for OSTaskCreate
    app.o(.text) refers to os_cfg_app.o(.constdata) for OSCfg_TickRate_Hz
    app.o(.text) refers to app.o(.bss) for AppTaskStartStk
    os_app_hooks.o(.text) refers to cpu_a.o(.text) for CPU_SR_Save
    os_app_hooks.o(.text) refers to os_var.o(.data) for OS_AppTaskCreateHookPtr
    bsp.o(.text) refers to bsp_periph.o(.text) for BSP_PeriphEn
    bsp.o(.text) refers to stm32f4xx_gpio.o(.text) for GPIO_Init
    bsp.o(.text) refers to bsp_int.o(.text) for BSP_IntInit
    bsp.o(.text) refers to stm32f4xx_rcc.o(.text) for RCC_GetClocksFreq
    bsp.o(.text) refers to cpu_core.o(.text) for CPU_TS_TmrFreqSet
    bsp.o(.text) refers to uldiv.o(.text) for __aeabi_uldivmod
    bsp_int.o(.text) refers to cpu_c.o(.text) for CPU_IntSrcDis
    bsp_int.o(.text) refers to cpu_a.o(.text) for CPU_IntDis
    bsp_int.o(.text) refers to os_core.o(.text) for OSIntEnter
    bsp_int.o(.text) refers to bsp_int.o(.bss) for BSP_IntVectTbl
    bsp_periph.o(.text) refers to bsp.o(.text) for BSP_CPU_ClkFreq
    cstartup.o(RESET) refers to cstartup.o(STACK) for __initial_sp
    cstartup.o(RESET) refers to cstartup.o(.text) for Reset_Handler
    cstartup.o(RESET) refers to os_cpu_a.o(CODE) for OS_CPU_PendSVHandler
    cstartup.o(RESET) refers to os_cpu_c.o(.text) for OS_CPU_SysTickHandler
    cstartup.o(RESET) refers to bsp_int.o(.text) for BSP_IntHandlerWWDG
    cstartup.o(.text) refers to entry.o(.ARM.Collect$$$$00000000) for __main
    cpu_c.o(.text) refers to cpu_a.o(.text) for CPU_SR_Save
    cpu_core.o(.text) refers to cpu_a.o(.text) for CPU_SR_Save
    cpu_core.o(.text) refers to lib_mem.o(.text) for Mem_Clr
    cpu_core.o(.text) refers to bsp.o(.text) for CPU_TS_TmrInit
    cpu_core.o(.text) refers to lib_str.o(.text) for Str_Copy_N
    cpu_core.o(.text) refers to cpu_core.o(.bss) for CPU_Name
    cpu_core.o(.text) refers to cpu_core.o(.data) for CPU_TS_TmrFreq_Hz
    cpu_core.o(.text) refers to cpu_core.o(.constdata) for CPU_CntLeadZerosTbl
    lib_math.o(.text) refers to cpu_a.o(.text) for CPU_SR_Save
    lib_math.o(.text) refers to lib_math.o(.data) for Math_RandSeedCur
    lib_mem.o(.text) refers to lib_mem_a.o(.text) for Mem_Copy
    lib_mem.o(.text) refers to cpu_a.o(.text) for CPU_SR_Save
    lib_mem.o(.text) refers to lib_mem.o(.bss) for Mem_PoolHeap
    lib_mem.o(.text) refers to lib_mem.o(.data) for Mem_PoolTbl
    lib_str.o(.text) refers to lib_ascii.o(.text) for ASCII_ToLower
    lib_str.o(.text) refers to lib_str.o(.constdata) for Str_MultOvfThTbl_Int32U
    os_cpu_c.o(.text) refers to os_cpu_a.o(CODE) for OS_CPU_FP_Reg_Push
    os_cpu_c.o(.text) refers to bsp.o(.text) for CPU_TS_TmrRd
    os_cpu_c.o(.text) refers to cpu_a.o(.text) for CPU_SR_Save
    os_cpu_c.o(.text) refers to os_time.o(.text) for OSTimeTick
    os_cpu_c.o(.text) refers to os_core.o(.text) for OSIntExit
    os_cpu_c.o(.text) refers to os_var.o(.data) for OS_AppIdleTaskHookPtr
    os_cpu_c.o(.text) refers to os_cfg_app.o(.constdata) for OSCfg_ISRStkBasePtr
    os_cpu_c.o(.text) refers to os_cpu_c.o(.data) for OS_CPU_ExceptStkBase
    os_cpu_c.o(.text) refers to os_task.o(.text) for OS_TaskReturn
    os_cpu_a.o(CODE) refers (Special) to os_core.o(.text) for OSIntExit
    os_cpu_a.o(CODE) refers (Special) to os_var.o(.data) for OSRunning
    os_cpu_a.o(CODE) refers to os_cpu_c.o(.data) for OS_CPU_ExceptStkBase
    os_cpu_a.o(CODE) refers to os_cpu_c.o(.text) for OSTaskSwHook
    os_cfg_app.o(.constdata) refers to os_cfg_app.o(.bss) for OSCfg_IdleTaskStk
    os_core.o(.text) refers to cpu_a.o(.text) for CPU_SR_Save
    os_core.o(.text) refers to os_cpu_c.o(.text) for OSIdleTaskHook
    os_core.o(.text) refers to os_task.o(.text) for OSTaskCreate
    os_core.o(.text) refers to os_prio.o(.text) for OS_PrioInit
    os_core.o(.text) refers to os_flag.o(.text) for OS_FlagInit
    os_core.o(.text) refers to os_mem.o(.text) for OS_MemInit
    os_core.o(.text) refers to os_msg.o(.text) for OS_MsgPoolInit
    os_core.o(.text) refers to os_mutex.o(.text) for OS_MutexInit
    os_core.o(.text) refers to os_q.o(.text) for OS_QInit
    os_core.o(.text) refers to os_sem.o(.text) for OS_SemInit
    os_core.o(.text) refers to os_tick.o(.text) for OS_TickTaskInit
[...]
    ../clib/microlib/init/entry.s            0x00000000   Number         0  entry7a.o ABSOLUTE
    ../clib/microlib/init/entry.s            0x00000000   Number         0  entry2.o ABSOLUTE
    ../clib/microlib/init/entry.s            0x00000000   Number         0  entry7b.o ABSOLUTE
    ../clib/microlib/init/entry.s            0x00000000   Number         0  entry.o ABSOLUTE
    ../clib/microlib/init/entry.s            0x00000000   Number         0  entry5.o ABSOLUTE
    ../clib/microlib/init/entry.s            0x00000000   Number         0  entry11b.o ABSOLUTE
    ../clib/microlib/init/entry.s            0x00000000   Number         0  entry11a.o ABSOLUTE
    ../clib/microlib/init/entry.s            0x00000000   Number         0  entry10b.o ABSOLUTE
    ../clib/microlib/init/entry.s            0x00000000   Number         0  entry10a.o ABSOLUTE
    ../clib/microlib/init/entry.s            0x00000000   Number         0  entry9b.o ABSOLUTE
    ../clib/microlib/init/entry.s            0x00000000   Number         0  entry9a.o ABSOLUTE
    ../clib/microlib/init/entry.s            0x00000000   Number         0  entry8b.o ABSOLUTE
    ../clib/microlib/longlong.c              0x00000000   Number         0  llushr.o ABSOLUTE
    ../clib/microlib/longlong.c              0x00000000   Number         0  llshl.o ABSOLUTE
    ..\..\..\..\..\uC-CPU\ARM-Cortex-M4\RealView\cpu_a.asm 0x00000000   Number         0  cpu_a.o ABSOLUTE
    ..\..\..\..\..\uC-CPU\ARM-Cortex-M4\RealView\cpu_c.c 0x00000000   Number         0  cpu_c.o ABSOLUTE
    ..\..\..\..\..\uC-CPU\cpu_core.c         0x00000000   Number         0  cpu_core.o ABSOLUTE
    ..\..\..\..\..\uC-LIB\Ports\ARM-Cortex-M4\RealView\lib_mem_a.asm 0x00000000   Number         0  lib_mem_a.o ABSOLUTE
    ..\..\..\..\..\uC-LIB\lib_ascii.c        0x00000000   Number         0  lib_ascii.o ABSOLUTE
    ..\..\..\..\..\uC-LIB\lib_math.c         0x00000000   Number         0  lib_math.o ABSOLUTE
    ..\..\..\..\..\uC-LIB\lib_mem.c          0x00000000   Number         0  lib_mem.o ABSOLUTE
    ..\..\..\..\..\uC-LIB\lib_str.c          0x00000000   Number         0  lib_str.o ABSOLUTE
    ..\..\..\..\..\uCOS-III\Ports\ARM-Cortex-M4\Generic\RealView\os_cpu_a.asm 0x00000000   Number         0  os_cpu_a.o ABSOLUTE
    ..\..\..\..\..\uCOS-III\Ports\ARM-Cortex-M4\Generic\RealView\os_cpu_c.c 0x00000000   Number         0  os_cpu_c.o ABSOLUTE
    ..\..\..\..\..\uCOS-III\Source\os_cfg_app.c 0x00000000   Number         0  os_cfg_app.o ABSOLUTE
    ..\..\..\..\..\uCOS-III\Source\os_core.c 0x00000000   Number         0  os_core.o ABSOLUTE
    ..\..\..\..\..\uCOS-III\Source\os_dbg.c  0x00000000   Number         0  os_dbg.o ABSOLUTE
    ..\..\..\..\..\uCOS-III\Source\os_flag.c 0x00000000   Number         0  os_flag.o ABSOLUTE
    ..\..\..\..\..\uCOS-III\Source\os_int.c  0x00000000   Number         0  os_int.o ABSOLUTE
    ..\..\..\..\..\uCOS-III\Source\os_mem.c  0x00000000   Number         0  os_mem.o ABSOLUTE
    ..\..\..\..\..\uCOS-III\Source\os_msg.c  0x00000000   Number         0  os_msg.o ABSOLUTE
    ..\..\..\..\..\uCOS-III\Source\os_mutex.c 0x00000000   Number         0  os_mutex.o ABSOLUTE
    ..\..\..\..\..\uCOS-III\Source\os_pend_multi.c 0x00000000   Number         0  os_pend_multi.o ABSOLUTE
    ..\..\..\..\..\uCOS-III\Source\os_prio.c 0x00000000   Number         0  os_prio.o ABSOLUTE
    ..\..\..\..\..\uCOS-III\Source\os_q.c    0x00000000   Number         0  os_q.o ABSOLUTE
    ..\..\..\..\..\uCOS-III\Source\os_sem.c  0x00000000   Number         0  os_sem.o ABSOLUTE
    ..\..\..\..\..\uCOS-III\Source\os_stat.c 0x00000000   Number         0  os_stat.o ABSOLUTE
    ..\..\..\..\..\uCOS-III\Source\os_task.c 0x00000000   Number         0  os_task.o ABSOLUTE
    ..\..\..\..\..\uCOS-III\Source\os_tick.c 0x00000000   Number         0  os_tick.o ABSOLUTE
    ..\..\..\..\..\uCOS-III\Source\os_time.c 0x00000000   Number         0  os_time.o ABSOLUTE
    ..\..\..\..\..\uCOS-III\Source\os_tmr.c  0x00000000   Number         0  os_tmr.o ABSOLUTE
    ..\..\..\..\..\uCOS-III\Source\os_var.c  0x00000000   Number         0  os_var.o ABSOLUTE
    ..\..\BSP\KeilMDK\cstartup.s             0x00000000   Number         0  cstartup.o ABSOLUTE
    ..\..\BSP\ST\STM32F4xx\src\misc.c        0x00000000   Number         0  misc.o ABSOLUTE
    ..\..\BSP\ST\STM32F4xx\src\stm32f4xx_adc.c 0x00000000   Number         0  stm32f4xx_adc.o ABSOLUTE
    ..\..\BSP\ST\STM32F4xx\src\stm32f4xx_can.c 0x00000000   Number         0  stm32f4xx_can.o ABSOLUTE
    ..\..\BSP\ST\STM32F4xx\src\stm32f4xx_crc.c 0x00000000   Number         0  stm32f4xx_crc.o ABSOLUTE
    ..\..\BSP\ST\STM32F4xx\src\stm32f4xx_cryp.c 0x00000000   Number         0  stm32f4xx_cryp.o ABSOLUTE
    ..\..\BSP\ST\STM32F4xx\src\stm32f4xx_cryp_aes.c 0x00000000   Number         0  stm32f4xx_cryp_aes.o ABSOLUTE
    ..\..\BSP\ST\STM32F4xx\src\stm32f4xx_cryp_des.c 0x00000000   Number         0  stm32f4xx_cryp_des.o ABSOLUTE
    ..\..\BSP\ST\STM32F4xx\src\stm32f4xx_cryp_tdes.c 0x00000000   Number         0  stm32f4xx_cryp_tdes.o ABSOLUTE
    ..\..\BSP\ST\STM32F4xx\src\stm32f4xx_dac.c 0x00000000   Number         0  stm32f4xx_dac.o ABSOLUTE
    ..\..\BSP\ST\STM32F4xx\src\stm32f4xx_dbgmcu.c 0x00000000   Number         0  stm32f4xx_dbgmcu.o ABSOLUTE
    ..\..\BSP\ST\STM32F4xx\src\stm32f4xx_dcmi.c 0x00000000   Number         0  stm32f4xx_dcmi.o ABSOLUTE
    ..\..\BSP\ST\STM32F4xx\src\stm32f4xx_dma.c 0x00000000   Number         0  stm32f4xx_dma.o ABSOLUTE
    ..\..\BSP\ST\STM32F4xx\src\stm32f4xx_exti.c 0x00000000   Number         0  stm32f4xx_exti.o ABSOLUTE
    ..\..\BSP\ST\STM32F4xx\src\stm32f4xx_flash.c 0x00000000   Number         0  stm32f4xx_flash.o ABSOLUTE
    ..\..\BSP\ST\STM32F4xx\src\stm32f4xx_fsmc.c 0x00000000   Number         0  stm32f4xx_fsmc.o ABSOLUTE
    ..\..\BSP\ST\STM32F4xx\src\stm32f4xx_gpio.c 0x00000000   Number         0  stm32f4xx_gpio.o ABSOLUTE
    ..\..\BSP\ST\STM32F4xx\src\stm32f4xx_hash.c 0x00000000   Number         0  stm32f4xx_hash.o ABSOLUTE
    ..\..\BSP\ST\STM32F4xx\src\stm32f4xx_hash_md5.c 0x00000000   Number         0  stm32f4xx_hash_md5.o ABSOLUTE
    ..\..\BSP\ST\STM32F4xx\src\stm32f4xx_hash_sha1.c 0x00000000   Number         0  stm32f4xx_hash_sha1.o ABSOLUTE
    ..\..\BSP\ST\STM32F4xx\src\stm32f4xx_i2c.c 0x00000000   Number         0  stm32f4xx_i2c.o ABSOLUTE
    ..\..\BSP\ST\STM32F4xx\src\stm32f4xx_iwdg.c 0x00000000   Number         0  stm32f4xx_iwdg.o ABSOLUTE
    ..\..\BSP\ST\STM32F4xx\src\stm32f4xx_pwr.c 0x00000000   Number         0  stm32f4xx_pwr.o ABSOLUTE
    ..\..\BSP\ST\STM32F4xx\src\stm32f4xx_rcc.c 0x00000000   Number         0  stm32f4xx_rcc.o ABSOLUTE
    ..\..\BSP\ST\STM32F4xx\src\stm32f4xx_rng.c 0x00000000   Number         0  stm32f4xx_rng.o ABSOLUTE
    ..\..\BSP\ST\STM32F4xx\src\stm32f4xx_rtc.c 0x00000000   Number         0  stm32f4xx_rtc.o ABSOLUTE
    ..\..\BSP\ST\STM32F4xx\src\stm32f4xx_sdio.c 0x00000000   Number         0  stm32f4xx_sdio.o ABSOLUTE
    ..\..\BSP\ST\STM32F4xx\src\stm32f4xx_spi.c 0x00000000   Number         0  stm32f4xx_spi.o ABSOLUTE
    ..\..\BSP\ST\STM32F4xx\src\stm32f4xx_syscfg.c 0x00000000   Number         0  stm32f4xx_syscfg.o ABSOLUTE
    ..\..\BSP\ST\STM32F4xx\src\stm32f4xx_tim.c 0x00000000   Number         0  stm32f4xx_tim.o ABSOLUTE
    ..\..\BSP\ST\STM32F4xx\src\stm32f4xx_usart.c 0x00000000   Number         0  stm32f4xx_usart.o ABSOLUTE
    ..\..\BSP\ST\STM32F4xx\src\stm32f4xx_wwdg.c 0x00000000   Number         0  stm32f4xx_wwdg.o ABSOLUTE
    ..\..\BSP\bsp.c                          0x00000000   Number         0  bsp.o ABSOLUTE
    ..\..\BSP\bsp_int.c                      0x00000000   Number         0  bsp_int.o ABSOLUTE
    ..\..\BSP\bsp_periph.c                   0x00000000   Number         0  bsp_periph.o ABSOLUTE
    ..\\..\\BSP\\ST\\STM32F4xx\\src\\misc.c  0x00000000   Number         0  misc.o ABSOLUTE
    ..\\..\\BSP\\ST\\STM32F4xx\\src\\stm32f4xx_adc.c 0x00000000   Number         0  stm32f4xx_adc.o ABSOLUTE
    ..\\..\\BSP\\ST\\STM32F4xx\\src\\stm32f4xx_can.c 0x00000000   Number         0  stm32f4xx_can.o ABSOLUTE
    ..\\..\\BSP\\ST\\STM32F4xx\\src\\stm32f4xx_crc.c 0x00000000   Number         0  stm32f4xx_crc.o ABSOLUTE
    ..\\..\\BSP\\ST\\STM32F4xx\\src\\stm32f4xx_cryp.c 0x00000000   Number         0  stm32f4xx_cryp.o ABSOLUTE
    ..\\..\\BSP\\ST\\STM32F4xx\\src\\stm32f4xx_cryp_aes.c 0x00000000   Number         0  stm32f4xx_cryp_aes.o ABSOLUTE
    ..\\..\\BSP\\ST\\STM32F4xx\\src\\stm32f4xx_cryp_des.c 0x00000000   Number         0  stm32f4xx_cryp_des.o ABSOLUTE
    ..\\..\\BSP\\ST\\STM32F4xx\\src\\stm32f4xx_cryp_tdes.c 0x00000000   Number         0  stm32f4xx_cryp_tdes.o ABSOLUTE
    ..\\..\\BSP\\ST\\STM32F4xx\\src\\stm32f4xx_dac.c 0x00000000   Number         0  stm32f4xx_dac.o ABSOLUTE
    ..\\..\\BSP\\ST\\STM32F4xx\\src\\stm32f4xx_dbgmcu.c 0x00000000   Number         0  stm32f4xx_dbgmcu.o ABSOLUTE
    ..\\..\\BSP\\ST\\STM32F4xx\\src\\stm32f4xx_dcmi.c 0x00000000   Number         0  stm32f4xx_dcmi.o ABSOLUTE
    ..\\..\\BSP\\ST\\STM32F4xx\\src\\stm32f4xx_dma.c 0x00000000   Number         0  stm32f4xx_dma.o ABSOLUTE
    ..\\..\\BSP\\ST\\STM32F4xx\\src\\stm32f4xx_exti.c 0x00000000   Number         0  stm32f4xx_exti.o ABSOLUTE
    ..\\..\\BSP\\ST\\STM32F4xx\\src\\stm32f4xx_flash.c 0x00000000   Number         0  stm32f4xx_flash.o ABSOLUTE
    ..\\..\\BSP\\ST\\STM32F4xx\\src\\stm32f4xx_fsmc.c 0x00000000   Number         0  stm32f4xx_fsmc.o ABSOLUTE
    ..\\..\\BSP\\ST\\STM32F4xx\\src\\stm32f4xx_gpio.c 0x00000000   Number         0  stm32f4xx_gpio.o ABSOLUTE
    ..\\..\\BSP\\ST\\STM32F4xx\\src\\stm32f4xx_hash.c 0x00000000   Number         0  stm32f4xx_hash.o ABSOLUTE
    ..\\..\\BSP\\ST\\STM32F4xx\\src\\stm32f4xx_hash_md5.c 0x00000000   Number         0  stm32f4xx_hash_md5.o ABSOLUTE
    ..\\..\\BSP\\ST\\STM32F4xx\\src\\stm32f4xx_hash_sha1.c 0x00000000   Number         0  stm32f4xx_hash_sha1.o ABSOLUTE
    ..\\..\\BSP\\ST\\STM32F4xx\\src\\stm32f4xx_i2c.c 0x00000000   Number         0  stm32f4xx_i2c.o ABSOLUTE
    ..\\..\\BSP\\ST\\STM32F4xx\\src\\stm32f4xx_iwdg.c 0x00000000   Number         0  stm32f4xx_iwdg.o ABSOLUTE
    ..\\..\\BSP\\ST\\STM32F4xx\\src\\stm32f4xx_pwr.c 0x00000000   Number         0  stm32f4xx_pwr.o ABSOLUTE
    ..\\..\\BSP\\ST\\STM32F4xx\\src\\stm32f4xx_rcc.c 0x00000000   Number         0  stm32f4xx_rcc.o ABSOLUTE
    ..\\..\\BSP\\ST\\STM32F4xx\\src\\stm32f4xx_rng.c 0x00000000   Number         0  stm32f4xx_rng.o ABSOLUTE
    ..\\..\\BSP\\ST\\STM32F4xx\\src\\stm32f4xx_rtc.c 0x00000000   Number         0  stm32f4xx_rtc.o ABSOLUTE
    ..\\..\\BSP\\ST\\STM32F4xx\\src\\stm32f4xx_sdio.c 0x00000000   Number         0  stm32f4xx_sdio.o ABSOLUTE
    ..\\..\\BSP\\ST\\STM32F4xx\\src\\stm32f4xx_spi.c 0x00000000   Number         0  stm32f4xx_spi.o ABSOLUTE
    ..\\..\\BSP\\ST\\STM32F4xx\\src\\stm32f4xx_syscfg.c 0x00000000   Number         0  stm32f4xx_syscfg.o ABSOLUTE
    ..\\..\\BSP\\ST\\STM32F4xx\\src\\stm32f4xx_tim.c 0x00000000   Number         0  stm32f4xx_tim.o ABSOLUTE
    ..\\..\\BSP\\ST\\STM32F4xx\\src\\stm32f4xx_usart.c 0x00000000   Number         0  stm32f4xx_usart.o ABSOLUTE
    ..\\..\\BSP\\ST\\STM32F4xx\\src\\stm32f4xx_wwdg.c 0x00000000   Number         0  stm32f4xx_wwdg.o ABSOLUTE
    ..\\..\\BSP\\bsp.c                       0x00000000   Number         0  bsp.o ABSOLUTE
    ..\\..\\BSP\\bsp_int.c                   0x00000000   Number         0  bsp_int.o ABSOLUTE
    ..\\..\\BSP\\bsp_periph.c                0x00000000   Number         0  bsp_periph.o ABSOLUTE
    ..\\app.c                                0x00000000   Number         0  app.o ABSOLUTE
    ..\app.c                                 0x00000000   Number         0  app.o ABSOLUTE
    ..\os_app_hooks.c                        0x00000000   Number         0  os_app_hooks.o ABSOLUTE
    dc.s                                     0x00000000   Number         0  dc.o ABSOLUTE
    handlers.s                               0x00000000   Number         0  handlers.o ABSOLUTE
    init.s                                   0x00000000   Number         0  init.o ABSOLUTE
    RESET                                    0x08000000   Section      428  cstartup.o(RESET)
    .ARM.Collect$$$$00000000                 0x080001ac   Section        0  entry.o(.ARM.Collect$$$$00000000)
    .ARM.Collect$$$$00000001                 0x080001ac   Section        4  entry2.o(.ARM.Collect$$$$00000001)
    .ARM.Collect$$$$00000004                 0x080001b0   Section        4  entry5.o(.ARM.Collect$$$$00000004)
    .ARM.Collect$$$$00000008                 0x080001b4   Section        0  entry7b.o(.ARM.Collect$$$$00000008)
    .ARM.Collect$$$$0000000A                 0x080001b4   Section        0  entry8b.o(.ARM.Collect$$$$0000000A)
    .ARM.Collect$$$$0000000B                 0x080001b4   Section        8  entry9a.o(.ARM.Collect$$$$0000000B)
    .ARM.Collect$$$$0000000D                 0x080001bc   Section        0  entry10a.o(.ARM.Collect$$$$0000000D)
    .ARM.Collect$$$$0000000F                 0x080001bc   Section        0  entry11a.o(.ARM.Collect$$$$0000000F)
    .ARM.Collect$$$$00002712                 0x080001bc   Section        4  entry2.o(.ARM.Collect$$$$00002712)
    __lit__00000000                          0x080001bc   Data           4  entry2.o(.ARM.Collect$$$$00002712)
    .text                                    0x080001c0   Section        0  app.o(.text)
    AppTaskCreate                            0x080001c1   Thumb Code     2  app.o(.text)
    AppObjCreate                             0x080001c3   Thumb Code     2  app.o(.text)
    AppTaskStart                             0x080001c5   Thumb Code   158  app.o(.text)
    .text                                    0x080002cc   Section        0  bsp.o(.text)
    BSP_LED_Init                             0x080002cd   Thumb Code   130  bsp.o(.text)
    .text                                    0x080006bc   Section        0  bsp_int.o(.text)
    BSP_IntHandlerDummy                      0x08000755   Thumb Code     2  bsp_int.o(.text)
    BSP_IntHandler                           0x0800076d   Thumb Code    58  bsp_int.o(.text)
    .text                                    0x08000b3c   Section        0  bsp_periph.o(.text)
    .text                                    0x08001028   Section       64  cstartup.o(.text)
    $v0                                      0x08001028   Number         0  cstartup.o(.text)
    .text                                    0x08001068   Section       52  cpu_a.o(.text)
    $v0                                      0x08001068   Number         0  cpu_a.o(.text)
    .text                                    0x0800109c   Section        0  cpu_c.o(.text)
    .text                                    0x080017fc   Section        0  cpu_core.o(.text)
    CPU_NameInit                             0x08001827   Thumb Code     8  cpu_core.o(.text)
    CPU_TS_Init                              0x0800182f   Thumb Code    14  cpu_core.o(.text)
    .text                                    0x08001aac   Section        0  lib_ascii.o(.text)
    .text                                    0x08001d04   Section        0  lib_math.o(.text)
    .text                                    0x08001d84   Section        0  lib_mem.o(.text)
    Mem_SegAlloc                             0x08001f9b   Thumb Code    60  lib_mem.o(.text)
    Mem_SegCalcTotSize                       0x08001fd7   Thumb Code    60  lib_mem.o(.text)
    .text                                    0x0800274c   Section        0  lib_str.o(.text)
    Str_FmtNbr_Int32                         0x08002c05   Thumb Code   476  lib_str.o(.text)
    Str_ParseNbr_Int32                       0x08002e4d   Thumb Code   446  lib_str.o(.text)
    .text                                    0x08003078   Section      544  lib_mem_a.o(.text)
    $v0                                      0x08003078   Number         0  lib_mem_a.o(.text)
    .text                                    0x08003298   Section        0  os_cpu_c.o(.text)
    .text                                    0x08003728   Section        0  os_cfg_app.o(.text)
    .text                                    0x0800372c   Section        0  os_core.o(.text)
    .text                                    0x080042dc   Section        0  os_dbg.o(.text)
    .text                                    0x08004484   Section        0  os_flag.o(.text)
    .text                                    0x08004f78   Section        0  os_mem.o(.text)
    .text                                    0x08005174   Section        0  os_msg.o(.text)
    .text                                    0x08005398   Section        0  os_mutex.o(.text)
    .text                                    0x08005b24   Section        0  os_prio.o(.text)
    .text                                    0x08005ba0   Section        0  os_q.o(.text)
    .text                                    0x08006278   Section        0  os_sem.o(.text)
    .text                                    0x08006960   Section        0  os_stat.o(.text)
    .text                                    0x08006f0c   Section        0  os_task.o(.text)
    .text                                    0x080081d8   Section        0  os_tick.o(.text)
    OS_TickListUpdateTimeout                 0x080081d9   Thumb Code   220  os_tick.o(.text)
    OS_TickListUpdateDly                     0x080082b5   Thumb Code   146  os_tick.o(.text)
    .text                                    0x0800860c   Section        0  os_time.o(.text)
    .text                                    0x08008a38   Section        0  os_tmr.o(.text)
    OS_TmrUnlock                             0x08008a39   Thumb Code    14  os_tmr.o(.text)
    OS_TmrLock                               0x08008a69   Thumb Code    20  os_tmr.o(.text)
    .text                                    0x08009118   Section        0  stm32f4xx_gpio.o(.text)
    .text                                    0x08009374   Section        0  stm32f4xx_rcc.o(.text)
    .text                                    0x080098fc   Section        0  uldiv.o(.text)
    .text                                    0x0800995e   Section        0  llshl.o(.text)
    .text                                    0x0800997c   Section        0  llushr.o(.text)
    .text                                    0x0800999c   Section       36  init.o(.text)
    CODE                                     0x080099c0   Section      196  os_cpu_a.o(CODE)
    $v0                                      0x080099c0   Number         0  os_cpu_a.o(CODE)
    i.__scatterload_copy                     0x08009a84   Section       14  handlers.o(i.__scatterload_copy)
    i.__scatterload_null                     0x08009a92   Section        2  handlers.o(i.__scatterload_null)
    i.__scatterload_zeroinit                 0x08009a94   Section       14  handlers.o(i.__scatterload_zeroinit)
    .constdata                               0x08009aa4   Section      260  cpu_core.o(.constdata)
    CPU_CntLeadZerosTbl                      0x08009aa4   Data         256  cpu_core.o(.constdata)
    .constdata                               0x08009ba8   Section      148  lib_str.o(.constdata)
    Str_MultOvfThTbl_Int32U                  0x08009ba8   Data         148  lib_str.o(.constdata)
    .constdata                               0x08009c3c   Section      148  os_cfg_app.o(.constdata)
    .constdata                               0x08009cd0   Section      360  os_dbg.o(.constdata)
    .data                                    0x20000000   Section        4  cpu_core.o(.data)
    .data                                    0x20000004   Section        4  lib_math.o(.data)
    .data                                    0x20000008   Section        4  lib_mem.o(.data)
    .data                                    0x2000000c   Section        4  os_cpu_c.o(.data)
    .data                                    0x20000010   Section        8  os_prio.o(.data)
    .data                                    0x20000018   Section      196  os_var.o(.data)
    .data                                    0x200000dc   Section       16  stm32f4xx_rcc.o(.data)
    APBAHBPrescTable                         0x200000dc   Data          16  stm32f4xx_rcc.o(.data)
    .bss                                     0x200000ec   Section      696  app.o(.bss)
    AppTaskStartTCB                          0x200000ec   Data         184  app.o(.bss)
    AppTaskStartStk                          0x200001a4   Data         512  app.o(.bss)
    .bss                                     0x200003a4   Section      364  bsp_int.o(.bss)
    BSP_IntVectTbl                           0x200003a4   Data         364  bsp_int.o(.bss)
    .bss                                     0x20000510   Section       16  cpu_core.o(.bss)
    .bss                                     0x20000520   Section     1096  lib_mem.o(.bss)
    .bss                                     0x20000968   Section     4160  os_cfg_app.o(.bss)
    .bss                                     0x200019a8   Section     1560  os_var.o(.bss)
    STACK                                    0x20001fc0   Section     1024  cstartup.o(STACK)

    Global Symbols

    Symbol Name                              Value     Ov Type        Size  Object(Section)

    BuildAttributes$$THM_ISAv4$E$P$D$K$B$S$7EM$VFPi3$EXTD16$VFPS$VFMA$PE$A:L22UL41UL21$X:L11$S22US41US21$IEEE1$IW$USESV6$~STKCKD$USESV7$~SHL$OSPACE$EBA8$MICROLIB$REQ8$PRES8$EABIv2 0x00000000   Number         0  anon$$obj.o ABSOLUTE
    __ARM_use_no_argv                        0x00000000   Number         0  app.o ABSOLUTE
    __cpp_initialize__aeabi_                  - Undefined Weak Reference
    __cxa_finalize                            - Undefined Weak Reference
    __decompress                              - Undefined Weak Reference
    _clock_init                               - Undefined Weak Reference
    _microlib_exit                            - Undefined Weak Reference
    __Vectors                                0x08000000   Data           4  cstartup.o(RESET)
    __main                                   0x080001ad   Thumb Code     0  entry.o(.ARM.Collect$$$$00000000)
    _main_stk                                0x080001ad   Thumb Code     0  entry2.o(.ARM.Collect$$$$00000001)
    _main_scatterload                        0x080001b1   Thumb Code     0  entry5.o(.ARM.Collect$$$$00000004)
    __main_after_scatterload                 0x080001b5   Thumb Code     0  entry5.o(.ARM.Collect$$$$00000004)
    _main_clock                              0x080001b5   Thumb Code     0  entry7b.o(.ARM.Collect$$$$00000008)
    _main_cpp_init                           0x080001b5   Thumb Code     0  entry8b.o(.ARM.Collect$$$$0000000A)
    _main_init                               0x080001b5   Thumb Code     0  entry9a.o(.ARM.Collect$$$$0000000B)
    __rt_final_cpp                           0x080001bd   Thumb Code     0  entry10a.o(.ARM.Collect$$$$0000000D)
    __rt_final_exit                          0x080001bd   Thumb Code     0  entry11a.o(.ARM.Collect$$$$0000000F)
    main                                     0x08000263   Thumb Code    74  app.o(.text)
    BSP_Init                                 0x0800034f   Thumb Code   242  bsp.o(.text)
    BSP_CPU_ClkFreq                          0x08000441   Thumb Code    14  bsp.o(.text)
    BSP_LED_Off                              0x0800044f   Thumb Code    98  bsp.o(.text)
    BSP_LED_On                               0x080004b1   Thumb Code    98  bsp.o(.text)
    BSP_LED_Toggle                           0x08000513   Thumb Code   276  bsp.o(.text)
    CPU_TS_TmrInit                           0x08000627   Thumb Code    44  bsp.o(.text)
    CPU_TS_TmrRd                             0x08000653   Thumb Code     6  bsp.o(.text)
    CPU_TS32_to_uSec                         0x08000659   Thumb Code    54  bsp.o(.text)
    BSP_IntClr                               0x080006bd   Thumb Code     2  bsp_int.o(.text)
    BSP_IntDis                               0x080006bf   Thumb Code    20  bsp_int.o(.text)
    BSP_IntDisAll                            0x080006d3   Thumb Code     8  bsp_int.o(.text)
    BSP_IntEn                                0x080006db   Thumb Code    20  bsp_int.o(.text)
    BSP_IntVectSet                           0x080006ef   Thumb Code    48  bsp_int.o(.text)
    BSP_IntPrioSet                           0x0800071f   Thumb Code    54  bsp_int.o(.text)
    BSP_IntInit                              0x08000757   Thumb Code    22  bsp_int.o(.text)
    BSP_IntHandlerWWDG                       0x080007a7   Thumb Code    10  bsp_int.o(.text)
    BSP_IntHandlerPVD                        0x080007b1   Thumb Code    10  bsp_int.o(.text)
    BSP_IntHandlerTAMP_STAMP                 0x080007bb   Thumb Code    10  bsp_int.o(.text)
    BSP_IntHandlerRTC_WKUP                   0x080007c5   Thumb Code    10  bsp_int.o(.text)
    BSP_IntHandlerFLASH                      0x080007cf   Thumb Code    10  bsp_int.o(.text)
    BSP_IntHandlerRCC                        0x080007d9   Thumb Code    10  bsp_int.o(.text)
    BSP_IntHandlerEXTI0                      0x080007e3   Thumb Code    10  bsp_int.o(.text)
    BSP_IntHandlerEXTI1                      0x080007ed   Thumb Code    10  bsp_int.o(.text)
    BSP_IntHandlerEXTI2                      0x080007f7   Thumb Code    10  bsp_int.o(.text)
    BSP_IntHandlerEXTI3                      0x08000801   Thumb Code    10  bsp_int.o(.text)
    BSP_IntHandlerEXTI4                      0x0800080b   Thumb Code    10  bsp_int.o(.text)
    BSP_IntHandlerDMA1_CH0                   0x08000815   Thumb Code    10  bsp_int.o(.text)
    BSP_IntHandlerDMA1_CH1                   0x0800081f   Thumb Code    10  bsp_int.o(.text)
    BSP_IntHandlerDMA1_CH2                   0x08000829   Thumb Code    10  bsp_int.o(.text)
    BSP_IntHandlerDMA1_CH3                   0x08000833   Thumb Code    10  bsp_int.o(.text)
    BSP_IntHandlerDMA1_CH4                   0x0800083d   Thumb Code    10  bsp_int.o(.text)
    BSP_IntHandlerDMA1_CH5                   0x08000847   Thumb Code    10  bsp_int.o(.text)
    BSP_IntHandlerDMA1_CH6                   0x08000851   Thumb Code    10  bsp_int.o(.text)
    BSP_IntHandlerADC                        0x0800085b   Thumb Code    10  bsp_int.o(.text)
    BSP_IntHandlerCAN1_TX                    0x08000865   Thumb Code    10  bsp_int.o(.text)
    BSP_IntHandlerCAN1_RX0                   0x0800086f   Thumb Code    10  bsp_int.o(.text)
    BSP_IntHandlerCAN1_RX1                   0x08000879   Thumb Code    10  bsp_int.o(.text)
    BSP_IntHandlerCAN1_SCE                   0x08000883   Thumb Code    10  bsp_int.o(.text)
    BSP_IntHandlerEXTI9_5                    0x0800088d   Thumb Code    10  bsp_int.o(.text)
    BSP_IntHandlerTIM1_BRK_TIM9              0x08000897   Thumb Code    10  bsp_int.o(.text)
    BSP_IntHandlerTIM1_UP_TIM10              0x080008a1   Thumb Code    10  bsp_int.o(.text)
    BSP_IntHandlerTIM1_TRG_COM_TIM11         0x080008ab   Thumb Code    10  bsp_int.o(.text)
    BSP_IntHandlerTIM1_CC                    0x080008b5   Thumb Code    10  bsp_int.o(.text)
    BSP_IntHandlerTIM2                       0x080008bf   Thumb Code    10  bsp_int.o(.text)
    BSP_IntHandlerTIM3                       0x080008c9   Thumb Code    10  bsp_int.o(.text)
    BSP_IntHandlerTIM4                       0x080008d3   Thumb Code    10  bsp_int.o(.text)
    BSP_IntHandlerI2C1_EV                    0x080008dd   Thumb Code    10  bsp_int.o(.text)
    BSP_IntHandlerI2C1_ER                    0x080008e7   Thumb Code    10  bsp_int.o(.text)
    BSP_IntHandlerI2C2_EV                    0x080008f1   Thumb Code    10  bsp_int.o(.text)
    BSP_IntHandlerI2C2_ER                    0x080008fb   Thumb Code    10  bsp_int.o(.text)
    BSP_IntHandlerSPI1                       0x08000905   Thumb Code    10  bsp_int.o(.text)
    BSP_IntHandlerSPI2                       0x0800090f   Thumb Code    10  bsp_int.o(.text)
    BSP_IntHandlerUSART1                     0x08000919   Thumb Code    10  bsp_int.o(.text)
    BSP_IntHandlerUSART2                     0x08000923   Thumb Code    10  bsp_int.o(.text)
    BSP_IntHandlerUSART3                     0x0800092d   Thumb Code    10  bsp_int.o(.text)
    BSP_IntHandlerEXTI15_10                  0x08000937   Thumb Code    10  bsp_int.o(.text)
    BSP_IntHandlerRTCAlarm                   0x08000941   Thumb Code    10  bsp_int.o(.text)
    BSP_IntHandlerOTG_FS_WKUP                0x0800094b   Thumb Code    10  bsp_int.o(.text)
    BSP_IntHandlerTIM8_BRK_TIM12             0x08000955   Thumb Code    10  bsp_int.o(.text)
    BSP_IntHandlerTIM8_UP_TIM13              0x0800095f   Thumb Code    10  bsp_int.o(.text)
    BSP_IntHandlerTIM8_TRG_COM_TIM14         0x08000969   Thumb Code    10  bsp_int.o(.text)
    BSP_IntHandlerTIM8_CC                    0x08000973   Thumb Code    10  bsp_int.o(.text)
    BSP_IntHandlerDMA1_STREAM7               0x0800097d   Thumb Code    10  bsp_int.o(.text)
    BSP_IntHandlerFSMC                       0x08000987   Thumb Code    10  bsp_int.o(.text)
    BSP_IntHandlerSDIO                       0x08000991   Thumb Code    10  bsp_int.o(.text)
    BSP_IntHandlerTIM5                       0x0800099b   Thumb Code    10  bsp_int.o(.text)
    BSP_IntHandlerSPI3                       0x080009a5   Thumb Code    10  bsp_int.o(.text)
    BSP_IntHandlerUSART4                     0x080009af   Thumb Code    10  bsp_int.o(.text)
    BSP_IntHandlerUSART5                     0x080009b9   Thumb Code    10  bsp_int.o(.text)
    BSP_IntHandlerTIM6_DAC                   0x080009c3   Thumb Code    10  bsp_int.o(.text)
    BSP_IntHandlerTIM7                       0x080009cd   Thumb Code    10  bsp_int.o(.text)
    BSP_IntHandlerDMA2_CH0                   0x080009d7   Thumb Code    10  bsp_int.o(.text)
    BSP_IntHandlerDMA2_CH1                   0x080009e1   Thumb Code    10  bsp_int.o(.text)
    BSP_IntHandlerDMA2_CH2                   0x080009eb   Thumb Code    10  bsp_int.o(.text)
    BSP_IntHandlerDMA2_CH3                   0x080009f5   Thumb Code    10  bsp_int.o(.text)
    BSP_IntHandlerDMA2_CH4                   0x080009ff   Thumb Code    10  bsp_int.o(.text)
    BSP_IntHandlerETH                        0x08000a09   Thumb Code    10  bsp_int.o(.text)
    BSP_IntHandlerETHWakeup                  0x08000a13   Thumb Code    10  bsp_int.o(.text)
    BSP_IntHandlerCAN2_TX                    0x08000a1d   Thumb Code    10  bsp_int.o(.text)
    BSP_IntHandlerCAN2_RX0                   0x08000a27   Thumb Code    10  bsp_int.o(.text)
    BSP_IntHandlerCAN2_RX1                   0x08000a31   Thumb Code    10  bsp_int.o(.text)
    BSP_IntHandlerCAN2_SCE                   0x08000a3b   Thumb Code    10  bsp_int.o(.text)
    BSP_IntHandlerOTG_FS                     0x08000a45   Thumb Code    10  bsp_int.o(.text)
    BSP_IntHandlerDMA2_CH5                   0x08000a4f   Thumb Code    10  bsp_int.o(.text)
    BSP_IntHandlerDMA2_CH6                   0x08000a59   Thumb Code    10  bsp_int.o(.text)
    BSP_IntHandlerDMA2_CH7                   0x08000a63   Thumb Code    10  bsp_int.o(.text)
    BSP_IntHandlerUSART6                     0x08000a6d   Thumb Code    10  bsp_int.o(.text)
    BSP_IntHandlerI2C3_EV                    0x08000a77   Thumb Code    10  bsp_int.o(.text)
    BSP_IntHandlerI2C3_ER                    0x08000a81   Thumb Code    10  bsp_int.o(.text)
    BSP_IntHandlerOTG_HS_EP1_OUT             0x08000a8b   Thumb Code    10  bsp_int.o(.text)
    BSP_IntHandlerOTG_HS_EP1_IN              0x08000a95   Thumb Code    10  bsp_int.o(.text)
    BSP_IntHandlerOTG_HS_WKUP                0x08000a9f   Thumb Code    10  bsp_int.o(.text)
    BSP_IntHandlerOTG_HS                     0x08000aa9   Thumb Code    10  bsp_int.o(.text)
    BSP_IntHandlerDCMI                       0x08000ab3   Thumb Code    10  bsp_int.o(.text)
    BSP_IntHandlerCRYP                       0x08000abd   Thumb Code    10  bsp_int.o(.text)
    BSP_IntHandlerHASH_RNG                   0x08000ac7   Thumb Code    10  bsp_int.o(.text)
    BSP_IntHandlerFPU                        0x08000ad1   Thumb Code    10  bsp_int.o(.text)
    BSP_IntHandlerUART7                      0x08000adb   Thumb Code    18  bsp_int.o(.text)
    BSP_IntHandlerUART8                      0x08000aed   Thumb Code    10  bsp_int.o(.text)
    BSP_IntHandlerSPI4                       0x08000af7   Thumb Code    10  bsp_int.o(.text)
    BSP_IntHandlerSPI5                       0x08000b01   Thumb Code    10  bsp_int.o(.text)
    BSP_IntHandlerSPI6                       0x08000b0b   Thumb Code    10  bsp_int.o(.text)
    BSP_IntHandlerSAI1                       0x08000b15   Thumb Code    10  bsp_int.o(.text)
    BSP_IntHandlerLTDC                       0x08000b1f   Thumb Code    10  bsp_int.o(.text)
    BSP_IntHandlerLTDC_ER                    0x08000b29   Thumb Code    10  bsp_int.o(.text)
    BSP_IntHandlerDMA2D                      0x08000b33   Thumb Code    10  bsp_int.o(.text)
    BSP_PeriphClkFreqGet                     0x08000b3d   Thumb Code   390  bsp_periph.o(.text)
    BSP_PeriphEn                             0x08000cc3   Thumb Code   432  bsp_periph.o(.text)
    BSP_PeriphDis                            0x08000e73   Thumb Code   432  bsp_periph.o(.text)
    Reset_Handler                            0x08001029   Thumb Code    36  cstartup.o(.text)
    App_NMI_ISR                              0x0800104d   Thumb Code     2  cstartup.o(.text)
    App_Fault_ISR                            0x0800104f   Thumb Code     2  cstartup.o(.text)
    App_MemFault_ISR                         0x08001051   Thumb Code     2  cstartup.o(.text)
    App_BusFault_ISR                         0x08001053   Thumb Code     2  cstartup.o(.text)
    App_UsageFault_ISR                       0x08001055   Thumb Code     2  cstartup.o(.text)
    App_Spurious_ISR                         0x08001057   Thumb Code     2  cstartup.o(.text)
    App_Reserved_ISR                         0x08001059   Thumb Code     2  cstartup.o(.text)
    CPU_IntDis                               0x08001069   Thumb Code     0  cpu_a.o(.text)
    CPU_IntEn                                0x0800106d   Thumb Code     0  cpu_a.o(.text)
    CPU_SR_Save                              0x08001071   Thumb Code     0  cpu_a.o(.text)
    CPU_SR_Restore                           0x08001079   Thumb Code     0  cpu_a.o(.text)
    CPU_WaitForInt                           0x0800107f   Thumb Code     0  cpu_a.o(.text)
    CPU_WaitForExcept                        0x08001083   Thumb Code     0  cpu_a.o(.text)
    CPU_CntLeadZeros                         0x08001087   Thumb Code     0  cpu_a.o(.text)
    CPU_CntTrailZeros                        0x0800108d   Thumb Code     0  cpu_a.o(.text)
    CPU_RevBits                              0x08001097   Thumb Code     0  cpu_a.o(.text)
    CPU_BitBandClr                           0x0800109d   Thumb Code    58  cpu_c.o(.text)
    CPU_BitBandSet                           0x080010d7   Thumb Code    58  cpu_c.o(.text)
    CPU_IntSrcDis                            0x08001111   Thumb Code   330  cpu_c.o(.text)
    CPU_IntSrcEn                             0x0800125b   Thumb Code   330  cpu_c.o(.text)
    CPU_IntSrcPendClr                        0x080013a5   Thumb Code   166  cpu_c.o(.text)
    CPU_IntSrcPrioSet                        0x0800144b   Thumb Code   504  cpu_c.o(.text)
    CPU_IntSrcPrioGet                        0x08001643   Thumb Code   430  cpu_c.o(.text)
    CPU_NameClr                              0x080017fd   Thumb Code    42  cpu_core.o(.text)
    CPU_Init                                 0x0800183d   Thumb Code    12  cpu_core.o(.text)
    CPU_SW_Exception                         0x08001849   Thumb Code     4  cpu_core.o(.text)
    CPU_NameGet                              0x0800184d   Thumb Code    70  cpu_core.o(.text)
    CPU_NameSet                              0x08001893   Thumb Code    96  cpu_core.o(.text)
    CPU_TS_Get32                             0x080018f3   Thumb Code    12  cpu_core.o(.text)
    CPU_TS_Update                            0x080018ff   Thumb Code     2  cpu_core.o(.text)
    CPU_TS_TmrFreqGet                        0x08001901   Thumb Code    30  cpu_core.o(.text)
    CPU_TS_TmrFreqSet                        0x0800191f   Thumb Code     6  cpu_core.o(.text)
    CPU_CntLeadZeros08                       0x08001925   Thumb Code    18  cpu_core.o(.text)
    CPU_CntLeadZeros16                       0x08001937   Thumb Code    18  cpu_core.o(.text)
    CPU_CntLeadZeros32                       0x08001949   Thumb Code    18  cpu_core.o(.text)
    CPU_CntLeadZeros64                       0x0800195b   Thumb Code   194  cpu_core.o(.text)
    CPU_CntTrailZeros08                      0x08001a1d   Thumb Code    22  cpu_core.o(.text)
    CPU_CntTrailZeros16                      0x08001a33   Thumb Code    22  cpu_core.o(.text)
    CPU_CntTrailZeros32                      0x08001a49   Thumb Code    22  cpu_core.o(.text)
    CPU_CntTrailZeros64                      0x08001a5f   Thumb Code    66  cpu_core.o(.text)
    ASCII_IsAlpha                            0x08001aad   Thumb Code    48  lib_ascii.o(.text)
    ASCII_IsAlphaNum                         0x08001add   Thumb Code    76  lib_ascii.o(.text)
    ASCII_IsLower                            0x08001b29   Thumb Code    20  lib_ascii.o(.text)
    ASCII_IsUpper                            0x08001b3d   Thumb Code    20  lib_ascii.o(.text)
    ASCII_IsDig                              0x08001b51   Thumb Code    20  lib_ascii.o(.text)
    ASCII_IsDigOct                           0x08001b65   Thumb Code    20  lib_ascii.o(.text)
    ASCII_IsDigHex                           0x08001b79   Thumb Code    36  lib_ascii.o(.text)
    ASCII_IsBlank                            0x08001b9d   Thumb Code    20  lib_ascii.o(.text)
    ASCII_IsSpace                            0x08001bb1   Thumb Code    36  lib_ascii.o(.text)
    ASCII_IsPrint                            0x08001bd5   Thumb Code    20  lib_ascii.o(.text)
    ASCII_IsGraph                            0x08001be9   Thumb Code    20  lib_ascii.o(.text)
    ASCII_IsPunct                            0x08001bfd   Thumb Code   134  lib_ascii.o(.text)
    ASCII_IsCtrl                             0x08001c83   Thumb Code    26  lib_ascii.o(.text)
    ASCII_ToLower                            0x08001c9d   Thumb Code    32  lib_ascii.o(.text)
    ASCII_ToUpper                            0x08001cbd   Thumb Code    32  lib_ascii.o(.text)
    ASCII_Cmp                                0x08001cdd   Thumb Code    38  lib_ascii.o(.text)
    Math_RandSetSeed                         0x08001d05   Thumb Code    40  lib_math.o(.text)
    Math_Init                                0x08001d2d   Thumb Code    10  lib_math.o(.text)
    Math_RandSeed                            0x08001d37   Thumb Code    18  lib_math.o(.text)
    Math_Rand                                0x08001d49   Thumb Code    52  lib_math.o(.text)
    Mem_Init                                 0x08001d85   Thumb Code    54  lib_mem.o(.text)
    Mem_Set                                  0x08001dbb   Thumb Code    84  lib_mem.o(.text)
    Mem_Clr                                  0x08001e0f   Thumb Code    18  lib_mem.o(.text)
    Mem_Move                                 0x08001e21   Thumb Code   186  lib_mem.o(.text)
    Mem_Cmp                                  0x08001edb   Thumb Code   192  lib_mem.o(.text)
    Mem_HeapAlloc                            0x08002013   Thumb Code   168  lib_mem.o(.text)
    Mem_SegGetSizeRem                        0x080020bb   Thumb Code   108  lib_mem.o(.text)
    Mem_HeapGetSizeRem                       0x08002127   Thumb Code    22  lib_mem.o(.text)
    Mem_PoolClr                              0x0800213d   Thumb Code    80  lib_mem.o(.text)
    Mem_PoolCreate                           0x0800218d   Thumb Code   838  lib_mem.o(.text)
    Mem_PoolBlkGetNbrAvail                   0x080024d3   Thumb Code    52  lib_mem.o(.text)
    Mem_PoolBlkGet                           0x08002507   Thumb Code   126  lib_mem.o(.text)
    Mem_PoolBlkGetUsedAtIx                   0x08002585   Thumb Code   140  lib_mem.o(.text)
    Mem_PoolBlkFree                          0x08002611   Thumb Code   152  lib_mem.o(.text)
    Mem_PoolBlkIxGet                         0x080026a9   Thumb Code   162  lib_mem.o(.text)
    Str_Len_N                                0x0800274d   Thumb Code    28  lib_str.o(.text)
    Str_Len                                  0x08002769   Thumb Code    20  lib_str.o(.text)
    Str_Copy_N                               0x0800277d   Thumb Code    70  lib_str.o(.text)
    Str_Copy                                 0x080027c3   Thumb Code    24  lib_str.o(.text)
    Str_Cat_N                                0x080027db   Thumb Code    90  lib_str.o(.text)
    Str_Cat                                  0x08002835   Thumb Code    24  lib_str.o(.text)
    Str_Cmp_N                                0x0800284d   Thumb Code   156  lib_str.o(.text)
    Str_Cmp                                  0x080028e9   Thumb Code    24  lib_str.o(.text)
    Str_CmpIgnoreCase_N                      0x08002901   Thumb Code   264  lib_str.o(.text)
    Str_CmpIgnoreCase                        0x08002a09   Thumb Code    24  lib_str.o(.text)
    Str_Char_N                               0x08002a21   Thumb Code    74  lib_str.o(.text)
    Str_Char                                 0x08002a6b   Thumb Code    24  lib_str.o(.text)
    Str_Char_Last_N                          0x08002a83   Thumb Code    76  lib_str.o(.text)
    Str_Char_Last                            0x08002acf   Thumb Code    24  lib_str.o(.text)
    Str_Char_Replace_N                       0x08002ae7   Thumb Code    52  lib_str.o(.text)
    Str_Char_Replace                         0x08002b1b   Thumb Code    28  lib_str.o(.text)
    Str_Str_N                                0x08002b37   Thumb Code   182  lib_str.o(.text)
    Str_Str                                  0x08002bed   Thumb Code    24  lib_str.o(.text)
    Str_FmtNbr_Int32U                        0x08002de1   Thumb Code    46  lib_str.o(.text)
    Str_FmtNbr_Int32S                        0x08002e0f   Thumb Code    62  lib_str.o(.text)
    Str_ParseNbr_Int32U                      0x0800300b   Thumb Code    30  lib_str.o(.text)
    Str_ParseNbr_Int32S                      0x08003029   Thumb Code    74  lib_str.o(.text)
    Mem_Copy                                 0x08003079   Thumb Code     0  lib_mem_a.o(.text)
    OSIdleTaskHook                           0x08003299   Thumb Code    16  os_cpu_c.o(.text)
    OSInitHook                               0x080032a9   Thumb Code    28  os_cpu_c.o(.text)
    OSStatTaskHook                           0x080032c5   Thumb Code    16  os_cpu_c.o(.text)
    OSTaskCreateHook                         0x080032d5   Thumb Code    20  os_cpu_c.o(.text)
    OSTaskDelHook                            0x080032e9   Thumb Code    20  os_cpu_c.o(.text)
    OSTaskReturnHook                         0x080032fd   Thumb Code    20  os_cpu_c.o(.text)
    OSTaskStkInit                            0x08003311   Thumb Code   598  os_cpu_c.o(.text)
    OSTaskSwHook                             0x08003567   Thumb Code   168  os_cpu_c.o(.text)
    OSTimeTickHook                           0x0800360f   Thumb Code    16  os_cpu_c.o(.text)
    OS_CPU_SysTickHandler                    0x0800361f   Thumb Code    52  os_cpu_c.o(.text)
    OS_CPU_SysTickInit                       0x08003653   Thumb Code   214  os_cpu_c.o(.text)
    OSCfg_Init                               0x08003729   Thumb Code     2  os_cfg_app.o(.text)
    OS_IdleTask                              0x0800372d   Thumb Code    58  os_core.o(.text)
    OS_IdleTaskInit                          0x08003767   Thumb Code    68  os_core.o(.text)
    OS_RdyListInit                           0x080037ab   Thumb Code    32  os_core.o(.text)
    OSInit                                   0x080037cb   Thumb Code   270  os_core.o(.text)
    OSIntEnter                               0x080038d9   Thumb Code    34  os_core.o(.text)
    OSIntExit                                0x080038fb   Thumb Code   188  os_core.o(.text)
    OSSched                                  0x080039b7   Thumb Code   130  os_core.o(.text)
    OS_SchedLockTimeMeasStart                0x08003a39   Thumb Code    20  os_core.o(.text)
    OSSchedLock                              0x08003a4d   Thumb Code   104  os_core.o(.text)
    OS_SchedLockTimeMeasStop                 0x08003ab5   Thumb Code    44  os_core.o(.text)
    OSSchedUnlock                            0x08003ae1   Thumb Code   274  os_core.o(.text)
    OSStart                                  0x08003bf3   Thumb Code    78  os_core.o(.text)
    OSVersion                                0x08003c41   Thumb Code    12  os_core.o(.text)
    OS_PendDbgNameAdd                        0x08003c4d   Thumb Code    66  os_core.o(.text)
    OS_PendListInsertPrio                    0x08003c8f   Thumb Code   102  os_core.o(.text)
    OS_PendDataInit                          0x08003cf5   Thumb Code    38  os_core.o(.text)
    OS_RdyListRemove                         0x08003d1b   Thumb Code    86  os_core.o(.text)
    OS_TaskBlock                             0x08003d71   Thumb Code    40  os_core.o(.text)
    OS_Pend                                  0x08003d99   Thumb Code    98  os_core.o(.text)
    OS_PendListRemove1                       0x08003dfb   Thumb Code    66  os_core.o(.text)
    OS_PendListRemove                        0x08003e3d   Thumb Code    48  os_core.o(.text)
    OS_PendAbort1                            0x08003e6d   Thumb Code    36  os_core.o(.text)
    OS_RdyListInsertHead                     0x08003e91   Thumb Code    58  os_core.o(.text)
    OS_RdyListInsertTail                     0x08003ecb   Thumb Code    56  os_core.o(.text)
    OS_RdyListInsert                         0x08003f03   Thumb Code    40  os_core.o(.text)
    OS_PendAbort                             0x08003f2b   Thumb Code   246  os_core.o(.text)
    OS_PendDbgNameRemove                     0x08004021   Thumb Code    34  os_core.o(.text)
    OS_PendListChangePrio                    0x08004043   Thumb Code    70  os_core.o(.text)
    OS_PendListInit                          0x08004089   Thumb Code    10  os_core.o(.text)
    OS_PendListInsertHead                    0x08004093   Thumb Code    32  os_core.o(.text)
    OS_PendObjDel1                           0x080040b3   Thumb Code    36  os_core.o(.text)
    OS_PendObjDel                            0x080040d7   Thumb Code   188  os_core.o(.text)
    OS_Post1                                 0x08004193   Thumb Code    42  os_core.o(.text)
    OS_Post                                  0x080041bd   Thumb Code   220  os_core.o(.text)
    OS_RdyListMoveHeadToTail                 0x08004299   Thumb Code    68  os_core.o(.text)
    OS_Dbg_Init                              0x080042dd   Thumb Code   146  os_dbg.o(.text)
    OS_FlagDbgListAdd                        0x08004485   Thumb Code    38  os_flag.o(.text)
    OSFlagCreate                             0x080044ab   Thumb Code   116  os_flag.o(.text)
    OS_FlagClr                               0x0800451f   Thumb Code    28  os_flag.o(.text)
    OS_FlagDbgListRemove                     0x0800453b   Thumb Code    44  os_flag.o(.text)
    OSFlagDel                                0x08004567   Thumb Code   306  os_flag.o(.text)
    OS_FlagBlock                             0x08004699   Thumb Code    54  os_flag.o(.text)
    OSFlagPend                               0x080046cf   Thumb Code  1240  os_flag.o(.text)
    OSFlagPendAbort                          0x08004ba7   Thumb Code   236  os_flag.o(.text)
    OSFlagPendGetFlagsRdy                    0x08004c93   Thumb Code    84  os_flag.o(.text)
    OS_FlagTaskRdy                           0x08004ce7   Thumb Code   106  os_flag.o(.text)
    OS_FlagPost                              0x08004d51   Thumb Code   408  os_flag.o(.text)
    OSFlagPost                               0x08004ee9   Thumb Code   112  os_flag.o(.text)
    OS_FlagInit                              0x08004f59   Thumb Code    14  os_flag.o(.text)
    OS_MemDbgListAdd                         0x08004f79   Thumb Code    34  os_mem.o(.text)
    OSMemCreate                              0x08004f9b   Thumb Code   232  os_mem.o(.text)
    OSMemGet                                 0x08005083   Thumb Code   100  os_mem.o(.text)
    OSMemPut                                 0x080050e7   Thumb Code   112  os_mem.o(.text)
    OS_MemInit                               0x08005157   Thumb Code    14  os_mem.o(.text)
    OS_MsgPoolInit                           0x08005175   Thumb Code   110  os_msg.o(.text)
    OS_MsgQFreeAll                           0x080051e3   Thumb Code    62  os_msg.o(.text)
    OS_MsgQInit                              0x08005221   Thumb Code    14  os_msg.o(.text)
    OS_MsgQGet                               0x0800522f   Thumb Code    98  os_msg.o(.text)
    OS_MsgQPut                               0x08005291   Thumb Code   250  os_msg.o(.text)
    OS_MutexDbgListAdd                       0x08005399   Thumb Code    38  os_mutex.o(.text)
    OSMutexCreate                            0x080053bf   Thumb Code   122  os_mutex.o(.text)
    OS_MutexClr                              0x08005439   Thumb Code    38  os_mutex.o(.text)
    OS_MutexDbgListRemove                    0x0800545f   Thumb Code    44  os_mutex.o(.text)
    OSMutexDel                               0x0800548b   Thumb Code   442  os_mutex.o(.text)
    OSMutexPend                              0x08005645   Thumb Code   618  os_mutex.o(.text)
    OSMutexPendAbort                         0x080058af   Thumb Code   236  os_mutex.o(.text)
    OSMutexPost                              0x0800599b   Thumb Code   354  os_mutex.o(.text)
    OS_MutexInit                             0x08005afd   Thumb Code    14  os_mutex.o(.text)
    OS_PrioInit                              0x08005b25   Thumb Code    20  os_prio.o(.text)
    OS_PrioGetHighest                        0x08005b39   Thumb Code    36  os_prio.o(.text)
    OS_PrioInsert                            0x08005b5d   Thumb Code    32  os_prio.o(.text)
    OS_PrioRemove                            0x08005b7d   Thumb Code    32  os_prio.o(.text)
    OS_QDbgListAdd                           0x08005ba1   Thumb Code    38  os_q.o(.text)
    OSQCreate                                0x08005bc7   Thumb Code   130  os_q.o(.text)
    OS_QClr                                  0x08005c49   Thumb Code    40  os_q.o(.text)
    OS_QDbgListRemove                        0x08005c71   Thumb Code    44  os_q.o(.text)
    OSQDel                                   0x08005c9d   Thumb Code   306  os_q.o(.text)
    OSQFlush                                 0x08005dcf   Thumb Code   106  os_q.o(.text)
    OSQPend                                  0x08005e39   Thumb Code   484  os_q.o(.text)
    OSQPendAbort                             0x0800601d   Thumb Code   236  os_q.o(.text)
    OS_QPost                                 0x08006109   Thumb Code   190  os_q.o(.text)
    OSQPost                                  0x080061c7   Thumb Code   144  os_q.o(.text)
    OS_QInit                                 0x08006257   Thumb Code    14  os_q.o(.text)
    OS_SemDbgListAdd                         0x08006279   Thumb Code    38  os_sem.o(.text)
    OSSemCreate                              0x0800629f   Thumb Code   116  os_sem.o(.text)
    OS_SemClr                                0x08006313   Thumb Code    28  os_sem.o(.text)
    OS_SemDbgListRemove                      0x0800632f   Thumb Code    44  os_sem.o(.text)
    OSSemDel                                 0x0800635b   Thumb Code   306  os_sem.o(.text)
    OSSemPend                                0x0800648d   Thumb Code   406  os_sem.o(.text)
    OSSemPendAbort                           0x08006623   Thumb Code   278  os_sem.o(.text)
    OS_SemPost                               0x08006739   Thumb Code   294  os_sem.o(.text)
    OSSemPost                                0x0800685f   Thumb Code   108  os_sem.o(.text)
    OSSemSet                                 0x080068cb   Thumb Code   120  os_sem.o(.text)
    OS_SemInit                               0x08006943   Thumb Code    14  os_sem.o(.text)
    OSStatReset                              0x08006961   Thumb Code   268  os_stat.o(.text)
    OSStatTaskCPUUsageInit                   0x08006a6d   Thumb Code   212  os_stat.o(.text)
    OS_StatTask                              0x08006b41   Thumb Code   766  os_stat.o(.text)
    OS_StatTaskInit                          0x08006e3f   Thumb Code   138  os_stat.o(.text)
    OSTaskChangePrio                         0x08006f0d   Thumb Code   274  os_task.o(.text)
    OS_TaskDbgListAdd                        0x0800701f   Thumb Code    42  os_task.o(.text)
    OS_TaskInitTCB                           0x08007049   Thumb Code   170  os_task.o(.text)
    OSTaskCreate                             0x080070f3   Thumb Code   390  os_task.o(.text)
    OS_TaskDbgListRemove                     0x08007279   Thumb Code    64  os_task.o(.text)
    OSTaskDel                                0x080072b9   Thumb Code   320  os_task.o(.text)
    OSTaskQFlush                             0x080073f9   Thumb Code   110  os_task.o(.text)
    OSTaskQPend                              0x08007467   Thumb Code   458  os_task.o(.text)
    OSTaskQPendAbort                         0x08007631   Thumb Code   186  os_task.o(.text)
    OS_TaskQPost                             0x080076eb   Thumb Code   238  os_task.o(.text)
    OSTaskQPost                              0x080077d9   Thumb Code    82  os_task.o(.text)
    OSTaskRegGet                             0x0800782b   Thumb Code    78  os_task.o(.text)
    OSTaskRegGetID                           0x08007879   Thumb Code    84  os_task.o(.text)
    OSTaskRegSet                             0x080078cd   Thumb Code    78  os_task.o(.text)
    OS_TaskResume                            0x0800791b   Thumb Code   256  os_task.o(.text)
    OSTaskResume                             0x08007a1b   Thumb Code    96  os_task.o(.text)
    OSTaskSemPend                            0x08007a7b   Thumb Code   482  os_task.o(.text)
    OSTaskSemPendAbort                       0x08007c5d   Thumb Code   214  os_task.o(.text)
    OS_TaskSemPost                           0x08007d33   Thumb Code   446  os_task.o(.text)
    OSTaskSemPost                            0x08007ef1   Thumb Code    62  os_task.o(.text)
    OSTaskSemSet                             0x08007f2f   Thumb Code    80  os_task.o(.text)
    OSTaskStkChk                             0x08007f7f   Thumb Code   214  os_task.o(.text)
    OS_TaskSuspend                           0x08008055   Thumb Code   272  os_task.o(.text)
    OSTaskSuspend                            0x08008165   Thumb Code    48  os_task.o(.text)
    OS_TaskInit                              0x08008195   Thumb Code    18  os_task.o(.text)
    OS_TaskReturn                            0x080081a7   Thumb Code    20  os_task.o(.text)
    OS_TickTask                              0x08008347   Thumb Code    98  os_tick.o(.text)
    OS_TickTaskInit                          0x080083a9   Thumb Code   142  os_tick.o(.text)
    OS_TickListInsert                        0x08008437   Thumb Code   134  os_tick.o(.text)
    OS_TickListInsertDly                     0x080084bd   Thumb Code   180  os_tick.o(.text)
    OS_TickListRemove                        0x08008571   Thumb Code    88  os_tick.o(.text)
    OS_TickListResetPeak                     0x080085c9   Thumb Code     2  os_tick.o(.text)
    OSTimeDly                                0x0800860d   Thumb Code   172  os_time.o(.text)
    OSTimeDlyHMSM                            0x080086b9   Thumb Code   384  os_time.o(.text)
    OSTimeDlyResume                          0x08008839   Thumb Code   334  os_time.o(.text)
    OSTimeGet                                0x08008987   Thumb Code    46  os_time.o(.text)
    OSTimeSet                                0x080089b5   Thumb Code    46  os_time.o(.text)
    OSTimeTick                               0x080089e3   Thumb Code    86  os_time.o(.text)
    OS_TmrDbgListAdd                         0x08008a47   Thumb Code    34  os_tmr.o(.text)
    OSTmrCreate                              0x08008a7d   Thumb Code   166  os_tmr.o(.text)
    OS_TmrClr                                0x08008b23   Thumb Code    34  os_tmr.o(.text)
    OS_TmrUnlink                             0x08008b45   Thumb Code    58  os_tmr.o(.text)
    OS_TmrDbgListRemove                      0x08008b7f   Thumb Code    44  os_tmr.o(.text)
    OSTmrDel                                 0x08008bab   Thumb Code   182  os_tmr.o(.text)
    OSTmrRemainGet                           0x08008c61   Thumb Code   154  os_tmr.o(.text)
    OSTmrStart                               0x08008cfb   Thumb Code   240  os_tmr.o(.text)
    OSTmrStateGet                            0x08008deb   Thumb Code   140  os_tmr.o(.text)
    OSTmrStop                                0x08008e77   Thumb Code   222  os_tmr.o(.text)
    OS_TmrTask                               0x08008f55   Thumb Code   134  os_tmr.o(.text)
    OS_TmrInit                               0x08008fdb   Thumb Code   202  os_tmr.o(.text)
    OS_TmrResetPeak                          0x080090a5   Thumb Code     2  os_tmr.o(.text)
    GPIO_DeInit                              0x08009119   Thumb Code   220  stm32f4xx_gpio.o(.text)
    GPIO_Init                                0x080091f5   Thumb Code   144  stm32f4xx_gpio.o(.text)
    GPIO_StructInit                          0x08009285   Thumb Code    18  stm32f4xx_gpio.o(.text)
    GPIO_PinLockConfig                       0x08009297   Thumb Code    34  stm32f4xx_gpio.o(.text)
    GPIO_ReadInputDataBit                    0x080092b9   Thumb Code    18  stm32f4xx_gpio.o(.text)
    GPIO_ReadInputData                       0x080092cb   Thumb Code     8  stm32f4xx_gpio.o(.text)
    GPIO_ReadOutputDataBit                   0x080092d3   Thumb Code    18  stm32f4xx_gpio.o(.text)
    GPIO_ReadOutputData                      0x080092e5   Thumb Code     8  stm32f4xx_gpio.o(.text)
    GPIO_SetBits                             0x080092ed   Thumb Code     4  stm32f4xx_gpio.o(.text)
    GPIO_ResetBits                           0x080092f1   Thumb Code     4  stm32f4xx_gpio.o(.text)
    GPIO_WriteBit                            0x080092f5   Thumb Code    10  stm32f4xx_gpio.o(.text)
    GPIO_Write                               0x080092ff   Thumb Code     4  stm32f4xx_gpio.o(.text)
    GPIO_ToggleBits                          0x08009303   Thumb Code     8  stm32f4xx_gpio.o(.text)
    GPIO_PinAFConfig                         0x0800930b   Thumb Code    70  stm32f4xx_gpio.o(.text)
    RCC_DeInit                               0x08009375   Thumb Code    60  stm32f4xx_rcc.o(.text)
    RCC_HSEConfig                            0x080093b1   Thumb Code    14  stm32f4xx_rcc.o(.text)
    RCC_GetFlagStatus                        0x080093bf   Thumb Code    60  stm32f4xx_rcc.o(.text)
    RCC_WaitForHSEStartUp                    0x080093fb   Thumb Code    56  stm32f4xx_rcc.o(.text)
    RCC_AdjustHSICalibrationValue            0x08009433   Thumb Code    20  stm32f4xx_rcc.o(.text)
    RCC_HSICmd                               0x08009447   Thumb Code     6  stm32f4xx_rcc.o(.text)
    RCC_LSEConfig                            0x0800944d   Thumb Code    46  stm32f4xx_rcc.o(.text)
    RCC_LSICmd                               0x0800947b   Thumb Code     6  stm32f4xx_rcc.o(.text)
    RCC_PLLConfig                            0x08009481   Thumb Code    32  stm32f4xx_rcc.o(.text)
    RCC_PLLCmd                               0x080094a1   Thumb Code     6  stm32f4xx_rcc.o(.text)
    RCC_PLLI2SConfig                         0x080094a7   Thumb Code    14  stm32f4xx_rcc.o(.text)
    RCC_PLLI2SCmd                            0x080094b5   Thumb Code     6  stm32f4xx_rcc.o(.text)
    RCC_ClockSecuritySystemCmd               0x080094bb   Thumb Code     6  stm32f4xx_rcc.o(.text)
    RCC_MCO1Config                           0x080094c1   Thumb Code    28  stm32f4xx_rcc.o(.text)
    RCC_MCO2Config                           0x080094dd   Thumb Code    28  stm32f4xx_rcc.o(.text)
    RCC_SYSCLKConfig                         0x080094f9   Thumb Code    20  stm32f4xx_rcc.o(.text)
    RCC_GetSYSCLKSource                      0x0800950d   Thumb Code    12  stm32f4xx_rcc.o(.text)
    RCC_HCLKConfig                           0x08009519   Thumb Code    20  stm32f4xx_rcc.o(.text)
    RCC_PCLK1Config                          0x0800952d   Thumb Code    20  stm32f4xx_rcc.o(.text)
    RCC_PCLK2Config                          0x08009541   Thumb Code    22  stm32f4xx_rcc.o(.text)
    RCC_GetClocksFreq                        0x08009557   Thumb Code   222  stm32f4xx_rcc.o(.text)
    RCC_RTCCLKConfig                         0x08009635   Thumb Code    54  stm32f4xx_rcc.o(.text)
    RCC_RTCCLKCmd                            0x0800966b   Thumb Code     8  stm32f4xx_rcc.o(.text)
    RCC_BackupResetCmd                       0x08009673   Thumb Code     8  stm32f4xx_rcc.o(.text)
    RCC_I2SCLKConfig                         0x0800967b   Thumb Code     6  stm32f4xx_rcc.o(.text)
    RCC_AHB1PeriphClockCmd                   0x08009681   Thumb Code    34  stm32f4xx_rcc.o(.text)
    RCC_AHB2PeriphClockCmd                   0x080096a3   Thumb Code    34  stm32f4xx_rcc.o(.text)
    RCC_AHB3PeriphClockCmd                   0x080096c5   Thumb Code    34  stm32f4xx_rcc.o(.text)
    RCC_APB1PeriphClockCmd                   0x080096e7   Thumb Code    34  stm32f4xx_rcc.o(.text)
    RCC_APB2PeriphClockCmd                   0x08009709   Thumb Code    34  stm32f4xx_rcc.o(.text)
    RCC_AHB1PeriphResetCmd                   0x0800972b   Thumb Code    34  stm32f4xx_rcc.o(.text)
    RCC_AHB2PeriphResetCmd                   0x0800974d   Thumb Code    72  stm32f4xx_rcc.o(.text)
    RCC_AHB3PeriphResetCmd                   0x08009795   Thumb Code    34  stm32f4xx_rcc.o(.text)
    RCC_APB1PeriphResetCmd                   0x080097b7   Thumb Code    34  stm32f4xx_rcc.o(.text)
    RCC_APB2PeriphResetCmd                   0x080097d9   Thumb Code    34  stm32f4xx_rcc.o(.text)
    RCC_AHB1PeriphClockLPModeCmd             0x080097fb   Thumb Code    34  stm32f4xx_rcc.o(.text)
    RCC_AHB2PeriphClockLPModeCmd             0x0800981d   Thumb Code    34  stm32f4xx_rcc.o(.text)
    RCC_AHB3PeriphClockLPModeCmd             0x0800983f   Thumb Code    34  stm32f4xx_rcc.o(.text)
    RCC_APB1PeriphClockLPModeCmd             0x08009861   Thumb Code    34  stm32f4xx_rcc.o(.text)
    RCC_APB2PeriphClockLPModeCmd             0x08009883   Thumb Code    34  stm32f4xx_rcc.o(.text)
    RCC_ITConfig                             0x080098a5   Thumb Code    34  stm32f4xx_rcc.o(.text)
    RCC_ClearFlag                            0x080098c7   Thumb Code    18  stm32f4xx_rcc.o(.text)
    RCC_GetITStatus                          0x080098d9   Thumb Code    22  stm32f4xx_rcc.o(.text)
    RCC_ClearITPendingBit                    0x080098ef   Thumb Code     8  stm32f4xx_rcc.o(.text)
    __aeabi_uldivmod                         0x080098fd   Thumb Code    98  uldiv.o(.text)
    __aeabi_llsl                             0x0800995f   Thumb Code    30  llshl.o(.text)
    _ll_shift_l                              0x0800995f   Thumb Code     0  llshl.o(.text)
    __aeabi_llsr                             0x0800997d   Thumb Code    32  llushr.o(.text)
    _ll_ushift_r                             0x0800997d   Thumb Code     0  llushr.o(.text)
    __scatterload                            0x0800999d   Thumb Code    28  init.o(.text)
    __scatterload_rt2                        0x0800999d   Thumb Code     0  init.o(.text)
    OS_CPU_FP_Reg_Push                       0x080099c1   Thumb Code     0  os_cpu_a.o(CODE)
    OS_CPU_FP_Reg_Pop                        0x080099db   Thumb Code     0  os_cpu_a.o(CODE)
    OSStartHighRdy                           0x080099ed   Thumb Code     0  os_cpu_a.o(CODE)
    OSCtxSw                                  0x08009a0f   Thumb Code     0  os_cpu_a.o(CODE)
    OSIntCtxSw                               0x08009a19   Thumb Code     0  os_cpu_a.o(CODE)
    OS_CPU_PendSVHandler                     0x08009a23   Thumb Code     0  os_cpu_a.o(CODE)
    __scatterload_copy                       0x08009a85   Thumb Code    14  handlers.o(i.__scatterload_copy)
    __scatterload_null                       0x08009a93   Thumb Code     2  handlers.o(i.__scatterload_null)
    __scatterload_zeroinit                   0x08009a95   Thumb Code    14  handlers.o(i.__scatterload_zeroinit)
    CPU_EndiannessTest                       0x08009ba4   Data           4  cpu_core.o(.constdata)
    OSCfg_IdleTaskStkBasePtr                 0x08009c3c   Data           4  os_cfg_app.o(.constdata)
    OSCfg_IdleTaskStkLimit                   0x08009c40   Data           4  os_cfg_app.o(.constdata)
    OSCfg_IdleTaskStkSize                    0x08009c44   Data           4  os_cfg_app.o(.constdata)
    OSCfg_IdleTaskStkSizeRAM                 0x08009c48   Data           4  os_cfg_app.o(.constdata)
    OSCfg_IntQBasePtr                        0x08009c4c   Data           4  os_cfg_app.o(.constdata)
    OSCfg_IntQSize                           0x08009c50   Data           2  os_cfg_app.o(.constdata)
    OSCfg_IntQSizeRAM                        0x08009c54   Data           4  os_cfg_app.o(.constdata)
    OSCfg_IntQTaskStkBasePtr                 0x08009c58   Data           4  os_cfg_app.o(.constdata)
    OSCfg_IntQTaskStkLimit                   0x08009c5c   Data           4  os_cfg_app.o(.constdata)
    OSCfg_IntQTaskStkSize                    0x08009c60   Data           4  os_cfg_app.o(.constdata)
    OSCfg_IntQTaskStkSizeRAM                 0x08009c64   Data           4  os_cfg_app.o(.constdata)
    OSCfg_ISRStkBasePtr                      0x08009c68   Data           4  os_cfg_app.o(.constdata)
    OSCfg_ISRStkSize                         0x08009c6c   Data           4  os_cfg_app.o(.constdata)
    OSCfg_ISRStkSizeRAM                      0x08009c70   Data           4  os_cfg_app.o(.constdata)
    OSCfg_MsgPoolSize                        0x08009c74   Data           2  os_cfg_app.o(.constdata)
    OSCfg_MsgPoolSizeRAM                     0x08009c78   Data           4  os_cfg_app.o(.constdata)
    OSCfg_MsgPoolBasePtr                     0x08009c7c   Data           4  os_cfg_app.o(.constdata)
    OSCfg_StatTaskPrio                       0x08009c80   Data           1  os_cfg_app.o(.constdata)
    OSCfg_StatTaskRate_Hz                    0x08009c84   Data           4  os_cfg_app.o(.constdata)
    OSCfg_StatTaskStkBasePtr                 0x08009c88   Data           4  os_cfg_app.o(.constdata)
    OSCfg_StatTaskStkLimit                   0x08009c8c   Data           4  os_cfg_app.o(.constdata)
    OSCfg_StatTaskStkSize                    0x08009c90   Data           4  os_cfg_app.o(.constdata)
    OSCfg_StatTaskStkSizeRAM                 0x08009c94   Data           4  os_cfg_app.o(.constdata)
    OSCfg_StkSizeMin                         0x08009c98   Data           4  os_cfg_app.o(.constdata)
    OSCfg_TickRate_Hz                        0x08009c9c   Data           4  os_cfg_app.o(.constdata)
    OSCfg_TickTaskPrio                       0x08009ca0   Data           1  os_cfg_app.o(.constdata)
    OSCfg_TickTaskStkBasePtr                 0x08009ca4   Data           4  os_cfg_app.o(.constdata)
    OSCfg_TickTaskStkLimit                   0x08009ca8   Data           4  os_cfg_app.o(.constdata)
    OSCfg_TickTaskStkSize                    0x08009cac   Data           4  os_cfg_app.o(.constdata)
    OSCfg_TickTaskStkSizeRAM                 0x08009cb0   Data           4  os_cfg_app.o(.constdata)
    OSCfg_TmrTaskPrio                        0x08009cb4   Data           1  os_cfg_app.o(.constdata)
    OSCfg_TmrTaskRate_Hz                     0x08009cb8   Data           4  os_cfg_app.o(.constdata)
    OSCfg_TmrTaskStkBasePtr                  0x08009cbc   Data           4  os_cfg_app.o(.constdata)
    OSCfg_TmrTaskStkLimit                    0x08009cc0   Data           4  os_cfg_app.o(.constdata)
    OSCfg_TmrTaskStkSize                     0x08009cc4   Data           4  os_cfg_app.o(.constdata)
    OSCfg_TmrTaskStkSizeRAM                  0x08009cc8   Data           4  os_cfg_app.o(.constdata)
    OSCfg_DataSizeRAM                        0x08009ccc   Data           4  os_cfg_app.o(.constdata)
    OSDbg_DbgEn                              0x08009cd0   Data           1  os_dbg.o(.constdata)
    OSDbg_ArgChkEn                           0x08009cd1   Data           1  os_dbg.o(.constdata)
    OSDbg_AppHooksEn                         0x08009cd2   Data           1  os_dbg.o(.constdata)
    OSDbg_EndiannessTest                     0x08009cd4   Data           4  os_dbg.o(.constdata)
    OSDbg_CalledFromISRChkEn                 0x08009cd8   Data           1  os_dbg.o(.constdata)
    OSDbg_FlagEn                             0x08009cd9   Data           1  os_dbg.o(.constdata)
    OSDbg_FlagGrp                            0x08009cdc   Data          40  os_dbg.o(.constdata)
    OSDbg_FlagDelEn                          0x08009d04   Data           1  os_dbg.o(.constdata)
    OSDbg_FlagModeClrEn                      0x08009d05   Data           1  os_dbg.o(.constdata)
    OSDbg_FlagPendAbortEn                    0x08009d06   Data           1  os_dbg.o(.constdata)
    OSDbg_FlagGrpSize                        0x08009d08   Data           2  os_dbg.o(.constdata)
    OSDbg_FlagWidth                          0x08009d0a   Data           2  os_dbg.o(.constdata)
    OSDbg_IntQ                               0x08009d0c   Data           2  os_dbg.o(.constdata)
    OSDbg_ISRPostDeferredEn                  0x08009d0e   Data           1  os_dbg.o(.constdata)
    OSDbg_Mem                                0x08009d10   Data          32  os_dbg.o(.constdata)
    OSDbg_MemEn                              0x08009d30   Data           1  os_dbg.o(.constdata)
    OSDbg_MemSize                            0x08009d32   Data           2  os_dbg.o(.constdata)
    OSDbg_MsgEn                              0x08009d34   Data           1  os_dbg.o(.constdata)
    OSDbg_MsgSize                            0x08009d36   Data           2  os_dbg.o(.constdata)
    OSDbg_MsgPoolSize                        0x08009d38   Data           2  os_dbg.o(.constdata)
    OSDbg_MsgQSize                           0x08009d3a   Data           2  os_dbg.o(.constdata)
    OSDbg_Mutex                              0x08009d3c   Data          44  os_dbg.o(.constdata)
    OSDbg_MutexEn                            0x08009d68   Data           1  os_dbg.o(.constdata)
    OSDbg_MutexDelEn                         0x08009d69   Data           1  os_dbg.o(.constdata)
    OSDbg_MutexPendAbortEn                   0x08009d6a   Data           1  os_dbg.o(.constdata)
    OSDbg_MutexSize                          0x08009d6c   Data           2  os_dbg.o(.constdata)
    OSDbg_ObjTypeChkEn                       0x08009d6e   Data           1  os_dbg.o(.constdata)
    OSDbg_PendMultiEn                        0x08009d6f   Data           1  os_dbg.o(.constdata)
    OSDbg_PendDataSize                       0x08009d70   Data           2  os_dbg.o(.constdata)
    OSDbg_PendListSize                       0x08009d72   Data           2  os_dbg.o(.constdata)
    OSDbg_PendObjSize                        0x08009d74   Data           2  os_dbg.o(.constdata)
    OSDbg_PrioMax                            0x08009d76   Data           2  os_dbg.o(.constdata)
    OSDbg_PrioTblSize                        0x08009d78   Data           2  os_dbg.o(.constdata)
    OSDbg_PtrSize                            0x08009d7a   Data           2  os_dbg.o(.constdata)
    OSDbg_Q                                  0x08009d7c   Data          48  os_dbg.o(.constdata)
    OSDbg_QEn                                0x08009dac   Data           1  os_dbg.o(.constdata)
    OSDbg_QDelEn                             0x08009dad   Data           1  os_dbg.o(.constdata)
    OSDbg_QFlushEn                           0x08009dae   Data           1  os_dbg.o(.constdata)
    OSDbg_QPendAbortEn                       0x08009daf   Data           1  os_dbg.o(.constdata)
    OSDbg_QSize                              0x08009db0   Data           2  os_dbg.o(.constdata)
    OSDbg_SchedRoundRobinEn                  0x08009db2   Data           1  os_dbg.o(.constdata)
    OSDbg_Sem                                0x08009db4   Data          40  os_dbg.o(.constdata)
    OSDbg_SemEn                              0x08009ddc   Data           1  os_dbg.o(.constdata)
    OSDbg_SemDelEn                           0x08009ddd   Data           1  os_dbg.o(.constdata)
    OSDbg_SemPendAbortEn                     0x08009dde   Data           1  os_dbg.o(.constdata)
    OSDbg_SemSetEn                           0x08009ddf   Data           1  os_dbg.o(.constdata)
    OSDbg_SemSize                            0x08009de0   Data           2  os_dbg.o(.constdata)
    OSDbg_RdyList                            0x08009de2   Data           2  os_dbg.o(.constdata)
    OSDbg_RdyListSize                        0x08009de4   Data           4  os_dbg.o(.constdata)
    OSDbg_StkWidth                           0x08009de8   Data           1  os_dbg.o(.constdata)
    OSDbg_StatTaskEn                         0x08009de9   Data           1  os_dbg.o(.constdata)
    OSDbg_StatTaskStkChkEn                   0x08009dea   Data           1  os_dbg.o(.constdata)
    OSDbg_TaskChangePrioEn                   0x08009deb   Data           1  os_dbg.o(.constdata)
    OSDbg_TaskDelEn                          0x08009dec   Data           1  os_dbg.o(.constdata)
    OSDbg_TaskQEn                            0x08009ded   Data           1  os_dbg.o(.constdata)
    OSDbg_TaskQPendAbortEn                   0x08009dee   Data           1  os_dbg.o(.constdata)
    OSDbg_TaskProfileEn                      0x08009def   Data           1  os_dbg.o(.constdata)
    OSDbg_TaskRegTblSize                     0x08009df0   Data           2  os_dbg.o(.constdata)
    OSDbg_TaskSemPendAbortEn                 0x08009df2   Data           1  os_dbg.o(.constdata)
    OSDbg_TaskSuspendEn                      0x08009df3   Data           1  os_dbg.o(.constdata)
    OSDbg_TCBSize                            0x08009df4   Data           2  os_dbg.o(.constdata)
    OSDbg_TickListSize                       0x08009df6   Data           2  os_dbg.o(.constdata)
    OSDbg_TimeDlyHMSMEn                      0x08009df8   Data           1  os_dbg.o(.constdata)
    OSDbg_TimeDlyResumeEn                    0x08009df9   Data           1  os_dbg.o(.constdata)
    OSDbg_TLS_TblSize                        0x08009dfa   Data           2  os_dbg.o(.constdata)
    OSDbg_Tmr                                0x08009dfc   Data          48  os_dbg.o(.constdata)
    OSDbg_TmrEn                              0x08009e2c   Data           1  os_dbg.o(.constdata)
    OSDbg_TmrDelEn                           0x08009e2d   Data           1  os_dbg.o(.constdata)
    OSDbg_TmrSize                            0x08009e2e   Data           2  os_dbg.o(.constdata)
    OSDbg_VersionNbr                         0x08009e30   Data           2  os_dbg.o(.constdata)
    OSDbg_DataSize                           0x08009e34   Data           4  os_dbg.o(.constdata)
    Region$$Table$$Base                      0x08009e38   Number         0  anon$$obj.o(Region$$Table)
    Region$$Table$$Limit                     0x08009e58   Number         0  anon$$obj.o(Region$$Table)
    CPU_TS_TmrFreq_Hz                        0x20000000   Data           4  cpu_core.o(.data)
    Math_RandSeedCur                         0x20000004   Data           4  lib_math.o(.data)
    Mem_PoolTbl                              0x20000008   Data           4  lib_mem.o(.data)
    OS_CPU_ExceptStkBase                     0x2000000c   Data           4  os_cpu_c.o(.data)
    OSPrioTbl                                0x20000010   Data           8  os_prio.o(.data)
    OS_AppTaskCreateHookPtr                  0x20000018   Data           4  os_var.o(.data)
    OS_AppTaskDelHookPtr                     0x2000001c   Data           4  os_var.o(.data)
    OS_AppTaskReturnHookPtr                  0x20000020   Data           4  os_var.o(.data)
    OS_AppIdleTaskHookPtr                    0x20000024   Data           4  os_var.o(.data)
    OS_AppStatTaskHookPtr                    0x20000028   Data           4  os_var.o(.data)
    OS_AppTaskSwHookPtr                      0x2000002c   Data           4  os_var.o(.data)
    OS_AppTimeTickHookPtr                    0x20000030   Data           4  os_var.o(.data)
    OSIdleTaskCtr                            0x20000034   Data           4  os_var.o(.data)
    OSIntNestingCtr                          0x20000038   Data           1  os_var.o(.data)
    OSRunning                                0x20000039   Data           1  os_var.o(.data)
    OSFlagDbgListPtr                         0x2000003c   Data           4  os_var.o(.data)
    OSFlagQty                                0x20000040   Data           2  os_var.o(.data)
    OSMemDbgListPtr                          0x20000044   Data           4  os_var.o(.data)
    OSMemQty                                 0x20000048   Data           2  os_var.o(.data)
    OSMutexDbgListPtr                        0x2000004c   Data           4  os_var.o(.data)
    OSMutexQty                               0x20000050   Data           2  os_var.o(.data)
    OSPrioCur                                0x20000052   Data           1  os_var.o(.data)
    OSPrioHighRdy                            0x20000053   Data           1  os_var.o(.data)
    OSPrioSaved                              0x20000054   Data           1  os_var.o(.data)
    OSQDbgListPtr                            0x20000058   Data           4  os_var.o(.data)
    OSQQty                                   0x2000005c   Data           2  os_var.o(.data)
    OSSchedLockTimeBegin                     0x20000060   Data           4  os_var.o(.data)
    OSSchedLockTimeMax                       0x20000064   Data           4  os_var.o(.data)
    OSSchedLockTimeMaxCur                    0x20000068   Data           4  os_var.o(.data)
    OSSchedLockNestingCtr                    0x2000006c   Data           1  os_var.o(.data)
    OSSemDbgListPtr                          0x20000070   Data           4  os_var.o(.data)
    OSSemQty                                 0x20000074   Data           2  os_var.o(.data)
    OSStatResetFlag                          0x20000076   Data           1  os_var.o(.data)
    OSStatTaskCPUUsage                       0x20000078   Data           2  os_var.o(.data)
    OSStatTaskCPUUsageMax                    0x2000007a   Data           2  os_var.o(.data)
    OSStatTaskCtr                            0x2000007c   Data           4  os_var.o(.data)
    OSStatTaskCtrMax                         0x20000080   Data           4  os_var.o(.data)
    OSStatTaskCtrRun                         0x20000084   Data           4  os_var.o(.data)
    OSStatTaskRdy                            0x20000088   Data           1  os_var.o(.data)
    OSStatTaskTimeMax                        0x2000008c   Data           4  os_var.o(.data)
    OSTaskCtxSwCtr                           0x20000090   Data           4  os_var.o(.data)
    OSTaskDbgListPtr                         0x20000094   Data           4  os_var.o(.data)
    OSTaskQty                                0x20000098   Data           2  os_var.o(.data)
    OSTaskRegNextAvailID                     0x2000009a   Data           1  os_var.o(.data)
    OSTickCtr                                0x2000009c   Data           4  os_var.o(.data)
    OSTickTaskTimeMax                        0x200000a0   Data           4  os_var.o(.data)
    OSTickListDly                            0x200000a4   Data           8  os_var.o(.data)
    OSTickListTimeout                        0x200000ac   Data           8  os_var.o(.data)
    OSTmrDbgListPtr                          0x200000b4   Data           4  os_var.o(.data)
    OSTmrListEntries                         0x200000b8   Data           2  os_var.o(.data)
    OSTmrListPtr                             0x200000bc   Data           4  os_var.o(.data)
    OSTmrQty                                 0x200000c0   Data           2  os_var.o(.data)
    OSTmrTaskTimeMax                         0x200000c4   Data           4  os_var.o(.data)
    OSTmrTickCtr                             0x200000c8   Data           4  os_var.o(.data)
    OSTmrUpdateCnt                           0x200000cc   Data           4  os_var.o(.data)
    OSTmrUpdateCtr                           0x200000d0   Data           4  os_var.o(.data)
    OSTCBCurPtr                              0x200000d4   Data           4  os_var.o(.data)
    OSTCBHighRdyPtr                          0x200000d8   Data           4  os_var.o(.data)
    CPU_Name                                 0x20000510   Data          16  cpu_core.o(.bss)
    Mem_PoolHeap                             0x20000520   Data          72  lib_mem.o(.bss)
    Mem_Heap                                 0x20000568   Data        1024  lib_mem.o(.bss)
    OSCfg_IdleTaskStk                        0x20000968   Data         512  os_cfg_app.o(.bss)
    OSCfg_ISRStk                             0x20000b68   Data         512  os_cfg_app.o(.bss)
    OSCfg_MsgPool                            0x20000d68   Data        1600  os_cfg_app.o(.bss)
    OSCfg_StatTaskStk                        0x200013a8   Data         512  os_cfg_app.o(.bss)
    OSCfg_TickTaskStk                        0x200015a8   Data         512  os_cfg_app.o(.bss)
    OSCfg_TmrTaskStk                         0x200017a8   Data         512  os_cfg_app.o(.bss)
    OSIdleTaskTCB                            0x200019a8   Data         184  os_var.o(.bss)
    OSMsgPool                                0x20001a60   Data          12  os_var.o(.bss)
    OSRdyList                                0x20001a6c   Data         768  os_var.o(.bss)
    OSStatTaskTCB                            0x20001d6c   Data         184  os_var.o(.bss)
    OSTickTaskTCB                            0x20001e24   Data         184  os_var.o(.bss)
    OSTmrMutex                               0x20001edc   Data          44  os_var.o(.bss)
    OSTmrTaskTCB                             0x20001f08   Data         184  os_var.o(.bss)
    __initial_sp                             0x200023c0   Data           0  cstartup.o(STACK)



==============================================================================

Memory Map of the image

  Image Entry point : 0x080001ad

  Load Region LR_IROM1 (Base: 0x08000000, Size: 0x00009f44, Max: 0x00200000, ABSOLUTE)

    Execution Region ER_IROM1 (Base: 0x08000000, Size: 0x00009e58, Max: 0x00200000, ABSOLUTE)

    Base Addr    Size         Type   Attr      Idx    E Section Name        Object

    0x08000000   0x000001ac   Data   RO          293    RESET               cstartup.o
    0x080001ac   0x00000000   Code   RO         1275  * .ARM.Collect$$$$00000000  mc_w.l(entry.o)
    0x080001ac   0x00000004   Code   RO         1280    .ARM.Collect$$$$00000001  mc_w.l(entry2.o)
    0x080001b0   0x00000004   Code   RO         1283    .ARM.Collect$$$$00000004  mc_w.l(entry5.o)
    0x080001b4   0x00000000   Code   RO         1285    .ARM.Collect$$$$00000008  mc_w.l(entry7b.o)
    0x080001b4   0x00000000   Code   RO         1287    .ARM.Collect$$$$0000000A  mc_w.l(entry8b.o)
    0x080001b4   0x00000008   Code   RO         1288    .ARM.Collect$$$$0000000B  mc_w.l(entry9a.o)
    0x080001bc   0x00000000   Code   RO         1290    .ARM.Collect$$$$0000000D  mc_w.l(entry10a.o)
    0x080001bc   0x00000000   Code   RO         1292    .ARM.Collect$$$$0000000F  mc_w.l(entry11a.o)
    0x080001bc   0x00000004   Code   RO         1281    .ARM.Collect$$$$00002712  mc_w.l(entry2.o)
    0x080001c0   0x0000010c   Code   RO            3    .text               app.o
    0x080002cc   0x000003f0   Code   RO          218    .text               bsp.o
    0x080006bc   0x00000480   Code   RO          251    .text               bsp_int.o
    0x08000b3c   0x000004ec   Code   RO          273    .text               bsp_periph.o
    0x08001028   0x00000040   Code   RO          294    .text               cstartup.o
    0x08001068   0x00000034   Code   RO          298    .text               cpu_a.o
    0x0800109c   0x00000760   Code   RO          301    .text               cpu_c.o
    0x080017fc   0x000002b0   Code   RO          313    .text               cpu_core.o
    0x08001aac   0x00000256   Code   RO          333    .text               lib_ascii.o
    0x08001d02   0x00000002   PAD
    0x08001d04   0x00000080   Code   RO          348    .text               lib_math.o
    0x08001d84   0x000009c6   Code   RO          366    .text               lib_mem.o
    0x0800274a   0x00000002   PAD
    0x0800274c   0x0000092c   Code   RO          385    .text               lib_str.o
    0x08003078   0x00000220   Code   RO          402    .text               lib_mem_a.o
    0x08003298   0x00000490   Code   RO          405    .text               os_cpu_c.o
    0x08003728   0x00000002   Code   RO          426    .text               os_cfg_app.o
    0x0800372a   0x00000002   PAD
    0x0800372c   0x00000bb0   Code   RO          449    .text               os_core.o
    0x080042dc   0x000001a8   Code   RO          461    .text               os_dbg.o
    0x08004484   0x00000af4   Code   RO          476    .text               os_flag.o
    0x08004f78   0x000001fc   Code   RO          494    .text               os_mem.o
    0x08005174   0x00000224   Code   RO          506    .text               os_msg.o
    0x08005398   0x0000078c   Code   RO          518    .text               os_mutex.o
    0x08005b24   0x0000007c   Code   RO          536    .text               os_prio.o
    0x08005ba0   0x000006d8   Code   RO          555    .text               os_q.o
    0x08006278   0x000006e8   Code   RO          567    .text               os_sem.o
    0x08006960   0x000005ac   Code   RO          579    .text               os_stat.o
    0x08006f0c   0x000012cc   Code   RO          591    .text               os_task.o
    0x080081d8   0x00000434   Code   RO          603    .text               os_tick.o
    0x0800860c   0x0000042c   Code   RO          615    .text               os_time.o
    0x08008a38   0x000006e0   Code   RO          627    .text               os_tmr.o
    0x08009118   0x0000025c   Code   RO          955    .text               stm32f4xx_gpio.o
    0x08009374   0x00000588   Code   RO         1095    .text               stm32f4xx_rcc.o
    0x080098fc   0x00000062   Code   RO         1278    .text               mc_w.l(uldiv.o)
    0x0800995e   0x0000001e   Code   RO         1294    .text               mc_w.l(llshl.o)
    0x0800997c   0x00000020   Code   RO         1296    .text               mc_w.l(llushr.o)
    0x0800999c   0x00000024   Code   RO         1298    .text               mc_w.l(init.o)
    0x080099c0   0x000000c4   Code   RO          423    CODE                os_cpu_a.o
    0x08009a84   0x0000000e   Code   RO         1302    i.__scatterload_copy  mc_w.l(handlers.o)
    0x08009a92   0x00000002   Code   RO         1303    i.__scatterload_null  mc_w.l(handlers.o)
    0x08009a94   0x0000000e   Code   RO         1304    i.__scatterload_zeroinit  mc_w.l(handlers.o)
    0x08009aa2   0x00000002   PAD
    0x08009aa4   0x00000104   Data   RO          315    .constdata          cpu_core.o
    0x08009ba8   0x00000094   Data   RO          386    .constdata          lib_str.o
    0x08009c3c   0x00000094   Data   RO          428    .constdata          os_cfg_app.o
    0x08009cd0   0x00000168   Data   RO          462    .constdata          os_dbg.o
    0x08009e38   0x00000020   Data   RO         1300    Region$$Table       anon$$obj.o


    Execution Region RW_IRAM1 (Base: 0x20000000, Size: 0x000023c0, Max: 0x00030000, ABSOLUTE)

    Base Addr    Size         Type   Attr      Idx    E Section Name        Object

    0x20000000   0x00000004   Data   RW          316    .data               cpu_core.o
    0x20000004   0x00000004   Data   RW          349    .data               lib_math.o
    0x20000008   0x00000004   Data   RW          368    .data               lib_mem.o
    0x2000000c   0x00000004   Data   RW          406    .data               os_cpu_c.o
    0x20000010   0x00000008   Data   RW          537    .data               os_prio.o
    0x20000018   0x000000c4   Data   RW          640    .data               os_var.o
    0x200000dc   0x00000010   Data   RW         1096    .data               stm32f4xx_rcc.o
    0x200000ec   0x000002b8   Zero   RW            4    .bss                app.o
    0x200003a4   0x0000016c   Zero   RW          252    .bss                bsp_int.o
    0x20000510   0x00000010   Zero   RW          314    .bss                cpu_core.o
    0x20000520   0x00000448   Zero   RW          367    .bss                lib_mem.o
    0x20000968   0x00001040   Zero   RW          427    .bss                os_cfg_app.o
    0x200019a8   0x00000618   Zero   RW          639    .bss                os_var.o
    0x20001fc0   0x00000400   Zero   RW          291    STACK               cstartup.o


==============================================================================

Image component sizes


      Code (inc. data)   RO Data    RW Data    ZI Data      Debug   Object Name

       268         32          0          0        696     270738   app.o
      1008         64          0          0          0      11775   bsp.o
      1152          8          0          0        364      15149   bsp_int.o
      1260        274          0          0          0       1546   bsp_periph.o
        52          0          0          0          0        384   cpu_a.o
      1888        104          0          0          0       3597   cpu_c.o
       688         12        260          4         16       7163   cpu_core.o
        64         14        428          0       1024        748   cstartup.o
       598          0          0          0          0       3852   lib_ascii.o
       128          8          0          4          0       2168   lib_math.o
      2502         32          0          4       1096      22192   lib_mem.o
       544          0          0          0          0        532   lib_mem_a.o
      2348          6        148          0          0      13398   lib_str.o
         2          0        148          0       4160      19483   os_cfg_app.o
      2992        212          0          0          0      10893   os_core.o
       196         32          0          0          0        464   os_cpu_a.o
      1168        170          0          4          0       4297   os_cpu_c.o
       424        278        360          0          0       4953   os_dbg.o
      2804         84          0          0          0       7783   os_flag.o
       508         16          0          0          0       2924   os_mem.o
       548         14          0          0          0       2838   os_msg.o
      1932         84          0          0          0       5466   os_mutex.o
       124          4          0          8          0       2132   os_prio.o
      1752         58          0          0          0       6272   os_q.o
      1768         58          0          0          0       6316   os_sem.o
      1452        150          0          0          0       2901   os_stat.o
      4812        180          0          0          0      12634   os_task.o
      1076         66          0          0          0       3900   os_tick.o
      1068         44          0          0          0       3221   os_time.o
      1760        156          0          0          0       6259   os_tmr.o
         0          0          0        196       1560      17960   os_var.o
       604         36          0          0          0       4269   stm32f4xx_gpio.o
      1416         48          0         16          0      11263   stm32f4xx_rcc.o

    ----------------------------------------------------------------------
     38912       2244       1376        236       8916     489470   Object Totals
         0          0         32          0          0          0   (incl. Generated)
         6          0          0          0          0          0   (incl. Padding)

    ----------------------------------------------------------------------

      Code (inc. data)   RO Data    RW Data    ZI Data      Debug   Library Member Name

         0          0          0          0          0          0   entry.o
         0          0          0          0          0          0   entry10a.o
         0          0          0          0          0          0   entry11a.o
         8          4          0          0          0          0   entry2.o
         4          0          0          0          0          0   entry5.o
         0          0          0          0          0          0   entry7b.o
         0          0          0          0          0          0   entry8b.o
         8          4          0          0          0          0   entry9a.o
        30          0          0          0          0          0   handlers.o
        36          8          0          0          0         68   init.o
        30          0          0          0          0         68   llshl.o
        32          0          0          0          0         68   llushr.o
        98          0          0          0          0         92   uldiv.o

    ----------------------------------------------------------------------
       248         16          0          0          0        296   Library Totals
         2          0          0          0          0          0   (incl. Padding)

    ----------------------------------------------------------------------

      Code (inc. data)   RO Data    RW Data    ZI Data      Debug   Library Name

       246         16          0          0          0        296   mc_w.l

    ----------------------------------------------------------------------
       248         16          0          0          0        296   Library Totals

    ----------------------------------------------------------------------

==============================================================================


      Code (inc. data)   RO Data    RW Data    ZI Data      Debug   

     39160       2260       1376        236       8916     482714   Grand Totals
     39160       2260       1376        236       8916     482714   ELF Image Totals
     39160       2260       1376        236          0          0   ROM Totals

==============================================================================

    Total RO  Size (Code + RO Data)                40536 (  39.59kB)
    Total RW  Size (RW Data + ZI Data)              9152 (   8.94kB)
    Total ROM Size (Code + RO Data + RW Data)      40772 (  39.82kB)

==============================================================================

