ARM Linker, 5.03 [Build 76] [MDK-ARM Standard]

==============================================================================

Removing Unused input sections from the image.

    Removing main.o(.rev16_text), (4 bytes).
    Removing main.o(.revsh_text), (4 bytes).
    Removing stm32f4xx_it.o(.rev16_text), (4 bytes).
    Removing stm32f4xx_it.o(.revsh_text), (4 bytes).
    Removing system_stm32f4xx.o(.rev16_text), (4 bytes).
    Removing system_stm32f4xx.o(.revsh_text), (4 bytes).
    Removing led.o(.rev16_text), (4 bytes).
    Removing led.o(.revsh_text), (4 bytes).
    Removing dev_uart.o(.rev16_text), (4 bytes).
    Removing dev_uart.o(.revsh_text), (4 bytes).
    Removing dev_key.o(.rev16_text), (4 bytes).
    Removing dev_key.o(.revsh_text), (4 bytes).
    Removing dev_time.o(.rev16_text), (4 bytes).
    Removing dev_time.o(.revsh_text), (4 bytes).
    Removing sdio_sdcard.o(.rev16_text), (4 bytes).
    Removing sdio_sdcard.o(.revsh_text), (4 bytes).
    Removing dma.o(.rev16_text), (4 bytes).
    Removing dma.o(.revsh_text), (4 bytes).
    Removing dma.o(.text), (176 bytes).
    Removing spi.o(.rev16_text), (4 bytes).
    Removing spi.o(.revsh_text), (4 bytes).
    Removing spi.o(.text), (284 bytes).
    Removing dac.o(.rev16_text), (4 bytes).
    Removing dac.o(.revsh_text), (4 bytes).
    Removing timer.o(.rev16_text), (4 bytes).
    Removing timer.o(.revsh_text), (4 bytes).
    Removing delay.o(.rev16_text), (4 bytes).
    Removing delay.o(.revsh_text), (4 bytes).
    Removing sys.o(.rev16_text), (4 bytes).
    Removing sys.o(.revsh_text), (4 bytes).
    Removing usart.o(.rev16_text), (4 bytes).
    Removing usart.o(.revsh_text), (4 bytes).
    Removing startup_stm32f40_41xxx.o(HEAP), (8192 bytes).
    Removing misc.o(.rev16_text), (4 bytes).
    Removing misc.o(.revsh_text), (4 bytes).
    Removing stm32f4xx_gpio.o(.rev16_text), (4 bytes).
    Removing stm32f4xx_gpio.o(.revsh_text), (4 bytes).
    Removing stm32f4xx_rcc.o(.rev16_text), (4 bytes).
    Removing stm32f4xx_rcc.o(.revsh_text), (4 bytes).
    Removing stm32f4xx_syscfg.o(.rev16_text), (4 bytes).
    Removing stm32f4xx_syscfg.o(.revsh_text), (4 bytes).
    Removing stm32f4xx_syscfg.o(.text), (152 bytes).
    Removing stm32f4xx_usart.o(.rev16_text), (4 bytes).
    Removing stm32f4xx_usart.o(.revsh_text), (4 bytes).
    Removing stm32f4xx_adc.o(.rev16_text), (4 bytes).
    Removing stm32f4xx_adc.o(.revsh_text), (4 bytes).
    Removing stm32f4xx_adc.o(.text), (1136 bytes).
    Removing stm32f4xx_dac.o(.rev16_text), (4 bytes).
    Removing stm32f4xx_dac.o(.revsh_text), (4 bytes).
    Removing stm32f4xx_dma.o(.rev16_text), (4 bytes).
    Removing stm32f4xx_dma.o(.revsh_text), (4 bytes).
    Removing stm32f4xx_flash.o(.rev16_text), (4 bytes).
    Removing stm32f4xx_flash.o(.revsh_text), (4 bytes).
    Removing stm32f4xx_flash.o(.text), (1684 bytes).
    Removing stm32f4xx_i2c.o(.rev16_text), (4 bytes).
    Removing stm32f4xx_i2c.o(.revsh_text), (4 bytes).
    Removing stm32f4xx_i2c.o(.text), (1110 bytes).
    Removing stm32f4xx_iwdg.o(.rev16_text), (4 bytes).
    Removing stm32f4xx_iwdg.o(.revsh_text), (4 bytes).
    Removing stm32f4xx_iwdg.o(.text), (64 bytes).
    Removing stm32f4xx_sdio.o(.rev16_text), (4 bytes).
    Removing stm32f4xx_sdio.o(.revsh_text), (4 bytes).
    Removing stm32f4xx_spi.o(.rev16_text), (4 bytes).
    Removing stm32f4xx_spi.o(.revsh_text), (4 bytes).
    Removing stm32f4xx_spi.o(.text), (1148 bytes).
    Removing stm32f4xx_tim.o(.rev16_text), (4 bytes).
    Removing stm32f4xx_tim.o(.revsh_text), (4 bytes).
    Removing stm32f4xx_fsmc.o(.rev16_text), (4 bytes).
    Removing stm32f4xx_fsmc.o(.revsh_text), (4 bytes).
    Removing os_app_hooks.o(.text), (288 bytes).
    Removing os_app_hooks.o(.data), (12 bytes).
    Removing bsp.o(.rev16_text), (4 bytes).
    Removing bsp.o(.revsh_text), (4 bytes).
    Removing bsp_int.o(.rev16_text), (4 bytes).
    Removing bsp_int.o(.revsh_text), (4 bytes).
    Removing bsp_periph.o(.rev16_text), (4 bytes).
    Removing bsp_periph.o(.revsh_text), (4 bytes).
    Removing lib_math.o(.text), (128 bytes).
    Removing lib_math.o(.data), (4 bytes).
    Removing os_dbg.o(.constdata), (1 bytes).
    Removing malloc.o(.rev16_text), (4 bytes).
    Removing malloc.o(.revsh_text), (4 bytes).
    Removing exfuns.o(.rev16_text), (4 bytes).
    Removing exfuns.o(.revsh_text), (4 bytes).
    Removing fattester.o(.rev16_text), (4 bytes).
    Removing fattester.o(.revsh_text), (4 bytes).
    Removing fattester.o(.text), (1720 bytes).
    Removing diskio.o(.rev16_text), (4 bytes).
    Removing diskio.o(.revsh_text), (4 bytes).
    Removing mp3player.o(.rev16_text), (4 bytes).
    Removing mp3player.o(.revsh_text), (4 bytes).
    Removing buffers.o(.rev16_text), (4 bytes).
    Removing buffers.o(.revsh_text), (4 bytes).
    Removing audio_common.o(.rev16_text), (4 bytes).
    Removing audio_common.o(.revsh_text), (4 bytes).
    Removing audio_mp3.o(.rev16_text), (4 bytes).
    Removing audio_mp3.o(.revsh_text), (4 bytes).
    Removing audio_mp3_rom.o(.rev16_text), (4 bytes).
    Removing audio_mp3_rom.o(.revsh_text), (4 bytes).
    Removing audio_mp3_rom.o(.text), (564 bytes).
    Removing audio_wav.o(.rev16_text), (4 bytes).
    Removing audio_wav.o(.revsh_text), (4 bytes).
    Removing lcd.o(.rev16_text), (4 bytes).
    Removing lcd.o(.revsh_text), (4 bytes).
    Removing fontupd.o(.rev16_text), (4 bytes).
    Removing fontupd.o(.revsh_text), (4 bytes).
    Removing fontupd.o(.text), (156 bytes).
    Removing text.o(.rev16_text), (4 bytes).
    Removing text.o(.revsh_text), (4 bytes).

109 unused section(s) (total 17187 bytes) removed from the image.

==============================================================================

Memory Map of the image

  Image Entry point : 0x08000189

  Load Region LR_IROM1 (Base: 0x08000000, Size: 0x0004ae88, Max: 0x00080000, ABSOLUTE, COMPRESSED[0x0004ad40])

    Execution Region ER_IROM1 (Base: 0x08000000, Size: 0x0004acb8, Max: 0x00080000, ABSOLUTE)

    Base Addr    Size         Type   Attr      Idx    E Section Name        Object

    0x08000000   0x00000188   Data   RO          638    RESET               startup_stm32f40_41xxx.o
    0x08000188   0x00000000   Code   RO         1994  * .ARM.Collect$$$$00000000  mc_w.l(entry.o)
    0x08000188   0x00000004   Code   RO         2286    .ARM.Collect$$$$00000001  mc_w.l(entry2.o)
    0x0800018c   0x00000004   Code   RO         2289    .ARM.Collect$$$$00000004  mc_w.l(entry5.o)
    0x08000190   0x00000000   Code   RO         2291    .ARM.Collect$$$$00000008  mc_w.l(entry7b.o)
    0x08000190   0x00000000   Code   RO         2293    .ARM.Collect$$$$0000000A  mc_w.l(entry8b.o)
    0x08000190   0x00000008   Code   RO         2294    .ARM.Collect$$$$0000000B  mc_w.l(entry9a.o)
    0x08000198   0x00000000   Code   RO         2296    .ARM.Collect$$$$0000000D  mc_w.l(entry10a.o)
    0x08000198   0x00000000   Code   RO         2298    .ARM.Collect$$$$0000000F  mc_w.l(entry11a.o)
    0x08000198   0x00000004   Code   RO         2287    .ARM.Collect$$$$00002712  mc_w.l(entry2.o)
    0x0800019c   0x00000006   Code   RO          563    .emb_text           delay.o
    0x080001a2   0x00000002   PAD
    0x080001a4   0x00000010   Code   RO          589    .emb_text           sys.o
    0x080001b4   0x00000678   Code   RO            3    .text               main.o
    0x0800082c   0x00000038   Code   RO          255    .text               stm32f4xx_it.o
    0x08000864   0x0000020c   Code   RO          304    .text               system_stm32f4xx.o
    0x08000a70   0x0000003c   Code   RO          330    .text               led.o
    0x08000aac   0x00000100   Code   RO          350    .text               dev_uart.o
    0x08000bac   0x000009f0   Code   RO          377    .text               dev_key.o
    0x0800159c   0x00000060   Code   RO          415    .text               dev_time.o
    0x080015fc   0x00001d70   Code   RO          436    .text               sdio_sdcard.o
    0x0800336c   0x00000104   Code   RO          513    .text               dac.o
    0x08003470   0x000001b4   Code   RO          536    .text               timer.o
    0x08003624   0x000000dc   Code   RO          564    .text               delay.o
    0x08003700   0x0000016c   Code   RO          607    .text               usart.o
    0x0800386c   0x00000024   Code   RO          639    .text               startup_stm32f40_41xxx.o
    0x08003890   0x000000e4   Code   RO          645    .text               misc.o
    0x08003974   0x000002b4   Code   RO          665    .text               stm32f4xx_gpio.o
    0x08003c28   0x0000065c   Code   RO          685    .text               stm32f4xx_rcc.o
    0x08004284   0x00000454   Code   RO          727    .text               stm32f4xx_usart.o
    0x080046d8   0x00000210   Code   RO          767    .text               stm32f4xx_dac.o
    0x080048e8   0x000003a4   Code   RO          787    .text               stm32f4xx_dma.o
    0x08004c8c   0x000001e4   Code   RO          867    .text               stm32f4xx_sdio.o
    0x08004e70   0x00000ca2   Code   RO          907    .text               stm32f4xx_tim.o
    0x08005b12   0x00000002   PAD
    0x08005b14   0x000005dc   Code   RO          927    .text               stm32f4xx_fsmc.o
    0x080060f0   0x00000400   Code   RO          965    .text               bsp.o
    0x080064f0   0x00000480   Code   RO          998    .text               bsp_int.o
    0x08006970   0x000004ec   Code   RO         1020    .text               bsp_periph.o
    0x08006e5c   0x000002b0   Code   RO         1038    .text               cpu_core.o
    0x0800710c   0x00000034   Code   RO         1058    .text               cpu_a.o
    0x08007140   0x00000760   Code   RO         1061    .text               cpu_c.o
    0x080078a0   0x00000256   Code   RO         1073    .text               lib_ascii.o
    0x08007af6   0x00000002   PAD
    0x08007af8   0x000009c6   Code   RO         1106    .text               lib_mem.o
    0x080084be   0x00000002   PAD
    0x080084c0   0x0000092c   Code   RO         1125    .text               lib_str.o
    0x08008dec   0x00000220   Code   RO         1142    .text               lib_mem_a.o
    0x0800900c   0x00000488   Code   RO         1148    .text               os_cpu_c.o
    0x08009494   0x00000002   Code   RO         1166    .text               os_cfg_app.o
    0x08009496   0x00000002   PAD
    0x08009498   0x00000b00   Code   RO         1189    .text               os_core.o
    0x08009f98   0x00000920   Code   RO         1210    .text               os_flag.o
    0x0800a8b8   0x000001cc   Code   RO         1234    .text               os_msg.o
    0x0800aa84   0x00000620   Code   RO         1246    .text               os_mutex.o
    0x0800b0a4   0x0000007c   Code   RO         1264    .text               os_prio.o
    0x0800b120   0x0000053c   Code   RO         1283    .text               os_q.o
    0x0800b65c   0x00000588   Code   RO         1295    .text               os_sem.o
    0x0800bbe4   0x00000368   Code   RO         1307    .text               os_stat.o
    0x0800bf4c   0x00001090   Code   RO         1319    .text               os_task.o
    0x0800cfdc   0x000003dc   Code   RO         1331    .text               os_tick.o
    0x0800d3b8   0x000003ac   Code   RO         1343    .text               os_time.o
    0x0800d764   0x000005e8   Code   RO         1355    .text               os_tmr.o
    0x0800dd4c   0x0000024c   Code   RO         1383    .text               malloc.o
    0x0800df98   0x00000190   Code   RO         1415    .text               exfuns.o
    0x0800e128   0x000001e0   Code   RO         1478    .text               diskio.o
    0x0800e308   0x00003298   Code   RO         1502    .text               ff.o
    0x080115a0   0x000000b4   Code   RO         1518    .text               cc936.o
    0x08011654   0x000008bc   Code   RO         1543    .text               mp3player.o
    0x08011f10   0x0000057e   Code   RO         1579    .text               mp3dec.o
    0x0801248e   0x00000002   PAD
    0x08012490   0x00000016   Code   RO         1610    .text               asmmisc.o
    0x080124a6   0x00000002   PAD
    0x080124a8   0x0000080e   Code   RO         1614    .text               asmpoly_thumb2.o
    0x08012cb6   0x00000002   PAD
    0x08012cb8   0x00000570   Code   RO         1618    .text               bitstream.o
    0x08013228   0x00000154   Code   RO         1639    .text               buffers.o
    0x0801337c   0x00000d2c   Code   RO         1657    .text               dct32.o
    0x080140a8   0x000002a0   Code   RO         1671    .text               dequant.o
    0x08014348   0x0000044a   Code   RO         1686    .text               dqchan.o
    0x08014792   0x00000002   PAD
    0x08014794   0x00000720   Code   RO         1700    .text               huffman.o
    0x08014eb4   0x0000102c   Code   RO         1725    .text               imdct.o
    0x08015ee0   0x000005b4   Code   RO         1742    .text               scalfact.o
    0x08016494   0x00000624   Code   RO         1756    .text               stproc.o
    0x08016ab8   0x00000118   Code   RO         1768    .text               subband.o
    0x08016bd0   0x00000580   Code   RO         1795    .text               audio_common.o
    0x08017150   0x0000055c   Code   RO         1828    .text               audio_mp3.o
    0x080176ac   0x000002d0   Code   RO         1878    .text               audio_wav.o
    0x0801797c   0x000014d0   Code   RO         1898    .text               lcd.o
    0x08018e4c   0x00000438   Code   RO         1968    .text               text.o
    0x08019284   0x00000062   Code   RO         1997    .text               mc_w.l(uldiv.o)
    0x080192e6   0x0000005a   Code   RO         1999    .text               mc_w.l(ldiv.o)
    0x08019340   0x00000040   Code   RO         2003    .text               mc_w.l(memmovea.o)
    0x08019380   0x00000024   Code   RO         2005    .text               mc_w.l(memseta.o)
    0x080193a4   0x0000000e   Code   RO         2007    .text               mc_w.l(strlen.o)
    0x080193b2   0x0000001c   Code   RO         2009    .text               mc_w.l(strcmp.o)
    0x080193ce   0x00000012   Code   RO         2011    .text               mc_w.l(strcpy.o)
    0x080193e0   0x0000001e   Code   RO         2013    .text               mc_w.l(strncmp.o)
    0x080193fe   0x00000020   Code   RO         2015    .text               mc_w.l(strrchr.o)
    0x0801941e   0x0000002a   Code   RO         2021    .text               mc_w.l(strcasecmp.o)
    0x08019448   0x00000032   Code   RO         2023    .text               mc_w.l(strncasecmp.o)
    0x0801947a   0x0000002c   Code   RO         2300    .text               mc_w.l(uidiv.o)
    0x080194a6   0x0000001e   Code   RO         2302    .text               mc_w.l(llshl.o)
    0x080194c4   0x00000020   Code   RO         2304    .text               mc_w.l(llushr.o)
    0x080194e4   0x0000000c   Code   RO         2306    .text               mc_w.l(tolower.o)
    0x080194f0   0x00000000   Code   RO         2308    .text               mc_w.l(iusefp.o)
    0x080194f0   0x0000014e   Code   RO         2309    .text               mf_w.l(dadd.o)
    0x0801963e   0x000000e4   Code   RO         2311    .text               mf_w.l(dmul.o)
    0x08019722   0x000000de   Code   RO         2313    .text               mf_w.l(ddiv.o)
    0x08019800   0x00000030   Code   RO         2315    .text               mf_w.l(dfixul.o)
    0x08019830   0x00000028   Code   RO         2317    .text               mf_w.l(cdrcmple.o)
    0x08019858   0x00000024   Code   RO         2319    .text               mc_w.l(init.o)
    0x0801987c   0x00000024   Code   RO         2321    .text               mc_w.l(llsshr.o)
    0x080198a0   0x000000be   Code   RO         2323    .text               mf_w.l(depilogue.o)
    0x0801995e   0x0000005c   Code   RO         2333    .text               mc_w.l(__dczerorl2.o)
    0x080199ba   0x00000002   PAD
    0x080199bc   0x000000c4   Code   RO         1145    CODE                os_cpu_a.o
    0x08019a80   0x00000028   Code   RO         2094    i.__0sprintf$2      mc_w.l(printf2.o)
    0x08019aa8   0x00000024   Code   RO         2264    i.__0vsprintf       mc_w.l(printfa.o)
    0x08019acc   0x0000000e   Code   RO         2327    i.__scatterload_copy  mc_w.l(handlers.o)
    0x08019ada   0x00000002   Code   RO         2328    i.__scatterload_null  mc_w.l(handlers.o)
    0x08019adc   0x0000000e   Code   RO         2329    i.__scatterload_zeroinit  mc_w.l(handlers.o)
    0x08019aea   0x00000002   PAD
    0x08019aec   0x0000015c   Code   RO         2265    i._fp_digits        mc_w.l(printfa.o)
    0x08019c48   0x000000d0   Code   RO         2099    i._printf_core      mc_w.l(printf2.o)
    0x08019d18   0x000006f0   Code   RO         2266    i._printf_core      mc_w.l(printfa.o)
    0x0801a408   0x00000026   Code   RO         2267    i._printf_post_padding  mc_w.l(printfa.o)
    0x0801a42e   0x00000030   Code   RO         2268    i._printf_pre_padding  mc_w.l(printfa.o)
    0x0801a45e   0x0000000a   Code   RO         2101    i._sputc            mc_w.l(printf2.o)
    0x0801a468   0x0000000a   Code   RO         2270    i._sputc            mc_w.l(printfa.o)
    0x0801a472   0x00000002   PAD
    0x0801a474   0x00000278   Data   RO          379    .constdata          dev_key.o
    0x0801a6ec   0x0000001c   Data   RO          928    .constdata          stm32f4xx_fsmc.o
    0x0801a708   0x00000104   Data   RO         1040    .constdata          cpu_core.o
    0x0801a80c   0x00000094   Data   RO         1126    .constdata          lib_str.o
    0x0801a8a0   0x00000094   Data   RO         1168    .constdata          os_cfg_app.o
    0x0801a934   0x00000024   Data   RO         1389    .constdata          malloc.o
    0x0801a958   0x00000070   Data   RO         1417    .constdata          exfuns.o
    0x0801a9c8   0x0000003a   Data   RO         1504    .constdata          ff.o
    0x0801aa02   0x0002acc8   Data   RO         1519    .constdata          cc936.o
    0x080456ca   0x0000061c   Data   RO         1545    .constdata          mp3player.o
    0x08045ce6   0x00000002   PAD
    0x08045ce8   0x000004fe   Data   RO         1598    .constdata          mp3tabs.o
    0x080461e6   0x00000002   PAD
    0x080461e8   0x000000c0   Data   RO         1658    .constdata          dct32.o
    0x080462a8   0x00000250   Data   RO         1687    .constdata          dqchan.o
    0x080464f8   0x00002304   Data   RO         1712    .constdata          hufftabs.o
    0x080487fc   0x00000078   Data   RO         1726    .constdata          imdct.o
    0x08048874   0x00000068   Data   RO         1743    .constdata          scalfact.o
    0x080488dc   0x0000086c   Data   RO         1780    .constdata          trigtabs.o
    0x08049148   0x000017c4   Data   RO         1900    .constdata          lcd.o
    0x0804a90c   0x00000010   Data   RO         1969    .constdata          text.o
    0x0804a91c   0x00000034   Data   RO         1418    .conststring        exfuns.o
    0x0804a950   0x00000309   Data   RO         1901    .conststring        lcd.o
    0x0804ac59   0x0000003d   Data   RO         1970    .conststring        text.o
    0x0804ac96   0x00000002   PAD
    0x0804ac98   0x00000020   Data   RO         2325    Region$$Table       anon$$obj.o


    Execution Region RW_IRAM1 (Base: 0x20000000, Size: 0x00016e20, Max: 0x00020000, ABSOLUTE, COMPRESSED[0x00000088])

    Base Addr    Size         Type   Attr      Idx    E Section Name        Object

    0x20000000   0x00000014   Data   RW          305    .data               system_stm32f4xx.o
    0x20000014   0x00000053   Data   RW          380    .data               dev_key.o
    0x20000067   0x00000001   PAD
    0x20000068   0x00000010   Data   RW          438    .data               sdio_sdcard.o
    0x20000078   0x00000014   Data   RW          537    .data               timer.o
    0x2000008c   0x00000004   Data   RW          565    .data               delay.o
    0x20000090   0x00000008   Data   RW          609    .data               usart.o
    0x20000098   0x00000010   Data   RW          686    .data               stm32f4xx_rcc.o
    0x200000a8   0x00000004   Data   RW         1041    .data               cpu_core.o
    0x200000ac   0x00000004   Data   RW         1108    .data               lib_mem.o
    0x200000b0   0x00000004   Data   RW         1149    .data               os_cpu_c.o
    0x200000b4   0x00000008   Data   RW         1265    .data               os_prio.o
    0x200000bc   0x0000009c   Data   RW         1368    .data               os_var.o
    0x20000158   0x00000024   Data   RW         1390    .data               malloc.o
    0x2000017c   0x00000014   Data   RW         1419    .data               exfuns.o
    0x20000190   0x00000002   Data   RW         1479    .data               diskio.o
    0x20000192   0x00000002   Data   RW         1505    .data               ff.o
    0x20000194   0x0000000d   Data   RW         1547    .data               mp3player.o
    0x200001a1   0x00000001   Data   RW         1797    .data               audio_common.o
    0x200001a2   0x00000020   Data   RW         1902    .data               lcd.o
    0x200001c2   0x00000002   PAD
    0x200001c4   0x0000000c   Data   RW         1971    .data               text.o
    0x200001d0   0x000019d4   Zero   RW            4    .bss                main.o
    0x20001ba4   0x000000c0   Zero   RW          378    .bss                dev_key.o
    0x20001c64   0x00000004   PAD
    0x20001c68   0x000002c0   Zero   RW          437    .bss                sdio_sdcard.o
    0x20001f28   0x000000c8   Zero   RW          608    .bss                usart.o
    0x20001ff0   0x0000016c   Zero   RW          999    .bss                bsp_int.o
    0x2000215c   0x00000010   Zero   RW         1039    .bss                cpu_core.o
    0x2000216c   0x00000448   Zero   RW         1107    .bss                lib_mem.o
    0x200025b4   0x00001040   Zero   RW         1167    .bss                os_cfg_app.o
    0x200035f4   0x0000058c   Zero   RW         1367    .bss                os_var.o
    0x20003b80   0x0000ee00   Zero   RW         1388    .bss                malloc.o
    0x20012980   0x00000050   Zero   RW         1416    .bss                exfuns.o
    0x200129d0   0x0000000c   Zero   RW         1503    .bss                ff.o
    0x200129dc   0x000009e0   Zero   RW         1544    .bss                mp3player.o
    0x200133bc   0x00002650   Zero   RW         1796    .bss                audio_common.o
    0x20015a0c   0x00001000   Zero   RW         1829    .bss                audio_mp3.o
    0x20016a0c   0x0000000e   Zero   RW         1899    .bss                lcd.o
    0x20016a1a   0x00000006   PAD
    0x20016a20   0x00000400   Zero   RW          636    STACK               startup_stm32f40_41xxx.o



  Load Region LR$$.ARM.__AT_0x10000000 (Base: 0x10000000, Size: 0x00000000, Max: 0x00007800, ABSOLUTE)

    Execution Region ER$$.ARM.__AT_0x10000000 (Base: 0x10000000, Size: 0x00007800, Max: 0x00007800, ABSOLUTE, UNINIT)

    Base Addr    Size         Type   Attr      Idx    E Section Name        Object

    0x10000000   0x00007800   Zero   RW         1384    .ARM.__AT_0x10000000  malloc.o



  Load Region LR$$.ARM.__AT_0x10007800 (Base: 0x10007800, Size: 0x00000000, Max: 0x00000780, ABSOLUTE)

    Execution Region ER$$.ARM.__AT_0x10007800 (Base: 0x10007800, Size: 0x00000780, Max: 0x00000780, ABSOLUTE, UNINIT)

    Base Addr    Size         Type   Attr      Idx    E Section Name        Object

    0x10007800   0x00000780   Zero   RW         1385    .ARM.__AT_0x10007800  malloc.o



  Load Region LR$$.ARM.__AT_0x68000000 (Base: 0x68000000, Size: 0x00000000, Max: 0x00007800, ABSOLUTE)

    Execution Region ER$$.ARM.__AT_0x68000000 (Base: 0x68000000, Size: 0x00007800, Max: 0x00007800, ABSOLUTE, UNINIT)

    Base Addr    Size         Type   Attr      Idx    E Section Name        Object

    0x68000000   0x00007800   Zero   RW         1386    .ARM.__AT_0x68000000  malloc.o



  Load Region LR$$.ARM.__AT_0x68007800 (Base: 0x68007800, Size: 0x00000000, Max: 0x00000780, ABSOLUTE)

    Execution Region ER$$.ARM.__AT_0x68007800 (Base: 0x68007800, Size: 0x00000780, Max: 0x00000780, ABSOLUTE, UNINIT)

    Base Addr    Size         Type   Attr      Idx    E Section Name        Object

    0x68007800   0x00000780   Zero   RW         1387    .ARM.__AT_0x68007800  malloc.o


==============================================================================

Image component sizes


      Code (inc. data)   RO Data    RW Data    ZI Data      Debug   Object Name

        22          0          0          0          0        396   asmmisc.o
      2062          0          0          0          0        572   asmpoly_thumb2.o
      1408        170          0          1       9808       8372   audio_common.o
      1372        172          0          0       4096       5282   audio_mp3.o
       720        164          0          0          0       1715   audio_wav.o
      1392         50          0          0          0       8276   bitstream.o
      1024         64          0          0          0      11591   bsp.o
      1152          8          0          0        364      15045   bsp_int.o
      1260        274          0          0          0       1510   bsp_periph.o
       340         18          0          0          0       1908   buffers.o
       180         18     175304          0          0       2081   cc936.o
        52          0          0          0          0        288   cpu_a.o
      1888        104          0          0          0       3489   cpu_c.o
       688         12        260          4         16       6755   cpu_core.o
       260          4          0          0          0       1220   dac.o
      3372         10        192          0          0       4338   dct32.o
       226          8          0          4          0       1635   delay.o
       672          4          0          0          0       1790   dequant.o
      2544        304        632         83        192      36897   dev_key.o
        96          6          0          0          0       1743   dev_time.o
       256         20          0          0          0       2430   dev_uart.o
       480          8          0          2          0       4062   diskio.o
      1098         36        592          0          0       3558   dqchan.o
       400         22        164         20         80       5152   exfuns.o
     12952        142         58          2         12      34098   ff.o
      1824         24          0          0          0       5401   huffman.o
         0          0       8964          0          0       5540   hufftabs.o
      4140         52        120          0          0       9101   imdct.o
      5328        140       6861         32         14      15185   lcd.o
        60          4          0          0          0        491   led.o
       598          0          0          0          0       3744   lib_ascii.o
      2502         32          0          4       1096      21776   lib_mem.o
       544          0          0          0          0        436   lib_mem_a.o
      2348          6        148          0          0      13062   lib_str.o
      1656        710          0          0       6612     358519   main.o
       588         48         36         36     126208       4749   malloc.o
       228         22          0          0          0       1749   misc.o
      1406         76          0          0          0       5635   mp3dec.o
      2236        690       1564         13       2528       6913   mp3player.o
         0          0       1278          0          0       1825   mp3tabs.o
         2          0        148          0       4160      18096   os_cfg_app.o
      2816        190          0          0          0       9958   os_core.o
       196         32          0          0          0        368   os_cpu_a.o
      1160        170          0          4          0       3857   os_cpu_c.o
      2336         60          0          0          0       6656   os_flag.o
       460         12          0          0          0       2478   os_msg.o
      1568         62          0          0          0       4361   os_mutex.o
       124          4          0          8          0       1804   os_prio.o
      1340         34          0          0          0       5155   os_q.o
      1416         40          0          0          0       5219   os_sem.o
       872        118          0          0          0       2109   os_stat.o
      4240        138          0          0          0      11151   os_task.o
       988         66          0          0          0       3564   os_tick.o
       940         44          0          0          0       2749   os_time.o
      1512        128          0          0          0       5450   os_tmr.o
         0          0          0        156       1420      16713   os_var.o
      1460          8        104          0          0       3686   scalfact.o
      7536        284          0         16        704      24813   sdio_sdcard.o
        36          8        392          0       1024        800   startup_stm32f40_41xxx.o
       528          6          0          0          0       4933   stm32f4xx_dac.o
       932         32          0          0          0       6225   stm32f4xx_dma.o
      1500         60         28          0          0       5502   stm32f4xx_fsmc.o
       692         44          0          0          0       4296   stm32f4xx_gpio.o
        56         24          0          0          0       1298   stm32f4xx_it.o
      1628         52          0         16          0      12780   stm32f4xx_rcc.o
       484         30          0          0          0       7320   stm32f4xx_sdio.o
      3234         60          0          0          0      22228   stm32f4xx_tim.o
      1108         34          0          0          0       7724   stm32f4xx_usart.o
      1572         16          0          0          0       3891   stproc.o
       280          6          0          0          0       1083   subband.o
        16          0          0          0          0        448   sys.o
       524         44          0         20          0       1675   system_stm32f4xx.o
      1080         90         77         12          0       4585   text.o
       436         48          0         20          0       2263   timer.o
         0          0       2156          0          0        876   trigtabs.o
       364         18          0          8        200       3433   usart.o

    ----------------------------------------------------------------------
    102828       5384     199116        464     158544     837876   Object Totals
         0          0         32          0          0          0   (incl. Generated)
        18          0          6          3         10          0   (incl. Padding)

    ----------------------------------------------------------------------

      Code (inc. data)   RO Data    RW Data    ZI Data      Debug   Library Member Name

        92          0          0          0          0          0   __dczerorl2.o
         0          0          0          0          0          0   entry.o
         0          0          0          0          0          0   entry10a.o
         0          0          0          0          0          0   entry11a.o
         8          4          0          0          0          0   entry2.o
         4          0          0          0          0          0   entry5.o
         0          0          0          0          0          0   entry7b.o
         0          0          0          0          0          0   entry8b.o
         8          4          0          0          0          0   entry9a.o
        30          0          0          0          0          0   handlers.o
        36          8          0          0          0         68   init.o
         0          0          0          0          0          0   iusefp.o
        90          0          0          0          0         84   ldiv.o
        30          0          0          0          0         68   llshl.o
        36          0          0          0          0         68   llsshr.o
        32          0          0          0          0         68   llushr.o
        64          0          0          0          0         76   memmovea.o
        36          0          0          0          0        108   memseta.o
       258          6          0          0          0        244   printf2.o
      2256         86          0          0          0        508   printfa.o
        42          0          0          0          0         84   strcasecmp.o
        28          0          0          0          0         76   strcmp.o
        18          0          0          0          0         68   strcpy.o
        14          0          0          0          0         68   strlen.o
        50          0          0          0          0         84   strncasecmp.o
        30          0          0          0          0         80   strncmp.o
        32          0          0          0          0         68   strrchr.o
        12          0          0          0          0         68   tolower.o
        44          0          0          0          0         80   uidiv.o
        98          0          0          0          0         92   uldiv.o
        40          2          0          0          0         68   cdrcmple.o
       334          0          0          0          0        148   dadd.o
       222          0          0          0          0        100   ddiv.o
       190          0          0          0          0        176   depilogue.o
        48          0          0          0          0         68   dfixul.o
       228          0          0          0          0         96   dmul.o

    ----------------------------------------------------------------------
      4416        110          0          0          0       2716   Library Totals
         6          0          0          0          0          0   (incl. Padding)

    ----------------------------------------------------------------------

      Code (inc. data)   RO Data    RW Data    ZI Data      Debug   Library Name

      3348        108          0          0          0       2060   mc_w.l
      1062          2          0          0          0        656   mf_w.l

    ----------------------------------------------------------------------
      4416        110          0          0          0       2716   Library Totals

    ----------------------------------------------------------------------

==============================================================================


      Code (inc. data)   RO Data    RW Data    ZI Data      Debug   

    107244       5494     199116        464     158544     824336   Grand Totals
    107244       5494     199116        136     158544     824336   ELF Image Totals (compressed)
    107244       5494     199116        136          0          0   ROM Totals

==============================================================================

    Total RO  Size (Code + RO Data)               306360 ( 299.18kB)
    Total RW  Size (RW Data + ZI Data)            159008 ( 155.28kB)
    Total ROM Size (Code + RO Data + RW Data)     306496 ( 299.31kB)

==============================================================================

