ARM Linker, 5.03 [Build 76] [MDK-ARM Standard]

==============================================================================

Removing Unused input sections from the image.

    Removing main.o(.rev16_text), (4 bytes).
    Removing main.o(.revsh_text), (4 bytes).
    Removing stm32f4xx_it.o(.rev16_text), (4 bytes).
    Removing stm32f4xx_it.o(.revsh_text), (4 bytes).
    Removing system_stm32f4xx.o(.rev16_text), (4 bytes).
    Removing system_stm32f4xx.o(.revsh_text), (4 bytes).
    Removing led.o(.rev16_text), (4 bytes).
    Removing led.o(.revsh_text), (4 bytes).
    Removing dev_uart.o(.rev16_text), (4 bytes).
    Removing dev_uart.o(.revsh_text), (4 bytes).
    Removing dev_key.o(.rev16_text), (4 bytes).
    Removing dev_key.o(.revsh_text), (4 bytes).
    Removing dev_time.o(.rev16_text), (4 bytes).
    Removing dev_time.o(.revsh_text), (4 bytes).
    Removing sdio_sdcard.o(.rev16_text), (4 bytes).
    Removing sdio_sdcard.o(.revsh_text), (4 bytes).
    Removing dma.o(.rev16_text), (4 bytes).
    Removing dma.o(.revsh_text), (4 bytes).
    Removing dma.o(.text), (176 bytes).
    Removing spi.o(.rev16_text), (4 bytes).
    Removing spi.o(.revsh_text), (4 bytes).
    Removing spi.o(.text), (284 bytes).
    Removing dac.o(.rev16_text), (4 bytes).
    Removing dac.o(.revsh_text), (4 bytes).
    Removing timer.o(.rev16_text), (4 bytes).
    Removing timer.o(.revsh_text), (4 bytes).
    Removing delay.o(.rev16_text), (4 bytes).
    Removing delay.o(.revsh_text), (4 bytes).
    Removing sys.o(.rev16_text), (4 bytes).
    Removing sys.o(.revsh_text), (4 bytes).
    Removing usart.o(.rev16_text), (4 bytes).
    Removing usart.o(.revsh_text), (4 bytes).
    Removing startup_stm32f40_41xxx.o(HEAP), (8192 bytes).
    Removing misc.o(.rev16_text), (4 bytes).
    Removing misc.o(.revsh_text), (4 bytes).
    Removing stm32f4xx_gpio.o(.rev16_text), (4 bytes).
    Removing stm32f4xx_gpio.o(.revsh_text), (4 bytes).
    Removing stm32f4xx_rcc.o(.rev16_text), (4 bytes).
    Removing stm32f4xx_rcc.o(.revsh_text), (4 bytes).
    Removing stm32f4xx_syscfg.o(.rev16_text), (4 bytes).
    Removing stm32f4xx_syscfg.o(.revsh_text), (4 bytes).
    Removing stm32f4xx_syscfg.o(.text), (152 bytes).
    Removing stm32f4xx_usart.o(.rev16_text), (4 bytes).
    Removing stm32f4xx_usart.o(.revsh_text), (4 bytes).
    Removing stm32f4xx_adc.o(.rev16_text), (4 bytes).
    Removing stm32f4xx_adc.o(.revsh_text), (4 bytes).
    Removing stm32f4xx_adc.o(.text), (1136 bytes).
    Removing stm32f4xx_dac.o(.rev16_text), (4 bytes).
    Removing stm32f4xx_dac.o(.revsh_text), (4 bytes).
    Removing stm32f4xx_dma.o(.rev16_text), (4 bytes).
    Removing stm32f4xx_dma.o(.revsh_text), (4 bytes).
    Removing stm32f4xx_flash.o(.rev16_text), (4 bytes).
    Removing stm32f4xx_flash.o(.revsh_text), (4 bytes).
    Removing stm32f4xx_flash.o(.text), (1684 bytes).
    Removing stm32f4xx_i2c.o(.rev16_text), (4 bytes).
    Removing stm32f4xx_i2c.o(.revsh_text), (4 bytes).
    Removing stm32f4xx_i2c.o(.text), (1110 bytes).
    Removing stm32f4xx_iwdg.o(.rev16_text), (4 bytes).
    Removing stm32f4xx_iwdg.o(.revsh_text), (4 bytes).
    Removing stm32f4xx_iwdg.o(.text), (64 bytes).
    Removing stm32f4xx_sdio.o(.rev16_text), (4 bytes).
    Removing stm32f4xx_sdio.o(.revsh_text), (4 bytes).
    Removing stm32f4xx_spi.o(.rev16_text), (4 bytes).
    Removing stm32f4xx_spi.o(.revsh_text), (4 bytes).
    Removing stm32f4xx_spi.o(.text), (1148 bytes).
    Removing stm32f4xx_tim.o(.rev16_text), (4 bytes).
    Removing stm32f4xx_tim.o(.revsh_text), (4 bytes).
    Removing stm32f4xx_fsmc.o(.rev16_text), (4 bytes).
    Removing stm32f4xx_fsmc.o(.revsh_text), (4 bytes).
    Removing os_app_hooks.o(.text), (288 bytes).
    Removing os_app_hooks.o(.data), (12 bytes).
    Removing bsp.o(.rev16_text), (4 bytes).
    Removing bsp.o(.revsh_text), (4 bytes).
    Removing bsp_int.o(.rev16_text), (4 bytes).
    Removing bsp_int.o(.revsh_text), (4 bytes).
    Removing bsp_periph.o(.rev16_text), (4 bytes).
    Removing bsp_periph.o(.revsh_text), (4 bytes).
    Removing lib_math.o(.text), (128 bytes).
    Removing lib_math.o(.data), (4 bytes).
    Removing os_dbg.o(.constdata), (1 bytes).
    Removing malloc.o(.rev16_text), (4 bytes).
    Removing malloc.o(.revsh_text), (4 bytes).
    Removing exfuns.o(.rev16_text), (4 bytes).
    Removing exfuns.o(.revsh_text), (4 bytes).
    Removing fattester.o(.rev16_text), (4 bytes).
    Removing fattester.o(.revsh_text), (4 bytes).
    Removing fattester.o(.text), (1720 bytes).
    Removing diskio.o(.rev16_text), (4 bytes).
    Removing diskio.o(.revsh_text), (4 bytes).
    Removing mp3player.o(.rev16_text), (4 bytes).
    Removing mp3player.o(.revsh_text), (4 bytes).
    Removing buffers.o(.rev16_text), (4 bytes).
    Removing buffers.o(.revsh_text), (4 bytes).
    Removing audio_common.o(.rev16_text), (4 bytes).
    Removing audio_common.o(.revsh_text), (4 bytes).
    Removing audio_mp3.o(.rev16_text), (4 bytes).
    Removing audio_mp3.o(.revsh_text), (4 bytes).
    Removing audio_mp3_rom.o(.rev16_text), (4 bytes).
    Removing audio_mp3_rom.o(.revsh_text), (4 bytes).
    Removing audio_mp3_rom.o(.text), (564 bytes).
    Removing audio_wav.o(.rev16_text), (4 bytes).
    Removing audio_wav.o(.revsh_text), (4 bytes).
    Removing lcd.o(.rev16_text), (4 bytes).
    Removing lcd.o(.revsh_text), (4 bytes).

104 unused section(s) (total 17015 bytes) removed from the image.

==============================================================================

Memory Map of the image

  Image Entry point : 0x08000189

  Load Region LR_IROM1 (Base: 0x08000000, Size: 0x0004a7e0, Max: 0x00080000, ABSOLUTE, COMPRESSED[0x0004a6a0])

    Execution Region ER_IROM1 (Base: 0x08000000, Size: 0x0004a630, Max: 0x00080000, ABSOLUTE)

    Base Addr    Size         Type   Attr      Idx    E Section Name        Object

    0x08000000   0x00000188   Data   RO           60    RESET               startup_stm32f40_41xxx.o
    0x08000188   0x00000000   Code   RO          238  * .ARM.Collect$$$$00000000  mc_w.l(entry.o)
    0x08000188   0x00000004   Code   RO          386    .ARM.Collect$$$$00000001  mc_w.l(entry2.o)
    0x0800018c   0x00000004   Code   RO          389    .ARM.Collect$$$$00000004  mc_w.l(entry5.o)
    0x08000190   0x00000000   Code   RO          391    .ARM.Collect$$$$00000008  mc_w.l(entry7b.o)
    0x08000190   0x00000000   Code   RO          393    .ARM.Collect$$$$0000000A  mc_w.l(entry8b.o)
    0x08000190   0x00000008   Code   RO          394    .ARM.Collect$$$$0000000B  mc_w.l(entry9a.o)
    0x08000198   0x00000000   Code   RO          396    .ARM.Collect$$$$0000000D  mc_w.l(entry10a.o)
    0x08000198   0x00000000   Code   RO          398    .ARM.Collect$$$$0000000F  mc_w.l(entry11a.o)
    0x08000198   0x00000004   Code   RO          387    .ARM.Collect$$$$00002712  mc_w.l(entry2.o)
    0x0800019c   0x00000006   Code   RO           47    .emb_text           delay.o
    0x080001a2   0x00000002   PAD
    0x080001a4   0x00000010   Code   RO           52    .emb_text           sys.o
    0x080001b4   0x00000580   Code   RO            3    .text               main.o
    0x08000734   0x00000038   Code   RO            7    .text               stm32f4xx_it.o
    0x0800076c   0x0000020c   Code   RO           10    .text               system_stm32f4xx.o
    0x08000978   0x0000003c   Code   RO           14    .text               led.o
    0x080009b4   0x000000a8   Code   RO           17    .text               dev_uart.o
    0x08000a5c   0x00000a54   Code   RO           20    .text               dev_key.o
    0x080014b0   0x00000060   Code   RO           26    .text               dev_time.o
    0x08001510   0x00001d70   Code   RO           29    .text               sdio_sdcard.o
    0x08003280   0x00000104   Code   RO           40    .text               dac.o
    0x08003384   0x000001b4   Code   RO           43    .text               timer.o
    0x08003538   0x000000dc   Code   RO           48    .text               delay.o
    0x08003614   0x0000016c   Code   RO           55    .text               usart.o
    0x08003780   0x00000024   Code   RO           61    .text               startup_stm32f40_41xxx.o
    0x080037a4   0x000000e4   Code   RO           64    .text               misc.o
    0x08003888   0x000002b4   Code   RO           67    .text               stm32f4xx_gpio.o
    0x08003b3c   0x0000065c   Code   RO           70    .text               stm32f4xx_rcc.o
    0x08004198   0x00000454   Code   RO           77    .text               stm32f4xx_usart.o
    0x080045ec   0x00000210   Code   RO           83    .text               stm32f4xx_dac.o
    0x080047fc   0x000003a4   Code   RO           86    .text               stm32f4xx_dma.o
    0x08004ba0   0x000001e4   Code   RO           98    .text               stm32f4xx_sdio.o
    0x08004d84   0x00000ca2   Code   RO          104    .text               stm32f4xx_tim.o
    0x08005a26   0x00000002   PAD
    0x08005a28   0x000005dc   Code   RO          107    .text               stm32f4xx_fsmc.o
    0x08006004   0x00000400   Code   RO          113    .text               bsp.o
    0x08006404   0x00000480   Code   RO          116    .text               bsp_int.o
    0x08006884   0x000004ec   Code   RO          120    .text               bsp_periph.o
    0x08006d70   0x000002b0   Code   RO          121    .text               cpu_core.o
    0x08007020   0x00000034   Code   RO          125    .text               cpu_a.o
    0x08007054   0x00000760   Code   RO          126    .text               cpu_c.o
    0x080077b4   0x00000256   Code   RO          127    .text               lib_ascii.o
    0x08007a0a   0x00000002   PAD
    0x08007a0c   0x000009c6   Code   RO          130    .text               lib_mem.o
    0x080083d2   0x00000002   PAD
    0x080083d4   0x0000092c   Code   RO          133    .text               lib_str.o
    0x08008d00   0x00000220   Code   RO          135    .text               lib_mem_a.o
    0x08008f20   0x00000488   Code   RO          137    .text               os_cpu_c.o
    0x080093a8   0x00000002   Code   RO          139    .text               os_cfg_app.o
    0x080093aa   0x00000002   PAD
    0x080093ac   0x00000b00   Code   RO          142    .text               os_core.o
    0x08009eac   0x00000920   Code   RO          144    .text               os_flag.o
    0x0800a7cc   0x000001cc   Code   RO          145    .text               os_msg.o
    0x0800a998   0x00000620   Code   RO          146    .text               os_mutex.o
    0x0800afb8   0x0000007c   Code   RO          147    .text               os_prio.o
    0x0800b034   0x0000053c   Code   RO          149    .text               os_q.o
    0x0800b570   0x00000588   Code   RO          150    .text               os_sem.o
    0x0800baf8   0x00000368   Code   RO          151    .text               os_stat.o
    0x0800be60   0x00001090   Code   RO          152    .text               os_task.o
    0x0800cef0   0x000003dc   Code   RO          153    .text               os_tick.o
    0x0800d2cc   0x000003ac   Code   RO          154    .text               os_time.o
    0x0800d678   0x000005e8   Code   RO          155    .text               os_tmr.o
    0x0800dc60   0x00000220   Code   RO          160    .text               malloc.o
    0x0800de80   0x0000018c   Code   RO          170    .text               exfuns.o
    0x0800e00c   0x000001e0   Code   RO          180    .text               diskio.o
    0x0800e1ec   0x00003186   Code   RO          182    .text               ff.o
    0x08011372   0x00000002   PAD
    0x08011374   0x000000b4   Code   RO          186    .text               cc936.o
    0x08011428   0x000008a8   Code   RO          190    .text               mp3player.o
    0x08011cd0   0x0000057e   Code   RO          195    .text               mp3dec.o
    0x0801224e   0x00000002   PAD
    0x08012250   0x00000016   Code   RO          197    .text               asmmisc.o
    0x08012266   0x00000002   PAD
    0x08012268   0x0000080e   Code   RO          198    .text               asmpoly_thumb2.o
    0x08012a76   0x00000002   PAD
    0x08012a78   0x00000588   Code   RO          199    .text               bitstream.o
    0x08013000   0x0000013c   Code   RO          202    .text               buffers.o
    0x0801313c   0x00000d2c   Code   RO          203    .text               dct32.o
    0x08013e68   0x000002a0   Code   RO          205    .text               dequant.o
    0x08014108   0x0000044a   Code   RO          206    .text               dqchan.o
    0x08014552   0x00000002   PAD
    0x08014554   0x00000720   Code   RO          208    .text               huffman.o
    0x08014c74   0x0000102c   Code   RO          210    .text               imdct.o
    0x08015ca0   0x000005b4   Code   RO          212    .text               scalfact.o
    0x08016254   0x00000624   Code   RO          214    .text               stproc.o
    0x08016878   0x00000118   Code   RO          215    .text               subband.o
    0x08016990   0x00000384   Code   RO          219    .text               audio_common.o
    0x08016d14   0x00000490   Code   RO          224    .text               audio_mp3.o
    0x080171a4   0x00000294   Code   RO          231    .text               audio_wav.o
    0x08017438   0x0000190c   Code   RO          234    .text               lcd.o
    0x08018d44   0x00000062   Code   RO          241    .text               mc_w.l(uldiv.o)
    0x08018da6   0x0000005a   Code   RO          242    .text               mc_w.l(ldiv.o)
    0x08018e00   0x00000040   Code   RO          244    .text               mc_w.l(memmovea.o)
    0x08018e40   0x00000024   Code   RO          245    .text               mc_w.l(memseta.o)
    0x08018e64   0x0000000e   Code   RO          246    .text               mc_w.l(strlen.o)
    0x08018e72   0x0000001c   Code   RO          247    .text               mc_w.l(strcmp.o)
    0x08018e8e   0x00000012   Code   RO          248    .text               mc_w.l(strcpy.o)
    0x08018ea0   0x0000001e   Code   RO          249    .text               mc_w.l(strncmp.o)
    0x08018ebe   0x00000020   Code   RO          250    .text               mc_w.l(strrchr.o)
    0x08018ede   0x0000002a   Code   RO          253    .text               mc_w.l(strcasecmp.o)
    0x08018f08   0x00000032   Code   RO          254    .text               mc_w.l(strncasecmp.o)
    0x08018f3a   0x0000002c   Code   RO          400    .text               mc_w.l(uidiv.o)
    0x08018f66   0x0000001e   Code   RO          401    .text               mc_w.l(llshl.o)
    0x08018f84   0x00000020   Code   RO          402    .text               mc_w.l(llushr.o)
    0x08018fa4   0x0000000c   Code   RO          403    .text               mc_w.l(tolower.o)
    0x08018fb0   0x00000000   Code   RO          404    .text               mc_w.l(iusefp.o)
    0x08018fb0   0x0000014e   Code   RO          405    .text               mf_w.l(dadd.o)
    0x080190fe   0x000000e4   Code   RO          406    .text               mf_w.l(dmul.o)
    0x080191e2   0x000000de   Code   RO          407    .text               mf_w.l(ddiv.o)
    0x080192c0   0x00000030   Code   RO          408    .text               mf_w.l(dfixul.o)
    0x080192f0   0x00000028   Code   RO          409    .text               mf_w.l(cdrcmple.o)
    0x08019318   0x00000024   Code   RO          410    .text               mc_w.l(init.o)
    0x0801933c   0x00000024   Code   RO          411    .text               mc_w.l(llsshr.o)
    0x08019360   0x000000be   Code   RO          412    .text               mf_w.l(depilogue.o)
    0x0801941e   0x0000005c   Code   RO          418    .text               mc_w.l(__dczerorl2.o)
    0x0801947a   0x00000002   PAD
    0x0801947c   0x000000c4   Code   RO          136    CODE                os_cpu_a.o
    0x08019540   0x00000020   Code   RO          322    i.__0printf$5       mc_w.l(printf5.o)
    0x08019560   0x00000028   Code   RO          324    i.__0sprintf$5      mc_w.l(printf5.o)
    0x08019588   0x00000024   Code   RO          378    i.__0vsprintf       mc_w.l(printfa.o)
    0x080195ac   0x0000000e   Code   RO          415    i.__scatterload_copy  mc_w.l(handlers.o)
    0x080195ba   0x00000002   Code   RO          416    i.__scatterload_null  mc_w.l(handlers.o)
    0x080195bc   0x0000000e   Code   RO          417    i.__scatterload_zeroinit  mc_w.l(handlers.o)
    0x080195ca   0x00000002   PAD
    0x080195cc   0x0000015c   Code   RO          379    i._fp_digits        mc_w.l(printfa.o)
    0x08019728   0x000002c0   Code   RO          329    i._printf_core      mc_w.l(printf5.o)
    0x080199e8   0x000006f0   Code   RO          380    i._printf_core      mc_w.l(printfa.o)
    0x0801a0d8   0x00000026   Code   RO          381    i._printf_post_padding  mc_w.l(printfa.o)
    0x0801a0fe   0x00000030   Code   RO          382    i._printf_pre_padding  mc_w.l(printfa.o)
    0x0801a12e   0x0000000a   Code   RO          331    i._sputc            mc_w.l(printf5.o)
    0x0801a138   0x0000000a   Code   RO          384    i._sputc            mc_w.l(printfa.o)
    0x0801a142   0x00000002   PAD
    0x0801a144   0x00000278   Data   RO           22    .constdata          dev_key.o
    0x0801a3bc   0x0000001c   Data   RO          108    .constdata          stm32f4xx_fsmc.o
    0x0801a3d8   0x00000104   Data   RO          123    .constdata          cpu_core.o
    0x0801a4dc   0x00000094   Data   RO          134    .constdata          lib_str.o
    0x0801a570   0x00000094   Data   RO          141    .constdata          os_cfg_app.o
    0x0801a604   0x00000024   Data   RO          166    .constdata          malloc.o
    0x0801a628   0x00000070   Data   RO          172    .constdata          exfuns.o
    0x0801a698   0x0000003a   Data   RO          184    .constdata          ff.o
    0x0801a6d2   0x0002acc8   Data   RO          187    .constdata          cc936.o
    0x0804539a   0x0000061c   Data   RO          192    .constdata          mp3player.o
    0x080459b6   0x00000002   PAD
    0x080459b8   0x000004fe   Data   RO          196    .constdata          mp3tabs.o
    0x08045eb6   0x00000002   PAD
    0x08045eb8   0x000000c0   Data   RO          204    .constdata          dct32.o
    0x08045f78   0x00000250   Data   RO          207    .constdata          dqchan.o
    0x080461c8   0x00002304   Data   RO          209    .constdata          hufftabs.o
    0x080484cc   0x00000078   Data   RO          211    .constdata          imdct.o
    0x08048544   0x00000068   Data   RO          213    .constdata          scalfact.o
    0x080485ac   0x0000086c   Data   RO          216    .constdata          trigtabs.o
    0x08048e18   0x000017c0   Data   RO          236    .constdata          lcd.o
    0x0804a5d8   0x00000038   Data   RO          173    .conststring        exfuns.o
    0x0804a610   0x00000020   Data   RO          413    Region$$Table       anon$$obj.o


    Execution Region RW_IRAM1 (Base: 0x20000000, Size: 0x000169f8, Max: 0x00020000, ABSOLUTE, COMPRESSED[0x00000070])

    Base Addr    Size         Type   Attr      Idx    E Section Name        Object

    0x20000000   0x00000014   Data   RW           11    .data               system_stm32f4xx.o
    0x20000014   0x00000051   Data   RW           23    .data               dev_key.o
    0x20000065   0x00000003   PAD
    0x20000068   0x00000010   Data   RW           31    .data               sdio_sdcard.o
    0x20000078   0x00000014   Data   RW           44    .data               timer.o
    0x2000008c   0x00000004   Data   RW           49    .data               delay.o
    0x20000090   0x00000008   Data   RW           57    .data               usart.o
    0x20000098   0x00000010   Data   RW           71    .data               stm32f4xx_rcc.o
    0x200000a8   0x00000004   Data   RW          124    .data               cpu_core.o
    0x200000ac   0x00000004   Data   RW          132    .data               lib_mem.o
    0x200000b0   0x00000004   Data   RW          138    .data               os_cpu_c.o
    0x200000b4   0x00000008   Data   RW          148    .data               os_prio.o
    0x200000bc   0x0000009c   Data   RW          157    .data               os_var.o
    0x20000158   0x00000024   Data   RW          167    .data               malloc.o
    0x2000017c   0x00000014   Data   RW          174    .data               exfuns.o
    0x20000190   0x00000002   Data   RW          181    .data               diskio.o
    0x20000192   0x00000002   Data   RW          185    .data               ff.o
    0x20000194   0x0000000d   Data   RW          194    .data               mp3player.o
    0x200001a1   0x00000003   PAD
    0x200001a4   0x00000008   Data   RW          221    .data               audio_common.o
    0x200001ac   0x00000004   Data   RW          237    .data               lcd.o
    0x200001b0   0x000019d4   Zero   RW            4    .bss                main.o
    0x20001b84   0x000000c0   Zero   RW           21    .bss                dev_key.o
    0x20001c44   0x00000004   PAD
    0x20001c48   0x000002c0   Zero   RW           30    .bss                sdio_sdcard.o
    0x20001f08   0x000000c8   Zero   RW           56    .bss                usart.o
    0x20001fd0   0x0000016c   Zero   RW          117    .bss                bsp_int.o
    0x2000213c   0x00000010   Zero   RW          122    .bss                cpu_core.o
    0x2000214c   0x00000448   Zero   RW          131    .bss                lib_mem.o
    0x20002594   0x00001040   Zero   RW          140    .bss                os_cfg_app.o
    0x200035d4   0x0000058c   Zero   RW          156    .bss                os_var.o
    0x20003b60   0x0000ee00   Zero   RW          165    .bss                malloc.o
    0x20012960   0x00000050   Zero   RW          171    .bss                exfuns.o
    0x200129b0   0x0000000c   Zero   RW          183    .bss                ff.o
    0x200129bc   0x000007ec   Zero   RW          191    .bss                mp3player.o
    0x200131a8   0x00002440   Zero   RW          220    .bss                audio_common.o
    0x200155e8   0x00001000   Zero   RW          225    .bss                audio_mp3.o
    0x200165e8   0x0000000e   Zero   RW          235    .bss                lcd.o
    0x200165f6   0x00000002   PAD
    0x200165f8   0x00000400   Zero   RW           58    STACK               startup_stm32f40_41xxx.o



  Load Region LR$$.ARM.__AT_0x10000000 (Base: 0x10000000, Size: 0x00000000, Max: 0x00007800, ABSOLUTE)

    Execution Region ER$$.ARM.__AT_0x10000000 (Base: 0x10000000, Size: 0x00007800, Max: 0x00007800, ABSOLUTE, UNINIT)

    Base Addr    Size         Type   Attr      Idx    E Section Name        Object

    0x10000000   0x00007800   Zero   RW          161    .ARM.__AT_0x10000000  malloc.o



  Load Region LR$$.ARM.__AT_0x10007800 (Base: 0x10007800, Size: 0x00000000, Max: 0x00000780, ABSOLUTE)

    Execution Region ER$$.ARM.__AT_0x10007800 (Base: 0x10007800, Size: 0x00000780, Max: 0x00000780, ABSOLUTE, UNINIT)

    Base Addr    Size         Type   Attr      Idx    E Section Name        Object

    0x10007800   0x00000780   Zero   RW          162    .ARM.__AT_0x10007800  malloc.o



  Load Region LR$$.ARM.__AT_0x68000000 (Base: 0x68000000, Size: 0x00000000, Max: 0x00007800, ABSOLUTE)

    Execution Region ER$$.ARM.__AT_0x68000000 (Base: 0x68000000, Size: 0x00007800, Max: 0x00007800, ABSOLUTE, UNINIT)

    Base Addr    Size         Type   Attr      Idx    E Section Name        Object

    0x68000000   0x00007800   Zero   RW          163    .ARM.__AT_0x68000000  malloc.o



  Load Region LR$$.ARM.__AT_0x68007800 (Base: 0x68007800, Size: 0x00000000, Max: 0x00000780, ABSOLUTE)

    Execution Region ER$$.ARM.__AT_0x68007800 (Base: 0x68007800, Size: 0x00000780, Max: 0x00000780, ABSOLUTE, UNINIT)

    Base Addr    Size         Type   Attr      Idx    E Section Name        Object

    0x68007800   0x00000780   Zero   RW          164    .ARM.__AT_0x68007800  malloc.o


==============================================================================

Image component sizes


      Code (inc. data)   RO Data    RW Data    ZI Data      Debug   Object Name

        22          0          0          0          0          0   asmmisc.o
      2062          0          0          0          0          0   asmpoly_thumb2.o
       900        122          0          8       9280          0   audio_common.o
      1168         56          0          0       4096          0   audio_mp3.o
       660        148          0          0          0          0   audio_wav.o
      1416         68          0          0          0          0   bitstream.o
      1024         64          0          0          0          0   bsp.o
      1152          8          0          0        364          0   bsp_int.o
      1260        274          0          0          0          0   bsp_periph.o
       316          0          0          0          0          0   buffers.o
       180         18     175304          0          0          0   cc936.o
        52          0          0          0          0          0   cpu_a.o
      1888        104          0          0          0          0   cpu_c.o
       688         12        260          4         16          0   cpu_core.o
       260          4          0          0          0          0   dac.o
      3372         10        192          0          0          0   dct32.o
       226          8          0          4          0          0   delay.o
       672          4          0          0          0          0   dequant.o
      2644        298        632         81        192          0   dev_key.o
        96          6          0          0          0          0   dev_time.o
       168         12          0          0          0          0   dev_uart.o
       480          8          0          2          0          0   diskio.o
      1098         36        592          0          0          0   dqchan.o
       396         22        168         20         80          0   exfuns.o
     12678        138         58          2         12          0   ff.o
      1824         24          0          0          0          0   huffman.o
         0          0       8964          0          0          0   hufftabs.o
      4140         52        120          0          0          0   imdct.o
      6412        132       6080          4         14          0   lcd.o
        60          4          0          0          0          0   led.o
       598          0          0          0          0          0   lib_ascii.o
      2502         32          0          4       1096          0   lib_mem.o
       544          0          0          0          0          0   lib_mem_a.o
      2348          6        148          0          0          0   lib_str.o
      1408        664          0          0       6612          0   main.o
       544         18         36         36     126208          0   malloc.o
       228         22          0          0          0          0   misc.o
      1406         76          0          0          0          0   mp3dec.o
      2216        692       1564         13       2028          0   mp3player.o
         0          0       1278          0          0          0   mp3tabs.o
         2          0        148          0       4160          0   os_cfg_app.o
      2816        190          0          0          0          0   os_core.o
       196         32          0          0          0          0   os_cpu_a.o
      1160        170          0          4          0          0   os_cpu_c.o
      2336         60          0          0          0          0   os_flag.o
       460         12          0          0          0          0   os_msg.o
      1568         62          0          0          0          0   os_mutex.o
       124          4          0          8          0          0   os_prio.o
      1340         34          0          0          0          0   os_q.o
      1416         40          0          0          0          0   os_sem.o
       872        118          0          0          0          0   os_stat.o
      4240        138          0          0          0          0   os_task.o
       988         66          0          0          0          0   os_tick.o
       940         44          0          0          0          0   os_time.o
      1512        128          0          0          0          0   os_tmr.o
         0          0          0        156       1420          0   os_var.o
      1460          8        104          0          0          0   scalfact.o
      7536        284          0         16        704          0   sdio_sdcard.o
        36          8        392          0       1024          0   startup_stm32f40_41xxx.o
       528          6          0          0          0          0   stm32f4xx_dac.o
       932         32          0          0          0          0   stm32f4xx_dma.o
      1500         60         28          0          0          0   stm32f4xx_fsmc.o
       692         44          0          0          0          0   stm32f4xx_gpio.o
        56         24          0          0          0          0   stm32f4xx_it.o
      1628         52          0         16          0          0   stm32f4xx_rcc.o
       484         30          0          0          0          0   stm32f4xx_sdio.o
      3234         60          0          0          0          0   stm32f4xx_tim.o
      1108         34          0          0          0          0   stm32f4xx_usart.o
      1572         16          0          0          0          0   stproc.o
       280          6          0          0          0          0   subband.o
        16          0          0          0          0          0   sys.o
       524         44          0         20          0          0   system_stm32f4xx.o
       436         48          0         20          0          0   timer.o
         0          0       2156          0          0          0   trigtabs.o
       364         18          0          8        200          0   usart.o

    ----------------------------------------------------------------------
    101484       5014     198260        432     157512          0   Object Totals
         0          0         32          0          0          0   (incl. Generated)
        20          0          4          6          6          0   (incl. Padding)

    ----------------------------------------------------------------------

      Code (inc. data)   RO Data    RW Data    ZI Data      Debug   Library Member Name

        92          0          0          0          0          0   __dczerorl2.o
         0          0          0          0          0          0   entry.o
         0          0          0          0          0          0   entry10a.o
         0          0          0          0          0          0   entry11a.o
         8          4          0          0          0          0   entry2.o
         4          0          0          0          0          0   entry5.o
         0          0          0          0          0          0   entry7b.o
         0          0          0          0          0          0   entry8b.o
         8          4          0          0          0          0   entry9a.o
        30          0          0          0          0          0   handlers.o
        36          8          0          0          0          0   init.o
         0          0          0          0          0          0   iusefp.o
        90          0          0          0          0          0   ldiv.o
        30          0          0          0          0          0   llshl.o
        36          0          0          0          0          0   llsshr.o
        32          0          0          0          0          0   llushr.o
        64          0          0          0          0          0   memmovea.o
        36          0          0          0          0          0   memseta.o
       786         62          0          0          0          0   printf5.o
      2256         86          0          0          0          0   printfa.o
        42          0          0          0          0          0   strcasecmp.o
        28          0          0          0          0          0   strcmp.o
        18          0          0          0          0          0   strcpy.o
        14          0          0          0          0          0   strlen.o
        50          0          0          0          0          0   strncasecmp.o
        30          0          0          0          0          0   strncmp.o
        32          0          0          0          0          0   strrchr.o
        12          0          0          0          0          0   tolower.o
        44          0          0          0          0          0   uidiv.o
        98          0          0          0          0          0   uldiv.o
        40          2          0          0          0          0   cdrcmple.o
       334          0          0          0          0          0   dadd.o
       222          0          0          0          0          0   ddiv.o
       190          0          0          0          0          0   depilogue.o
        48          0          0          0          0          0   dfixul.o
       228          0          0          0          0          0   dmul.o

    ----------------------------------------------------------------------
      4944        166          0          0          0          0   Library Totals
         6          0          0          0          0          0   (incl. Padding)

    ----------------------------------------------------------------------

      Code (inc. data)   RO Data    RW Data    ZI Data      Debug   Library Name

      3876        164          0          0          0          0   mc_w.l
      1062          2          0          0          0          0   mf_w.l

    ----------------------------------------------------------------------
      4944        166          0          0          0          0   Library Totals

    ----------------------------------------------------------------------

==============================================================================


      Code (inc. data)   RO Data    RW Data    ZI Data      Debug   

    106428       5180     198260        432     157512          0   Grand Totals
    106428       5180     198260        112     157512          0   ELF Image Totals (compressed)
    106428       5180     198260        112          0          0   ROM Totals

==============================================================================

    Total RO  Size (Code + RO Data)               304688 ( 297.55kB)
    Total RW  Size (RW Data + ZI Data)            157944 ( 154.24kB)
    Total ROM Size (Code + RO Data + RW Data)     304800 ( 297.66kB)

==============================================================================

