<!doctype html public "-//w3c//dtd html 4.0 transitional//en">
<html><head>
<title>Static Call Graph - [.\Obj\uCOS-III.axf]</title></head>
<body><HR>
<H1>Static Call Graph for image .\Obj\uCOS-III.axf</H1><HR>
<BR><P>#&#060CALLGRAPH&#062# ARM Linker, 5.03 [Build 76]: Last Updated: Mon Nov 20 14:04:24 2017
<BR><P>
<H3>Maximum Stack Usage =        208 bytes + Unknown(Functions without stacksize, Cycles, Untraceable Function Pointers)</H3><H3>
Call chain for Maximum Stack Depth:</H3>
main &rArr; OSInit &rArr; OS_TmrInit &rArr; OSTaskCreate &rArr; OSSched &rArr; OS_PrioGetHighest
<P>
<H3>
Functions with no stack information
</H3><UL>
 <LI><a href="#[8b]">CPU_IntDis</a>
 <LI><a href="#[18b]">CPU_IntEn</a>
 <LI><a href="#[8f]">CPU_SR_Save</a>
 <LI><a href="#[90]">CPU_SR_Restore</a>
 <LI><a href="#[18c]">CPU_WaitForInt</a>
 <LI><a href="#[18d]">CPU_WaitForExcept</a>
 <LI><a href="#[a7]">CPU_CntLeadZeros</a>
 <LI><a href="#[ab]">CPU_CntTrailZeros</a>
 <LI><a href="#[18e]">CPU_RevBits</a>
 <LI><a href="#[b7]">Mem_Copy</a>
 <LI><a href="#[e1]">OS_CPU_FP_Reg_Push</a>
 <LI><a href="#[e2]">OS_CPU_FP_Reg_Pop</a>
 <LI><a href="#[fe]">OSStartHighRdy</a>
 <LI><a href="#[f9]">OSCtxSw</a>
 <LI><a href="#[f7]">OSIntCtxSw</a>
 <LI><a href="#[7]">OS_CPU_PendSVHandler</a>
</UL>
</UL>
<P>
<H3>
Mutually Recursive functions
</H3> <LI><a href="#[1]">App_NMI_ISR</a>&nbsp;&nbsp;&nbsp;&rArr;&nbsp;&nbsp;&nbsp;<a href="#[1]">App_NMI_ISR</a><BR>
 <LI><a href="#[2]">App_Fault_ISR</a>&nbsp;&nbsp;&nbsp;&rArr;&nbsp;&nbsp;&nbsp;<a href="#[2]">App_Fault_ISR</a><BR>
 <LI><a href="#[3]">App_MemFault_ISR</a>&nbsp;&nbsp;&nbsp;&rArr;&nbsp;&nbsp;&nbsp;<a href="#[3]">App_MemFault_ISR</a><BR>
 <LI><a href="#[4]">App_BusFault_ISR</a>&nbsp;&nbsp;&nbsp;&rArr;&nbsp;&nbsp;&nbsp;<a href="#[4]">App_BusFault_ISR</a><BR>
 <LI><a href="#[5]">App_UsageFault_ISR</a>&nbsp;&nbsp;&nbsp;&rArr;&nbsp;&nbsp;&nbsp;<a href="#[5]">App_UsageFault_ISR</a><BR>
 <LI><a href="#[6]">App_Spurious_ISR</a>&nbsp;&nbsp;&nbsp;&rArr;&nbsp;&nbsp;&nbsp;<a href="#[6]">App_Spurious_ISR</a><BR>
</UL>
<P>
<H3>
Function Pointers
</H3><UL>
 <LI><a href="#[65]">AppTaskStart</a> from app.o(.text) referenced from app.o(.text)
 <LI><a href="#[4]">App_BusFault_ISR</a> from cstartup.o(.text) referenced from cstartup.o(RESET)
 <LI><a href="#[2]">App_Fault_ISR</a> from cstartup.o(.text) referenced from cstartup.o(RESET)
 <LI><a href="#[3]">App_MemFault_ISR</a> from cstartup.o(.text) referenced from cstartup.o(RESET)
 <LI><a href="#[1]">App_NMI_ISR</a> from cstartup.o(.text) referenced from cstartup.o(RESET)
 <LI><a href="#[6]">App_Spurious_ISR</a> from cstartup.o(.text) referenced 7 times from cstartup.o(RESET)
 <LI><a href="#[5]">App_UsageFault_ISR</a> from cstartup.o(.text) referenced from cstartup.o(RESET)
 <LI><a href="#[1b]">BSP_IntHandlerADC</a> from bsp_int.o(.text) referenced from cstartup.o(RESET)
 <LI><a href="#[1d]">BSP_IntHandlerCAN1_RX0</a> from bsp_int.o(.text) referenced from cstartup.o(RESET)
 <LI><a href="#[1e]">BSP_IntHandlerCAN1_RX1</a> from bsp_int.o(.text) referenced from cstartup.o(RESET)
 <LI><a href="#[1f]">BSP_IntHandlerCAN1_SCE</a> from bsp_int.o(.text) referenced from cstartup.o(RESET)
 <LI><a href="#[1c]">BSP_IntHandlerCAN1_TX</a> from bsp_int.o(.text) referenced from cstartup.o(RESET)
 <LI><a href="#[49]">BSP_IntHandlerCAN2_RX0</a> from bsp_int.o(.text) referenced from cstartup.o(RESET)
 <LI><a href="#[4a]">BSP_IntHandlerCAN2_RX1</a> from bsp_int.o(.text) referenced from cstartup.o(RESET)
 <LI><a href="#[4b]">BSP_IntHandlerCAN2_SCE</a> from bsp_int.o(.text) referenced from cstartup.o(RESET)
 <LI><a href="#[48]">BSP_IntHandlerCAN2_TX</a> from bsp_int.o(.text) referenced from cstartup.o(RESET)
 <LI><a href="#[58]">BSP_IntHandlerCRYP</a> from bsp_int.o(.text) referenced from cstartup.o(RESET)
 <LI><a href="#[57]">BSP_IntHandlerDCMI</a> from bsp_int.o(.text) referenced from cstartup.o(RESET)
 <LI><a href="#[14]">BSP_IntHandlerDMA1_CH0</a> from bsp_int.o(.text) referenced from cstartup.o(RESET)
 <LI><a href="#[15]">BSP_IntHandlerDMA1_CH1</a> from bsp_int.o(.text) referenced from cstartup.o(RESET)
 <LI><a href="#[16]">BSP_IntHandlerDMA1_CH2</a> from bsp_int.o(.text) referenced from cstartup.o(RESET)
 <LI><a href="#[17]">BSP_IntHandlerDMA1_CH3</a> from bsp_int.o(.text) referenced from cstartup.o(RESET)
 <LI><a href="#[18]">BSP_IntHandlerDMA1_CH4</a> from bsp_int.o(.text) referenced from cstartup.o(RESET)
 <LI><a href="#[19]">BSP_IntHandlerDMA1_CH5</a> from bsp_int.o(.text) referenced from cstartup.o(RESET)
 <LI><a href="#[1a]">BSP_IntHandlerDMA1_CH6</a> from bsp_int.o(.text) referenced from cstartup.o(RESET)
 <LI><a href="#[38]">BSP_IntHandlerDMA1_STREAM7</a> from bsp_int.o(.text) referenced from cstartup.o(RESET)
 <LI><a href="#[63]">BSP_IntHandlerDMA2D</a> from bsp_int.o(.text) referenced from cstartup.o(RESET)
 <LI><a href="#[41]">BSP_IntHandlerDMA2_CH0</a> from bsp_int.o(.text) referenced from cstartup.o(RESET)
 <LI><a href="#[42]">BSP_IntHandlerDMA2_CH1</a> from bsp_int.o(.text) referenced from cstartup.o(RESET)
 <LI><a href="#[43]">BSP_IntHandlerDMA2_CH2</a> from bsp_int.o(.text) referenced from cstartup.o(RESET)
 <LI><a href="#[44]">BSP_IntHandlerDMA2_CH3</a> from bsp_int.o(.text) referenced from cstartup.o(RESET)
 <LI><a href="#[45]">BSP_IntHandlerDMA2_CH4</a> from bsp_int.o(.text) referenced from cstartup.o(RESET)
 <LI><a href="#[4d]">BSP_IntHandlerDMA2_CH5</a> from bsp_int.o(.text) referenced from cstartup.o(RESET)
 <LI><a href="#[4e]">BSP_IntHandlerDMA2_CH6</a> from bsp_int.o(.text) referenced from cstartup.o(RESET)
 <LI><a href="#[4f]">BSP_IntHandlerDMA2_CH7</a> from bsp_int.o(.text) referenced from cstartup.o(RESET)
 <LI><a href="#[66]">BSP_IntHandlerDummy</a> from bsp_int.o(.text) referenced from bsp_int.o(.text)
 <LI><a href="#[46]">BSP_IntHandlerETH</a> from bsp_int.o(.text) referenced from cstartup.o(RESET)
 <LI><a href="#[47]">BSP_IntHandlerETHWakeup</a> from bsp_int.o(.text) referenced from cstartup.o(RESET)
 <LI><a href="#[f]">BSP_IntHandlerEXTI0</a> from bsp_int.o(.text) referenced from cstartup.o(RESET)
 <LI><a href="#[10]">BSP_IntHandlerEXTI1</a> from bsp_int.o(.text) referenced from cstartup.o(RESET)
 <LI><a href="#[31]">BSP_IntHandlerEXTI15_10</a> from bsp_int.o(.text) referenced from cstartup.o(RESET)
 <LI><a href="#[11]">BSP_IntHandlerEXTI2</a> from bsp_int.o(.text) referenced from cstartup.o(RESET)
 <LI><a href="#[12]">BSP_IntHandlerEXTI3</a> from bsp_int.o(.text) referenced from cstartup.o(RESET)
 <LI><a href="#[13]">BSP_IntHandlerEXTI4</a> from bsp_int.o(.text) referenced from cstartup.o(RESET)
 <LI><a href="#[20]">BSP_IntHandlerEXTI9_5</a> from bsp_int.o(.text) referenced from cstartup.o(RESET)
 <LI><a href="#[d]">BSP_IntHandlerFLASH</a> from bsp_int.o(.text) referenced from cstartup.o(RESET)
 <LI><a href="#[5a]">BSP_IntHandlerFPU</a> from bsp_int.o(.text) referenced from cstartup.o(RESET)
 <LI><a href="#[39]">BSP_IntHandlerFSMC</a> from bsp_int.o(.text) referenced from cstartup.o(RESET)
 <LI><a href="#[59]">BSP_IntHandlerHASH_RNG</a> from bsp_int.o(.text) referenced from cstartup.o(RESET)
 <LI><a href="#[29]">BSP_IntHandlerI2C1_ER</a> from bsp_int.o(.text) referenced from cstartup.o(RESET)
 <LI><a href="#[28]">BSP_IntHandlerI2C1_EV</a> from bsp_int.o(.text) referenced from cstartup.o(RESET)
 <LI><a href="#[2b]">BSP_IntHandlerI2C2_ER</a> from bsp_int.o(.text) referenced from cstartup.o(RESET)
 <LI><a href="#[2a]">BSP_IntHandlerI2C2_EV</a> from bsp_int.o(.text) referenced from cstartup.o(RESET)
 <LI><a href="#[52]">BSP_IntHandlerI2C3_ER</a> from bsp_int.o(.text) referenced from cstartup.o(RESET)
 <LI><a href="#[51]">BSP_IntHandlerI2C3_EV</a> from bsp_int.o(.text) referenced from cstartup.o(RESET)
 <LI><a href="#[61]">BSP_IntHandlerLTDC</a> from bsp_int.o(.text) referenced from cstartup.o(RESET)
 <LI><a href="#[62]">BSP_IntHandlerLTDC_ER</a> from bsp_int.o(.text) referenced from cstartup.o(RESET)
 <LI><a href="#[4c]">BSP_IntHandlerOTG_FS</a> from bsp_int.o(.text) referenced from cstartup.o(RESET)
 <LI><a href="#[33]">BSP_IntHandlerOTG_FS_WKUP</a> from bsp_int.o(.text) referenced from cstartup.o(RESET)
 <LI><a href="#[56]">BSP_IntHandlerOTG_HS</a> from bsp_int.o(.text) referenced from cstartup.o(RESET)
 <LI><a href="#[54]">BSP_IntHandlerOTG_HS_EP1_IN</a> from bsp_int.o(.text) referenced from cstartup.o(RESET)
 <LI><a href="#[53]">BSP_IntHandlerOTG_HS_EP1_OUT</a> from bsp_int.o(.text) referenced from cstartup.o(RESET)
 <LI><a href="#[55]">BSP_IntHandlerOTG_HS_WKUP</a> from bsp_int.o(.text) referenced from cstartup.o(RESET)
 <LI><a href="#[a]">BSP_IntHandlerPVD</a> from bsp_int.o(.text) referenced from cstartup.o(RESET)
 <LI><a href="#[e]">BSP_IntHandlerRCC</a> from bsp_int.o(.text) referenced from cstartup.o(RESET)
 <LI><a href="#[32]">BSP_IntHandlerRTCAlarm</a> from bsp_int.o(.text) referenced from cstartup.o(RESET)
 <LI><a href="#[c]">BSP_IntHandlerRTC_WKUP</a> from bsp_int.o(.text) referenced from cstartup.o(RESET)
 <LI><a href="#[60]">BSP_IntHandlerSAI1</a> from bsp_int.o(.text) referenced from cstartup.o(RESET)
 <LI><a href="#[3a]">BSP_IntHandlerSDIO</a> from bsp_int.o(.text) referenced from cstartup.o(RESET)
 <LI><a href="#[2c]">BSP_IntHandlerSPI1</a> from bsp_int.o(.text) referenced from cstartup.o(RESET)
 <LI><a href="#[2d]">BSP_IntHandlerSPI2</a> from bsp_int.o(.text) referenced from cstartup.o(RESET)
 <LI><a href="#[3c]">BSP_IntHandlerSPI3</a> from bsp_int.o(.text) referenced from cstartup.o(RESET)
 <LI><a href="#[5d]">BSP_IntHandlerSPI4</a> from bsp_int.o(.text) referenced from cstartup.o(RESET)
 <LI><a href="#[5e]">BSP_IntHandlerSPI5</a> from bsp_int.o(.text) referenced from cstartup.o(RESET)
 <LI><a href="#[5f]">BSP_IntHandlerSPI6</a> from bsp_int.o(.text) referenced from cstartup.o(RESET)
 <LI><a href="#[b]">BSP_IntHandlerTAMP_STAMP</a> from bsp_int.o(.text) referenced from cstartup.o(RESET)
 <LI><a href="#[21]">BSP_IntHandlerTIM1_BRK_TIM9</a> from bsp_int.o(.text) referenced from cstartup.o(RESET)
 <LI><a href="#[24]">BSP_IntHandlerTIM1_CC</a> from bsp_int.o(.text) referenced from cstartup.o(RESET)
 <LI><a href="#[23]">BSP_IntHandlerTIM1_TRG_COM_TIM11</a> from bsp_int.o(.text) referenced from cstartup.o(RESET)
 <LI><a href="#[22]">BSP_IntHandlerTIM1_UP_TIM10</a> from bsp_int.o(.text) referenced from cstartup.o(RESET)
 <LI><a href="#[25]">BSP_IntHandlerTIM2</a> from bsp_int.o(.text) referenced from cstartup.o(RESET)
 <LI><a href="#[26]">BSP_IntHandlerTIM3</a> from bsp_int.o(.text) referenced from cstartup.o(RESET)
 <LI><a href="#[27]">BSP_IntHandlerTIM4</a> from bsp_int.o(.text) referenced from cstartup.o(RESET)
 <LI><a href="#[3b]">BSP_IntHandlerTIM5</a> from bsp_int.o(.text) referenced from cstartup.o(RESET)
 <LI><a href="#[3f]">BSP_IntHandlerTIM6_DAC</a> from bsp_int.o(.text) referenced from cstartup.o(RESET)
 <LI><a href="#[40]">BSP_IntHandlerTIM7</a> from bsp_int.o(.text) referenced from cstartup.o(RESET)
 <LI><a href="#[34]">BSP_IntHandlerTIM8_BRK_TIM12</a> from bsp_int.o(.text) referenced from cstartup.o(RESET)
 <LI><a href="#[37]">BSP_IntHandlerTIM8_CC</a> from bsp_int.o(.text) referenced from cstartup.o(RESET)
 <LI><a href="#[36]">BSP_IntHandlerTIM8_TRG_COM_TIM14</a> from bsp_int.o(.text) referenced from cstartup.o(RESET)
 <LI><a href="#[35]">BSP_IntHandlerTIM8_UP_TIM13</a> from bsp_int.o(.text) referenced from cstartup.o(RESET)
 <LI><a href="#[5b]">BSP_IntHandlerUART7</a> from bsp_int.o(.text) referenced from cstartup.o(RESET)
 <LI><a href="#[5c]">BSP_IntHandlerUART8</a> from bsp_int.o(.text) referenced from cstartup.o(RESET)
 <LI><a href="#[2e]">BSP_IntHandlerUSART1</a> from bsp_int.o(.text) referenced from cstartup.o(RESET)
 <LI><a href="#[2f]">BSP_IntHandlerUSART2</a> from bsp_int.o(.text) referenced from cstartup.o(RESET)
 <LI><a href="#[30]">BSP_IntHandlerUSART3</a> from bsp_int.o(.text) referenced from cstartup.o(RESET)
 <LI><a href="#[3d]">BSP_IntHandlerUSART4</a> from bsp_int.o(.text) referenced from cstartup.o(RESET)
 <LI><a href="#[3e]">BSP_IntHandlerUSART5</a> from bsp_int.o(.text) referenced from cstartup.o(RESET)
 <LI><a href="#[50]">BSP_IntHandlerUSART6</a> from bsp_int.o(.text) referenced from cstartup.o(RESET)
 <LI><a href="#[9]">BSP_IntHandlerWWDG</a> from bsp_int.o(.text) referenced from cstartup.o(RESET)
 <LI><a href="#[69]">OSTaskSwHook</a> from os_cpu_c.o(.text) referenced from os_cpu_a.o(CODE)
 <LI><a href="#[7]">OS_CPU_PendSVHandler</a> from os_cpu_a.o(CODE) referenced from cstartup.o(RESET)
 <LI><a href="#[8]">OS_CPU_SysTickHandler</a> from os_cpu_c.o(.text) referenced from cstartup.o(RESET)
 <LI><a href="#[e4]">OS_IdleTask</a> from os_core.o(.text) referenced from os_core.o(.text)
 <LI><a href="#[14d]">OS_StatTask</a> from os_stat.o(.text) referenced from os_stat.o(.text)
 <LI><a href="#[68]">OS_TaskReturn</a> from os_task.o(.text) referenced from os_cpu_c.o(.text)
 <LI><a href="#[16a]">OS_TickTask</a> from os_tick.o(.text) referenced from os_tick.o(.text)
 <LI><a href="#[17b]">OS_TmrTask</a> from os_tmr.o(.text) referenced from os_tmr.o(.text)
 <LI><a href="#[0]">Reset_Handler</a> from cstartup.o(.text) referenced from cstartup.o(RESET)
 <LI><a href="#[67]">__main</a> from entry.o(.ARM.Collect$$$$00000000) referenced from cstartup.o(.text)
 <LI><a href="#[64]">main</a> from app.o(.text) referenced from entry9a.o(.ARM.Collect$$$$0000000B)
</UL>
<P>
<H3>
Global Symbols
</H3>
<P><STRONG><a name="[67]"></a>__main</STRONG> (Thumb, 0 bytes, Stack size unknown bytes, entry.o(.ARM.Collect$$$$00000000))
<BR>[Address Reference Count : 1]<UL><LI> cstartup.o(.text)
</UL>
<P><STRONG><a name="[183]"></a>_main_stk</STRONG> (Thumb, 0 bytes, Stack size unknown bytes, entry2.o(.ARM.Collect$$$$00000001))

<P><STRONG><a name="[6a]"></a>_main_scatterload</STRONG> (Thumb, 0 bytes, Stack size unknown bytes, entry5.o(.ARM.Collect$$$$00000004))
<BR><BR>[Calls]<UL><LI><a href="#[6b]">&gt;&gt;</a>&nbsp;&nbsp;&nbsp;__scatterload
</UL>

<P><STRONG><a name="[182]"></a>__main_after_scatterload</STRONG> (Thumb, 0 bytes, Stack size unknown bytes, entry5.o(.ARM.Collect$$$$00000004))
<BR><BR>[Called By]<UL><LI><a href="#[6b]">&gt;&gt;</a>&nbsp;&nbsp;&nbsp;__scatterload
</UL>

<P><STRONG><a name="[184]"></a>_main_clock</STRONG> (Thumb, 0 bytes, Stack size unknown bytes, entry7b.o(.ARM.Collect$$$$00000008))

<P><STRONG><a name="[185]"></a>_main_cpp_init</STRONG> (Thumb, 0 bytes, Stack size unknown bytes, entry8b.o(.ARM.Collect$$$$0000000A))

<P><STRONG><a name="[186]"></a>_main_init</STRONG> (Thumb, 0 bytes, Stack size unknown bytes, entry9a.o(.ARM.Collect$$$$0000000B))

<P><STRONG><a name="[187]"></a>__rt_final_cpp</STRONG> (Thumb, 0 bytes, Stack size unknown bytes, entry10a.o(.ARM.Collect$$$$0000000D))

<P><STRONG><a name="[188]"></a>__rt_final_exit</STRONG> (Thumb, 0 bytes, Stack size unknown bytes, entry11a.o(.ARM.Collect$$$$0000000F))

<P><STRONG><a name="[64]"></a>main</STRONG> (Thumb, 74 bytes, Stack size 48 bytes, app.o(.text))
<BR><BR>[Stack]<UL><LI>Max Depth = 208 + Unknown Stack Size
<LI>Call Chain = main &rArr; OSInit &rArr; OS_TmrInit &rArr; OSTaskCreate &rArr; OSSched &rArr; OS_PrioGetHighest
</UL>
<BR>[Calls]<UL><LI><a href="#[7a]">&gt;&gt;</a>&nbsp;&nbsp;&nbsp;OSTaskCreate
<LI><a href="#[7b]">&gt;&gt;</a>&nbsp;&nbsp;&nbsp;OSStart
<LI><a href="#[79]">&gt;&gt;</a>&nbsp;&nbsp;&nbsp;OSInit
<LI><a href="#[78]">&gt;&gt;</a>&nbsp;&nbsp;&nbsp;BSP_IntDisAll
</UL>
<BR>[Address Reference Count : 1]<UL><LI> entry9a.o(.ARM.Collect$$$$0000000B)
</UL>
<P><STRONG><a name="[6c]"></a>BSP_Init</STRONG> (Thumb, 242 bytes, Stack size 16 bytes, bsp.o(.text))
<BR><BR>[Stack]<UL><LI>Max Depth = 52 + Unknown Stack Size
<LI>Call Chain = BSP_Init &rArr; BSP_LED_Init &rArr; GPIO_Init
</UL>
<BR>[Calls]<UL><LI><a href="#[7f]">&gt;&gt;</a>&nbsp;&nbsp;&nbsp;BSP_IntInit
<LI><a href="#[7c]">&gt;&gt;</a>&nbsp;&nbsp;&nbsp;BSP_LED_Init
</UL>
<BR>[Called By]<UL><LI><a href="#[65]">&gt;&gt;</a>&nbsp;&nbsp;&nbsp;AppTaskStart
</UL>

<P><STRONG><a name="[6e]"></a>BSP_CPU_ClkFreq</STRONG> (Thumb, 14 bytes, Stack size 24 bytes, bsp.o(.text))
<BR><BR>[Stack]<UL><LI>Max Depth = 44<LI>Call Chain = BSP_CPU_ClkFreq &rArr; RCC_GetClocksFreq
</UL>
<BR>[Calls]<UL><LI><a href="#[80]">&gt;&gt;</a>&nbsp;&nbsp;&nbsp;RCC_GetClocksFreq
</UL>
<BR>[Called By]<UL><LI><a href="#[96]">&gt;&gt;</a>&nbsp;&nbsp;&nbsp;BSP_PeriphClkFreqGet
<LI><a href="#[87]">&gt;&gt;</a>&nbsp;&nbsp;&nbsp;CPU_TS32_to_uSec
<LI><a href="#[85]">&gt;&gt;</a>&nbsp;&nbsp;&nbsp;CPU_TS_TmrInit
<LI><a href="#[65]">&gt;&gt;</a>&nbsp;&nbsp;&nbsp;AppTaskStart
</UL>

<P><STRONG><a name="[73]"></a>BSP_LED_Off</STRONG> (Thumb, 98 bytes, Stack size 8 bytes, bsp.o(.text))
<BR><BR>[Stack]<UL><LI>Max Depth = 8<LI>Call Chain = BSP_LED_Off
</UL>
<BR>[Calls]<UL><LI><a href="#[81]">&gt;&gt;</a>&nbsp;&nbsp;&nbsp;GPIO_SetBits
</UL>
<BR>[Called By]<UL><LI><a href="#[65]">&gt;&gt;</a>&nbsp;&nbsp;&nbsp;AppTaskStart
</UL>

<P><STRONG><a name="[82]"></a>BSP_LED_On</STRONG> (Thumb, 98 bytes, Stack size 8 bytes, bsp.o(.text), UNUSED)
<BR><BR>[Calls]<UL><LI><a href="#[83]">&gt;&gt;</a>&nbsp;&nbsp;&nbsp;GPIO_ResetBits
</UL>

<P><STRONG><a name="[76]"></a>BSP_LED_Toggle</STRONG> (Thumb, 276 bytes, Stack size 16 bytes, bsp.o(.text))
<BR><BR>[Stack]<UL><LI>Max Depth = 16<LI>Call Chain = BSP_LED_Toggle
</UL>
<BR>[Calls]<UL><LI><a href="#[81]">&gt;&gt;</a>&nbsp;&nbsp;&nbsp;GPIO_SetBits
<LI><a href="#[83]">&gt;&gt;</a>&nbsp;&nbsp;&nbsp;GPIO_ResetBits
<LI><a href="#[84]">&gt;&gt;</a>&nbsp;&nbsp;&nbsp;GPIO_ReadOutputData
</UL>
<BR>[Called By]<UL><LI><a href="#[65]">&gt;&gt;</a>&nbsp;&nbsp;&nbsp;AppTaskStart
</UL>

<P><STRONG><a name="[85]"></a>CPU_TS_TmrInit</STRONG> (Thumb, 44 bytes, Stack size 8 bytes, bsp.o(.text))
<BR><BR>[Stack]<UL><LI>Max Depth = 52<LI>Call Chain = CPU_TS_TmrInit &rArr; BSP_CPU_ClkFreq &rArr; RCC_GetClocksFreq
</UL>
<BR>[Calls]<UL><LI><a href="#[86]">&gt;&gt;</a>&nbsp;&nbsp;&nbsp;CPU_TS_TmrFreqSet
<LI><a href="#[6e]">&gt;&gt;</a>&nbsp;&nbsp;&nbsp;BSP_CPU_ClkFreq
</UL>
<BR>[Called By]<UL><LI><a href="#[9d]">&gt;&gt;</a>&nbsp;&nbsp;&nbsp;CPU_TS_Init
</UL>

<P><STRONG><a name="[a4]"></a>CPU_TS_TmrRd</STRONG> (Thumb, 6 bytes, Stack size 0 bytes, bsp.o(.text))
<BR><BR>[Called By]<UL><LI><a href="#[fc]">&gt;&gt;</a>&nbsp;&nbsp;&nbsp;OS_SchedLockTimeMeasStop
<LI><a href="#[fa]">&gt;&gt;</a>&nbsp;&nbsp;&nbsp;OS_SchedLockTimeMeasStart
<LI><a href="#[69]">&gt;&gt;</a>&nbsp;&nbsp;&nbsp;OSTaskSwHook
<LI><a href="#[a3]">&gt;&gt;</a>&nbsp;&nbsp;&nbsp;CPU_TS_Get32
<LI><a href="#[17b]">&gt;&gt;</a>&nbsp;&nbsp;&nbsp;OS_TmrTask
<LI><a href="#[169]">&gt;&gt;</a>&nbsp;&nbsp;&nbsp;OS_TickListUpdateDly
<LI><a href="#[168]">&gt;&gt;</a>&nbsp;&nbsp;&nbsp;OS_TickListUpdateTimeout
<LI><a href="#[164]">&gt;&gt;</a>&nbsp;&nbsp;&nbsp;OSTaskSemPost
<LI><a href="#[162]">&gt;&gt;</a>&nbsp;&nbsp;&nbsp;OSTaskSemPendAbort
<LI><a href="#[161]">&gt;&gt;</a>&nbsp;&nbsp;&nbsp;OSTaskSemPend
<LI><a href="#[15c]">&gt;&gt;</a>&nbsp;&nbsp;&nbsp;OSTaskQPost
<LI><a href="#[15a]">&gt;&gt;</a>&nbsp;&nbsp;&nbsp;OSTaskQPendAbort
<LI><a href="#[159]">&gt;&gt;</a>&nbsp;&nbsp;&nbsp;OSTaskQPend
<LI><a href="#[151]">&gt;&gt;</a>&nbsp;&nbsp;&nbsp;OS_TaskInitTCB
<LI><a href="#[14d]">&gt;&gt;</a>&nbsp;&nbsp;&nbsp;OS_StatTask
<LI><a href="#[147]">&gt;&gt;</a>&nbsp;&nbsp;&nbsp;OSStatReset
<LI><a href="#[145]">&gt;&gt;</a>&nbsp;&nbsp;&nbsp;OSSemPost
<LI><a href="#[143]">&gt;&gt;</a>&nbsp;&nbsp;&nbsp;OSSemPendAbort
<LI><a href="#[140]">&gt;&gt;</a>&nbsp;&nbsp;&nbsp;OSSemDel
<LI><a href="#[13c]">&gt;&gt;</a>&nbsp;&nbsp;&nbsp;OSQPost
<LI><a href="#[139]">&gt;&gt;</a>&nbsp;&nbsp;&nbsp;OSQPendAbort
<LI><a href="#[134]">&gt;&gt;</a>&nbsp;&nbsp;&nbsp;OSQDel
<LI><a href="#[12e]">&gt;&gt;</a>&nbsp;&nbsp;&nbsp;OSMutexPost
<LI><a href="#[12d]">&gt;&gt;</a>&nbsp;&nbsp;&nbsp;OSMutexPendAbort
<LI><a href="#[12a]">&gt;&gt;</a>&nbsp;&nbsp;&nbsp;OSMutexDel
<LI><a href="#[122]">&gt;&gt;</a>&nbsp;&nbsp;&nbsp;OSFlagPost
<LI><a href="#[11e]">&gt;&gt;</a>&nbsp;&nbsp;&nbsp;OSFlagPendAbort
<LI><a href="#[11a]">&gt;&gt;</a>&nbsp;&nbsp;&nbsp;OSFlagDel
</UL>

<P><STRONG><a name="[87]"></a>CPU_TS32_to_uSec</STRONG> (Thumb, 54 bytes, Stack size 32 bytes, bsp.o(.text), UNUSED)
<BR><BR>[Calls]<UL><LI><a href="#[6e]">&gt;&gt;</a>&nbsp;&nbsp;&nbsp;BSP_CPU_ClkFreq
<LI><a href="#[88]">&gt;&gt;</a>&nbsp;&nbsp;&nbsp;__aeabi_uldivmod
</UL>

<P><STRONG><a name="[189]"></a>BSP_IntClr</STRONG> (Thumb, 2 bytes, Stack size 0 bytes, bsp_int.o(.text), UNUSED)

<P><STRONG><a name="[89]"></a>BSP_IntDis</STRONG> (Thumb, 20 bytes, Stack size 8 bytes, bsp_int.o(.text), UNUSED)
<BR><BR>[Calls]<UL><LI><a href="#[8a]">&gt;&gt;</a>&nbsp;&nbsp;&nbsp;CPU_IntSrcDis
</UL>

<P><STRONG><a name="[78]"></a>BSP_IntDisAll</STRONG> (Thumb, 8 bytes, Stack size 8 bytes, bsp_int.o(.text))
<BR><BR>[Stack]<UL><LI>Max Depth = 8 + Unknown Stack Size
<LI>Call Chain = BSP_IntDisAll
</UL>
<BR>[Calls]<UL><LI><a href="#[8b]">&gt;&gt;</a>&nbsp;&nbsp;&nbsp;CPU_IntDis
</UL>
<BR>[Called By]<UL><LI><a href="#[64]">&gt;&gt;</a>&nbsp;&nbsp;&nbsp;main
</UL>

<P><STRONG><a name="[8c]"></a>BSP_IntEn</STRONG> (Thumb, 20 bytes, Stack size 8 bytes, bsp_int.o(.text), UNUSED)
<BR><BR>[Calls]<UL><LI><a href="#[8d]">&gt;&gt;</a>&nbsp;&nbsp;&nbsp;CPU_IntSrcEn
</UL>

<P><STRONG><a name="[8e]"></a>BSP_IntVectSet</STRONG> (Thumb, 48 bytes, Stack size 16 bytes, bsp_int.o(.text))
<BR><BR>[Stack]<UL><LI>Max Depth = 16 + Unknown Stack Size
<LI>Call Chain = BSP_IntVectSet
</UL>
<BR>[Calls]<UL><LI><a href="#[8f]">&gt;&gt;</a>&nbsp;&nbsp;&nbsp;CPU_SR_Save
<LI><a href="#[90]">&gt;&gt;</a>&nbsp;&nbsp;&nbsp;CPU_SR_Restore
</UL>
<BR>[Called By]<UL><LI><a href="#[7f]">&gt;&gt;</a>&nbsp;&nbsp;&nbsp;BSP_IntInit
</UL>

<P><STRONG><a name="[91]"></a>BSP_IntPrioSet</STRONG> (Thumb, 54 bytes, Stack size 16 bytes, bsp_int.o(.text), UNUSED)
<BR><BR>[Calls]<UL><LI><a href="#[92]">&gt;&gt;</a>&nbsp;&nbsp;&nbsp;CPU_IntSrcPrioSet
<LI><a href="#[8f]">&gt;&gt;</a>&nbsp;&nbsp;&nbsp;CPU_SR_Save
<LI><a href="#[90]">&gt;&gt;</a>&nbsp;&nbsp;&nbsp;CPU_SR_Restore
</UL>

<P><STRONG><a name="[7f]"></a>BSP_IntInit</STRONG> (Thumb, 22 bytes, Stack size 8 bytes, bsp_int.o(.text))
<BR><BR>[Stack]<UL><LI>Max Depth = 24 + Unknown Stack Size
<LI>Call Chain = BSP_IntInit &rArr; BSP_IntVectSet
</UL>
<BR>[Calls]<UL><LI><a href="#[8e]">&gt;&gt;</a>&nbsp;&nbsp;&nbsp;BSP_IntVectSet
</UL>
<BR>[Called By]<UL><LI><a href="#[6c]">&gt;&gt;</a>&nbsp;&nbsp;&nbsp;BSP_Init
</UL>

<P><STRONG><a name="[9]"></a>BSP_IntHandlerWWDG</STRONG> (Thumb, 10 bytes, Stack size 8 bytes, bsp_int.o(.text))
<BR><BR>[Stack]<UL><LI>Max Depth = 48 + Unknown Stack Size
<LI>Call Chain = BSP_IntHandlerWWDG &rArr; BSP_IntHandler &rArr; OSIntExit &rArr; OS_PrioGetHighest
</UL>
<BR>[Calls]<UL><LI><a href="#[93]">&gt;&gt;</a>&nbsp;&nbsp;&nbsp;BSP_IntHandler
</UL>
<BR>[Address Reference Count : 1]<UL><LI> cstartup.o(RESET)
</UL>
<P><STRONG><a name="[a]"></a>BSP_IntHandlerPVD</STRONG> (Thumb, 10 bytes, Stack size 8 bytes, bsp_int.o(.text))
<BR><BR>[Stack]<UL><LI>Max Depth = 48 + Unknown Stack Size
<LI>Call Chain = BSP_IntHandlerPVD &rArr; BSP_IntHandler &rArr; OSIntExit &rArr; OS_PrioGetHighest
</UL>
<BR>[Calls]<UL><LI><a href="#[93]">&gt;&gt;</a>&nbsp;&nbsp;&nbsp;BSP_IntHandler
</UL>
<BR>[Address Reference Count : 1]<UL><LI> cstartup.o(RESET)
</UL>
<P><STRONG><a name="[b]"></a>BSP_IntHandlerTAMP_STAMP</STRONG> (Thumb, 10 bytes, Stack size 8 bytes, bsp_int.o(.text))
<BR><BR>[Stack]<UL><LI>Max Depth = 48 + Unknown Stack Size
<LI>Call Chain = BSP_IntHandlerTAMP_STAMP &rArr; BSP_IntHandler &rArr; OSIntExit &rArr; OS_PrioGetHighest
</UL>
<BR>[Calls]<UL><LI><a href="#[93]">&gt;&gt;</a>&nbsp;&nbsp;&nbsp;BSP_IntHandler
</UL>
<BR>[Address Reference Count : 1]<UL><LI> cstartup.o(RESET)
</UL>
<P><STRONG><a name="[c]"></a>BSP_IntHandlerRTC_WKUP</STRONG> (Thumb, 10 bytes, Stack size 8 bytes, bsp_int.o(.text))
<BR><BR>[Stack]<UL><LI>Max Depth = 48 + Unknown Stack Size
<LI>Call Chain = BSP_IntHandlerRTC_WKUP &rArr; BSP_IntHandler &rArr; OSIntExit &rArr; OS_PrioGetHighest
</UL>
<BR>[Calls]<UL><LI><a href="#[93]">&gt;&gt;</a>&nbsp;&nbsp;&nbsp;BSP_IntHandler
</UL>
<BR>[Address Reference Count : 1]<UL><LI> cstartup.o(RESET)
</UL>
<P><STRONG><a name="[d]"></a>BSP_IntHandlerFLASH</STRONG> (Thumb, 10 bytes, Stack size 8 bytes, bsp_int.o(.text))
<BR><BR>[Stack]<UL><LI>Max Depth = 48 + Unknown Stack Size
<LI>Call Chain = BSP_IntHandlerFLASH &rArr; BSP_IntHandler &rArr; OSIntExit &rArr; OS_PrioGetHighest
</UL>
<BR>[Calls]<UL><LI><a href="#[93]">&gt;&gt;</a>&nbsp;&nbsp;&nbsp;BSP_IntHandler
</UL>
<BR>[Address Reference Count : 1]<UL><LI> cstartup.o(RESET)
</UL>
<P><STRONG><a name="[e]"></a>BSP_IntHandlerRCC</STRONG> (Thumb, 10 bytes, Stack size 8 bytes, bsp_int.o(.text))
<BR><BR>[Stack]<UL><LI>Max Depth = 48 + Unknown Stack Size
<LI>Call Chain = BSP_IntHandlerRCC &rArr; BSP_IntHandler &rArr; OSIntExit &rArr; OS_PrioGetHighest
</UL>
<BR>[Calls]<UL><LI><a href="#[93]">&gt;&gt;</a>&nbsp;&nbsp;&nbsp;BSP_IntHandler
</UL>
<BR>[Address Reference Count : 1]<UL><LI> cstartup.o(RESET)
</UL>
<P><STRONG><a name="[f]"></a>BSP_IntHandlerEXTI0</STRONG> (Thumb, 10 bytes, Stack size 8 bytes, bsp_int.o(.text))
<BR><BR>[Stack]<UL><LI>Max Depth = 48 + Unknown Stack Size
<LI>Call Chain = BSP_IntHandlerEXTI0 &rArr; BSP_IntHandler &rArr; OSIntExit &rArr; OS_PrioGetHighest
</UL>
<BR>[Calls]<UL><LI><a href="#[93]">&gt;&gt;</a>&nbsp;&nbsp;&nbsp;BSP_IntHandler
</UL>
<BR>[Address Reference Count : 1]<UL><LI> cstartup.o(RESET)
</UL>
<P><STRONG><a name="[10]"></a>BSP_IntHandlerEXTI1</STRONG> (Thumb, 10 bytes, Stack size 8 bytes, bsp_int.o(.text))
<BR><BR>[Stack]<UL><LI>Max Depth = 48 + Unknown Stack Size
<LI>Call Chain = BSP_IntHandlerEXTI1 &rArr; BSP_IntHandler &rArr; OSIntExit &rArr; OS_PrioGetHighest
</UL>
<BR>[Calls]<UL><LI><a href="#[93]">&gt;&gt;</a>&nbsp;&nbsp;&nbsp;BSP_IntHandler
</UL>
<BR>[Address Reference Count : 1]<UL><LI> cstartup.o(RESET)
</UL>
<P><STRONG><a name="[11]"></a>BSP_IntHandlerEXTI2</STRONG> (Thumb, 10 bytes, Stack size 8 bytes, bsp_int.o(.text))
<BR><BR>[Stack]<UL><LI>Max Depth = 48 + Unknown Stack Size
<LI>Call Chain = BSP_IntHandlerEXTI2 &rArr; BSP_IntHandler &rArr; OSIntExit &rArr; OS_PrioGetHighest
</UL>
<BR>[Calls]<UL><LI><a href="#[93]">&gt;&gt;</a>&nbsp;&nbsp;&nbsp;BSP_IntHandler
</UL>
<BR>[Address Reference Count : 1]<UL><LI> cstartup.o(RESET)
</UL>
<P><STRONG><a name="[12]"></a>BSP_IntHandlerEXTI3</STRONG> (Thumb, 10 bytes, Stack size 8 bytes, bsp_int.o(.text))
<BR><BR>[Stack]<UL><LI>Max Depth = 48 + Unknown Stack Size
<LI>Call Chain = BSP_IntHandlerEXTI3 &rArr; BSP_IntHandler &rArr; OSIntExit &rArr; OS_PrioGetHighest
</UL>
<BR>[Calls]<UL><LI><a href="#[93]">&gt;&gt;</a>&nbsp;&nbsp;&nbsp;BSP_IntHandler
</UL>
<BR>[Address Reference Count : 1]<UL><LI> cstartup.o(RESET)
</UL>
<P><STRONG><a name="[13]"></a>BSP_IntHandlerEXTI4</STRONG> (Thumb, 10 bytes, Stack size 8 bytes, bsp_int.o(.text))
<BR><BR>[Stack]<UL><LI>Max Depth = 48 + Unknown Stack Size
<LI>Call Chain = BSP_IntHandlerEXTI4 &rArr; BSP_IntHandler &rArr; OSIntExit &rArr; OS_PrioGetHighest
</UL>
<BR>[Calls]<UL><LI><a href="#[93]">&gt;&gt;</a>&nbsp;&nbsp;&nbsp;BSP_IntHandler
</UL>
<BR>[Address Reference Count : 1]<UL><LI> cstartup.o(RESET)
</UL>
<P><STRONG><a name="[14]"></a>BSP_IntHandlerDMA1_CH0</STRONG> (Thumb, 10 bytes, Stack size 8 bytes, bsp_int.o(.text))
<BR><BR>[Stack]<UL><LI>Max Depth = 48 + Unknown Stack Size
<LI>Call Chain = BSP_IntHandlerDMA1_CH0 &rArr; BSP_IntHandler &rArr; OSIntExit &rArr; OS_PrioGetHighest
</UL>
<BR>[Calls]<UL><LI><a href="#[93]">&gt;&gt;</a>&nbsp;&nbsp;&nbsp;BSP_IntHandler
</UL>
<BR>[Address Reference Count : 1]<UL><LI> cstartup.o(RESET)
</UL>
<P><STRONG><a name="[15]"></a>BSP_IntHandlerDMA1_CH1</STRONG> (Thumb, 10 bytes, Stack size 8 bytes, bsp_int.o(.text))
<BR><BR>[Stack]<UL><LI>Max Depth = 48 + Unknown Stack Size
<LI>Call Chain = BSP_IntHandlerDMA1_CH1 &rArr; BSP_IntHandler &rArr; OSIntExit &rArr; OS_PrioGetHighest
</UL>
<BR>[Calls]<UL><LI><a href="#[93]">&gt;&gt;</a>&nbsp;&nbsp;&nbsp;BSP_IntHandler
</UL>
<BR>[Address Reference Count : 1]<UL><LI> cstartup.o(RESET)
</UL>
<P><STRONG><a name="[16]"></a>BSP_IntHandlerDMA1_CH2</STRONG> (Thumb, 10 bytes, Stack size 8 bytes, bsp_int.o(.text))
<BR><BR>[Stack]<UL><LI>Max Depth = 48 + Unknown Stack Size
<LI>Call Chain = BSP_IntHandlerDMA1_CH2 &rArr; BSP_IntHandler &rArr; OSIntExit &rArr; OS_PrioGetHighest
</UL>
<BR>[Calls]<UL><LI><a href="#[93]">&gt;&gt;</a>&nbsp;&nbsp;&nbsp;BSP_IntHandler
</UL>
<BR>[Address Reference Count : 1]<UL><LI> cstartup.o(RESET)
</UL>
<P><STRONG><a name="[17]"></a>BSP_IntHandlerDMA1_CH3</STRONG> (Thumb, 10 bytes, Stack size 8 bytes, bsp_int.o(.text))
<BR><BR>[Stack]<UL><LI>Max Depth = 48 + Unknown Stack Size
<LI>Call Chain = BSP_IntHandlerDMA1_CH3 &rArr; BSP_IntHandler &rArr; OSIntExit &rArr; OS_PrioGetHighest
</UL>
<BR>[Calls]<UL><LI><a href="#[93]">&gt;&gt;</a>&nbsp;&nbsp;&nbsp;BSP_IntHandler
</UL>
<BR>[Address Reference Count : 1]<UL><LI> cstartup.o(RESET)
</UL>
<P><STRONG><a name="[18]"></a>BSP_IntHandlerDMA1_CH4</STRONG> (Thumb, 10 bytes, Stack size 8 bytes, bsp_int.o(.text))
<BR><BR>[Stack]<UL><LI>Max Depth = 48 + Unknown Stack Size
<LI>Call Chain = BSP_IntHandlerDMA1_CH4 &rArr; BSP_IntHandler &rArr; OSIntExit &rArr; OS_PrioGetHighest
</UL>
<BR>[Calls]<UL><LI><a href="#[93]">&gt;&gt;</a>&nbsp;&nbsp;&nbsp;BSP_IntHandler
</UL>
<BR>[Address Reference Count : 1]<UL><LI> cstartup.o(RESET)
</UL>
<P><STRONG><a name="[19]"></a>BSP_IntHandlerDMA1_CH5</STRONG> (Thumb, 10 bytes, Stack size 8 bytes, bsp_int.o(.text))
<BR><BR>[Stack]<UL><LI>Max Depth = 48 + Unknown Stack Size
<LI>Call Chain = BSP_IntHandlerDMA1_CH5 &rArr; BSP_IntHandler &rArr; OSIntExit &rArr; OS_PrioGetHighest
</UL>
<BR>[Calls]<UL><LI><a href="#[93]">&gt;&gt;</a>&nbsp;&nbsp;&nbsp;BSP_IntHandler
</UL>
<BR>[Address Reference Count : 1]<UL><LI> cstartup.o(RESET)
</UL>
<P><STRONG><a name="[1a]"></a>BSP_IntHandlerDMA1_CH6</STRONG> (Thumb, 10 bytes, Stack size 8 bytes, bsp_int.o(.text))
<BR><BR>[Stack]<UL><LI>Max Depth = 48 + Unknown Stack Size
<LI>Call Chain = BSP_IntHandlerDMA1_CH6 &rArr; BSP_IntHandler &rArr; OSIntExit &rArr; OS_PrioGetHighest
</UL>
<BR>[Calls]<UL><LI><a href="#[93]">&gt;&gt;</a>&nbsp;&nbsp;&nbsp;BSP_IntHandler
</UL>
<BR>[Address Reference Count : 1]<UL><LI> cstartup.o(RESET)
</UL>
<P><STRONG><a name="[1b]"></a>BSP_IntHandlerADC</STRONG> (Thumb, 10 bytes, Stack size 8 bytes, bsp_int.o(.text))
<BR><BR>[Stack]<UL><LI>Max Depth = 48 + Unknown Stack Size
<LI>Call Chain = BSP_IntHandlerADC &rArr; BSP_IntHandler &rArr; OSIntExit &rArr; OS_PrioGetHighest
</UL>
<BR>[Calls]<UL><LI><a href="#[93]">&gt;&gt;</a>&nbsp;&nbsp;&nbsp;BSP_IntHandler
</UL>
<BR>[Address Reference Count : 1]<UL><LI> cstartup.o(RESET)
</UL>
<P><STRONG><a name="[1c]"></a>BSP_IntHandlerCAN1_TX</STRONG> (Thumb, 10 bytes, Stack size 8 bytes, bsp_int.o(.text))
<BR><BR>[Stack]<UL><LI>Max Depth = 48 + Unknown Stack Size
<LI>Call Chain = BSP_IntHandlerCAN1_TX &rArr; BSP_IntHandler &rArr; OSIntExit &rArr; OS_PrioGetHighest
</UL>
<BR>[Calls]<UL><LI><a href="#[93]">&gt;&gt;</a>&nbsp;&nbsp;&nbsp;BSP_IntHandler
</UL>
<BR>[Address Reference Count : 1]<UL><LI> cstartup.o(RESET)
</UL>
<P><STRONG><a name="[1d]"></a>BSP_IntHandlerCAN1_RX0</STRONG> (Thumb, 10 bytes, Stack size 8 bytes, bsp_int.o(.text))
<BR><BR>[Stack]<UL><LI>Max Depth = 48 + Unknown Stack Size
<LI>Call Chain = BSP_IntHandlerCAN1_RX0 &rArr; BSP_IntHandler &rArr; OSIntExit &rArr; OS_PrioGetHighest
</UL>
<BR>[Calls]<UL><LI><a href="#[93]">&gt;&gt;</a>&nbsp;&nbsp;&nbsp;BSP_IntHandler
</UL>
<BR>[Address Reference Count : 1]<UL><LI> cstartup.o(RESET)
</UL>
<P><STRONG><a name="[1e]"></a>BSP_IntHandlerCAN1_RX1</STRONG> (Thumb, 10 bytes, Stack size 8 bytes, bsp_int.o(.text))
<BR><BR>[Stack]<UL><LI>Max Depth = 48 + Unknown Stack Size
<LI>Call Chain = BSP_IntHandlerCAN1_RX1 &rArr; BSP_IntHandler &rArr; OSIntExit &rArr; OS_PrioGetHighest
</UL>
<BR>[Calls]<UL><LI><a href="#[93]">&gt;&gt;</a>&nbsp;&nbsp;&nbsp;BSP_IntHandler
</UL>
<BR>[Address Reference Count : 1]<UL><LI> cstartup.o(RESET)
</UL>
<P><STRONG><a name="[1f]"></a>BSP_IntHandlerCAN1_SCE</STRONG> (Thumb, 10 bytes, Stack size 8 bytes, bsp_int.o(.text))
<BR><BR>[Stack]<UL><LI>Max Depth = 48 + Unknown Stack Size
<LI>Call Chain = BSP_IntHandlerCAN1_SCE &rArr; BSP_IntHandler &rArr; OSIntExit &rArr; OS_PrioGetHighest
</UL>
<BR>[Calls]<UL><LI><a href="#[93]">&gt;&gt;</a>&nbsp;&nbsp;&nbsp;BSP_IntHandler
</UL>
<BR>[Address Reference Count : 1]<UL><LI> cstartup.o(RESET)
</UL>
<P><STRONG><a name="[20]"></a>BSP_IntHandlerEXTI9_5</STRONG> (Thumb, 10 bytes, Stack size 8 bytes, bsp_int.o(.text))
<BR><BR>[Stack]<UL><LI>Max Depth = 48 + Unknown Stack Size
<LI>Call Chain = BSP_IntHandlerEXTI9_5 &rArr; BSP_IntHandler &rArr; OSIntExit &rArr; OS_PrioGetHighest
</UL>
<BR>[Calls]<UL><LI><a href="#[93]">&gt;&gt;</a>&nbsp;&nbsp;&nbsp;BSP_IntHandler
</UL>
<BR>[Address Reference Count : 1]<UL><LI> cstartup.o(RESET)
</UL>
<P><STRONG><a name="[21]"></a>BSP_IntHandlerTIM1_BRK_TIM9</STRONG> (Thumb, 10 bytes, Stack size 8 bytes, bsp_int.o(.text))
<BR><BR>[Stack]<UL><LI>Max Depth = 48 + Unknown Stack Size
<LI>Call Chain = BSP_IntHandlerTIM1_BRK_TIM9 &rArr; BSP_IntHandler &rArr; OSIntExit &rArr; OS_PrioGetHighest
</UL>
<BR>[Calls]<UL><LI><a href="#[93]">&gt;&gt;</a>&nbsp;&nbsp;&nbsp;BSP_IntHandler
</UL>
<BR>[Address Reference Count : 1]<UL><LI> cstartup.o(RESET)
</UL>
<P><STRONG><a name="[22]"></a>BSP_IntHandlerTIM1_UP_TIM10</STRONG> (Thumb, 10 bytes, Stack size 8 bytes, bsp_int.o(.text))
<BR><BR>[Stack]<UL><LI>Max Depth = 48 + Unknown Stack Size
<LI>Call Chain = BSP_IntHandlerTIM1_UP_TIM10 &rArr; BSP_IntHandler &rArr; OSIntExit &rArr; OS_PrioGetHighest
</UL>
<BR>[Calls]<UL><LI><a href="#[93]">&gt;&gt;</a>&nbsp;&nbsp;&nbsp;BSP_IntHandler
</UL>
<BR>[Address Reference Count : 1]<UL><LI> cstartup.o(RESET)
</UL>
<P><STRONG><a name="[23]"></a>BSP_IntHandlerTIM1_TRG_COM_TIM11</STRONG> (Thumb, 10 bytes, Stack size 8 bytes, bsp_int.o(.text))
<BR><BR>[Stack]<UL><LI>Max Depth = 48 + Unknown Stack Size
<LI>Call Chain = BSP_IntHandlerTIM1_TRG_COM_TIM11 &rArr; BSP_IntHandler &rArr; OSIntExit &rArr; OS_PrioGetHighest
</UL>
<BR>[Calls]<UL><LI><a href="#[93]">&gt;&gt;</a>&nbsp;&nbsp;&nbsp;BSP_IntHandler
</UL>
<BR>[Address Reference Count : 1]<UL><LI> cstartup.o(RESET)
</UL>
<P><STRONG><a name="[24]"></a>BSP_IntHandlerTIM1_CC</STRONG> (Thumb, 10 bytes, Stack size 8 bytes, bsp_int.o(.text))
<BR><BR>[Stack]<UL><LI>Max Depth = 48 + Unknown Stack Size
<LI>Call Chain = BSP_IntHandlerTIM1_CC &rArr; BSP_IntHandler &rArr; OSIntExit &rArr; OS_PrioGetHighest
</UL>
<BR>[Calls]<UL><LI><a href="#[93]">&gt;&gt;</a>&nbsp;&nbsp;&nbsp;BSP_IntHandler
</UL>
<BR>[Address Reference Count : 1]<UL><LI> cstartup.o(RESET)
</UL>
<P><STRONG><a name="[25]"></a>BSP_IntHandlerTIM2</STRONG> (Thumb, 10 bytes, Stack size 8 bytes, bsp_int.o(.text))
<BR><BR>[Stack]<UL><LI>Max Depth = 48 + Unknown Stack Size
<LI>Call Chain = BSP_IntHandlerTIM2 &rArr; BSP_IntHandler &rArr; OSIntExit &rArr; OS_PrioGetHighest
</UL>
<BR>[Calls]<UL><LI><a href="#[93]">&gt;&gt;</a>&nbsp;&nbsp;&nbsp;BSP_IntHandler
</UL>
<BR>[Address Reference Count : 1]<UL><LI> cstartup.o(RESET)
</UL>
<P><STRONG><a name="[26]"></a>BSP_IntHandlerTIM3</STRONG> (Thumb, 10 bytes, Stack size 8 bytes, bsp_int.o(.text))
<BR><BR>[Stack]<UL><LI>Max Depth = 48 + Unknown Stack Size
<LI>Call Chain = BSP_IntHandlerTIM3 &rArr; BSP_IntHandler &rArr; OSIntExit &rArr; OS_PrioGetHighest
</UL>
<BR>[Calls]<UL><LI><a href="#[93]">&gt;&gt;</a>&nbsp;&nbsp;&nbsp;BSP_IntHandler
</UL>
<BR>[Address Reference Count : 1]<UL><LI> cstartup.o(RESET)
</UL>
<P><STRONG><a name="[27]"></a>BSP_IntHandlerTIM4</STRONG> (Thumb, 10 bytes, Stack size 8 bytes, bsp_int.o(.text))
<BR><BR>[Stack]<UL><LI>Max Depth = 48 + Unknown Stack Size
<LI>Call Chain = BSP_IntHandlerTIM4 &rArr; BSP_IntHandler &rArr; OSIntExit &rArr; OS_PrioGetHighest
</UL>
<BR>[Calls]<UL><LI><a href="#[93]">&gt;&gt;</a>&nbsp;&nbsp;&nbsp;BSP_IntHandler
</UL>
<BR>[Address Reference Count : 1]<UL><LI> cstartup.o(RESET)
</UL>
<P><STRONG><a name="[28]"></a>BSP_IntHandlerI2C1_EV</STRONG> (Thumb, 10 bytes, Stack size 8 bytes, bsp_int.o(.text))
<BR><BR>[Stack]<UL><LI>Max Depth = 48 + Unknown Stack Size
<LI>Call Chain = BSP_IntHandlerI2C1_EV &rArr; BSP_IntHandler &rArr; OSIntExit &rArr; OS_PrioGetHighest
</UL>
<BR>[Calls]<UL><LI><a href="#[93]">&gt;&gt;</a>&nbsp;&nbsp;&nbsp;BSP_IntHandler
</UL>
<BR>[Address Reference Count : 1]<UL><LI> cstartup.o(RESET)
</UL>
<P><STRONG><a name="[29]"></a>BSP_IntHandlerI2C1_ER</STRONG> (Thumb, 10 bytes, Stack size 8 bytes, bsp_int.o(.text))
<BR><BR>[Stack]<UL><LI>Max Depth = 48 + Unknown Stack Size
<LI>Call Chain = BSP_IntHandlerI2C1_ER &rArr; BSP_IntHandler &rArr; OSIntExit &rArr; OS_PrioGetHighest
</UL>
<BR>[Calls]<UL><LI><a href="#[93]">&gt;&gt;</a>&nbsp;&nbsp;&nbsp;BSP_IntHandler
</UL>
<BR>[Address Reference Count : 1]<UL><LI> cstartup.o(RESET)
</UL>
<P><STRONG><a name="[2a]"></a>BSP_IntHandlerI2C2_EV</STRONG> (Thumb, 10 bytes, Stack size 8 bytes, bsp_int.o(.text))
<BR><BR>[Stack]<UL><LI>Max Depth = 48 + Unknown Stack Size
<LI>Call Chain = BSP_IntHandlerI2C2_EV &rArr; BSP_IntHandler &rArr; OSIntExit &rArr; OS_PrioGetHighest
</UL>
<BR>[Calls]<UL><LI><a href="#[93]">&gt;&gt;</a>&nbsp;&nbsp;&nbsp;BSP_IntHandler
</UL>
<BR>[Address Reference Count : 1]<UL><LI> cstartup.o(RESET)
</UL>
<P><STRONG><a name="[2b]"></a>BSP_IntHandlerI2C2_ER</STRONG> (Thumb, 10 bytes, Stack size 8 bytes, bsp_int.o(.text))
<BR><BR>[Stack]<UL><LI>Max Depth = 48 + Unknown Stack Size
<LI>Call Chain = BSP_IntHandlerI2C2_ER &rArr; BSP_IntHandler &rArr; OSIntExit &rArr; OS_PrioGetHighest
</UL>
<BR>[Calls]<UL><LI><a href="#[93]">&gt;&gt;</a>&nbsp;&nbsp;&nbsp;BSP_IntHandler
</UL>
<BR>[Address Reference Count : 1]<UL><LI> cstartup.o(RESET)
</UL>
<P><STRONG><a name="[2c]"></a>BSP_IntHandlerSPI1</STRONG> (Thumb, 10 bytes, Stack size 8 bytes, bsp_int.o(.text))
<BR><BR>[Stack]<UL><LI>Max Depth = 48 + Unknown Stack Size
<LI>Call Chain = BSP_IntHandlerSPI1 &rArr; BSP_IntHandler &rArr; OSIntExit &rArr; OS_PrioGetHighest
</UL>
<BR>[Calls]<UL><LI><a href="#[93]">&gt;&gt;</a>&nbsp;&nbsp;&nbsp;BSP_IntHandler
</UL>
<BR>[Address Reference Count : 1]<UL><LI> cstartup.o(RESET)
</UL>
<P><STRONG><a name="[2d]"></a>BSP_IntHandlerSPI2</STRONG> (Thumb, 10 bytes, Stack size 8 bytes, bsp_int.o(.text))
<BR><BR>[Stack]<UL><LI>Max Depth = 48 + Unknown Stack Size
<LI>Call Chain = BSP_IntHandlerSPI2 &rArr; BSP_IntHandler &rArr; OSIntExit &rArr; OS_PrioGetHighest
</UL>
<BR>[Calls]<UL><LI><a href="#[93]">&gt;&gt;</a>&nbsp;&nbsp;&nbsp;BSP_IntHandler
</UL>
<BR>[Address Reference Count : 1]<UL><LI> cstartup.o(RESET)
</UL>
<P><STRONG><a name="[2e]"></a>BSP_IntHandlerUSART1</STRONG> (Thumb, 10 bytes, Stack size 8 bytes, bsp_int.o(.text))
<BR><BR>[Stack]<UL><LI>Max Depth = 48 + Unknown Stack Size
<LI>Call Chain = BSP_IntHandlerUSART1 &rArr; BSP_IntHandler &rArr; OSIntExit &rArr; OS_PrioGetHighest
</UL>
<BR>[Calls]<UL><LI><a href="#[93]">&gt;&gt;</a>&nbsp;&nbsp;&nbsp;BSP_IntHandler
</UL>
<BR>[Address Reference Count : 1]<UL><LI> cstartup.o(RESET)
</UL>
<P><STRONG><a name="[2f]"></a>BSP_IntHandlerUSART2</STRONG> (Thumb, 10 bytes, Stack size 8 bytes, bsp_int.o(.text))
<BR><BR>[Stack]<UL><LI>Max Depth = 48 + Unknown Stack Size
<LI>Call Chain = BSP_IntHandlerUSART2 &rArr; BSP_IntHandler &rArr; OSIntExit &rArr; OS_PrioGetHighest
</UL>
<BR>[Calls]<UL><LI><a href="#[93]">&gt;&gt;</a>&nbsp;&nbsp;&nbsp;BSP_IntHandler
</UL>
<BR>[Address Reference Count : 1]<UL><LI> cstartup.o(RESET)
</UL>
<P><STRONG><a name="[30]"></a>BSP_IntHandlerUSART3</STRONG> (Thumb, 10 bytes, Stack size 8 bytes, bsp_int.o(.text))
<BR><BR>[Stack]<UL><LI>Max Depth = 48 + Unknown Stack Size
<LI>Call Chain = BSP_IntHandlerUSART3 &rArr; BSP_IntHandler &rArr; OSIntExit &rArr; OS_PrioGetHighest
</UL>
<BR>[Calls]<UL><LI><a href="#[93]">&gt;&gt;</a>&nbsp;&nbsp;&nbsp;BSP_IntHandler
</UL>
<BR>[Address Reference Count : 1]<UL><LI> cstartup.o(RESET)
</UL>
<P><STRONG><a name="[31]"></a>BSP_IntHandlerEXTI15_10</STRONG> (Thumb, 10 bytes, Stack size 8 bytes, bsp_int.o(.text))
<BR><BR>[Stack]<UL><LI>Max Depth = 48 + Unknown Stack Size
<LI>Call Chain = BSP_IntHandlerEXTI15_10 &rArr; BSP_IntHandler &rArr; OSIntExit &rArr; OS_PrioGetHighest
</UL>
<BR>[Calls]<UL><LI><a href="#[93]">&gt;&gt;</a>&nbsp;&nbsp;&nbsp;BSP_IntHandler
</UL>
<BR>[Address Reference Count : 1]<UL><LI> cstartup.o(RESET)
</UL>
<P><STRONG><a name="[32]"></a>BSP_IntHandlerRTCAlarm</STRONG> (Thumb, 10 bytes, Stack size 8 bytes, bsp_int.o(.text))
<BR><BR>[Stack]<UL><LI>Max Depth = 48 + Unknown Stack Size
<LI>Call Chain = BSP_IntHandlerRTCAlarm &rArr; BSP_IntHandler &rArr; OSIntExit &rArr; OS_PrioGetHighest
</UL>
<BR>[Calls]<UL><LI><a href="#[93]">&gt;&gt;</a>&nbsp;&nbsp;&nbsp;BSP_IntHandler
</UL>
<BR>[Address Reference Count : 1]<UL><LI> cstartup.o(RESET)
</UL>
<P><STRONG><a name="[33]"></a>BSP_IntHandlerOTG_FS_WKUP</STRONG> (Thumb, 10 bytes, Stack size 8 bytes, bsp_int.o(.text))
<BR><BR>[Stack]<UL><LI>Max Depth = 48 + Unknown Stack Size
<LI>Call Chain = BSP_IntHandlerOTG_FS_WKUP &rArr; BSP_IntHandler &rArr; OSIntExit &rArr; OS_PrioGetHighest
</UL>
<BR>[Calls]<UL><LI><a href="#[93]">&gt;&gt;</a>&nbsp;&nbsp;&nbsp;BSP_IntHandler
</UL>
<BR>[Address Reference Count : 1]<UL><LI> cstartup.o(RESET)
</UL>
<P><STRONG><a name="[34]"></a>BSP_IntHandlerTIM8_BRK_TIM12</STRONG> (Thumb, 10 bytes, Stack size 8 bytes, bsp_int.o(.text))
<BR><BR>[Stack]<UL><LI>Max Depth = 48 + Unknown Stack Size
<LI>Call Chain = BSP_IntHandlerTIM8_BRK_TIM12 &rArr; BSP_IntHandler &rArr; OSIntExit &rArr; OS_PrioGetHighest
</UL>
<BR>[Calls]<UL><LI><a href="#[93]">&gt;&gt;</a>&nbsp;&nbsp;&nbsp;BSP_IntHandler
</UL>
<BR>[Address Reference Count : 1]<UL><LI> cstartup.o(RESET)
</UL>
<P><STRONG><a name="[35]"></a>BSP_IntHandlerTIM8_UP_TIM13</STRONG> (Thumb, 10 bytes, Stack size 8 bytes, bsp_int.o(.text))
<BR><BR>[Stack]<UL><LI>Max Depth = 48 + Unknown Stack Size
<LI>Call Chain = BSP_IntHandlerTIM8_UP_TIM13 &rArr; BSP_IntHandler &rArr; OSIntExit &rArr; OS_PrioGetHighest
</UL>
<BR>[Calls]<UL><LI><a href="#[93]">&gt;&gt;</a>&nbsp;&nbsp;&nbsp;BSP_IntHandler
</UL>
<BR>[Address Reference Count : 1]<UL><LI> cstartup.o(RESET)
</UL>
<P><STRONG><a name="[36]"></a>BSP_IntHandlerTIM8_TRG_COM_TIM14</STRONG> (Thumb, 10 bytes, Stack size 8 bytes, bsp_int.o(.text))
<BR><BR>[Stack]<UL><LI>Max Depth = 48 + Unknown Stack Size
<LI>Call Chain = BSP_IntHandlerTIM8_TRG_COM_TIM14 &rArr; BSP_IntHandler &rArr; OSIntExit &rArr; OS_PrioGetHighest
</UL>
<BR>[Calls]<UL><LI><a href="#[93]">&gt;&gt;</a>&nbsp;&nbsp;&nbsp;BSP_IntHandler
</UL>
<BR>[Address Reference Count : 1]<UL><LI> cstartup.o(RESET)
</UL>
<P><STRONG><a name="[37]"></a>BSP_IntHandlerTIM8_CC</STRONG> (Thumb, 10 bytes, Stack size 8 bytes, bsp_int.o(.text))
<BR><BR>[Stack]<UL><LI>Max Depth = 48 + Unknown Stack Size
<LI>Call Chain = BSP_IntHandlerTIM8_CC &rArr; BSP_IntHandler &rArr; OSIntExit &rArr; OS_PrioGetHighest
</UL>
<BR>[Calls]<UL><LI><a href="#[93]">&gt;&gt;</a>&nbsp;&nbsp;&nbsp;BSP_IntHandler
</UL>
<BR>[Address Reference Count : 1]<UL><LI> cstartup.o(RESET)
</UL>
<P><STRONG><a name="[38]"></a>BSP_IntHandlerDMA1_STREAM7</STRONG> (Thumb, 10 bytes, Stack size 8 bytes, bsp_int.o(.text))
<BR><BR>[Stack]<UL><LI>Max Depth = 48 + Unknown Stack Size
<LI>Call Chain = BSP_IntHandlerDMA1_STREAM7 &rArr; BSP_IntHandler &rArr; OSIntExit &rArr; OS_PrioGetHighest
</UL>
<BR>[Calls]<UL><LI><a href="#[93]">&gt;&gt;</a>&nbsp;&nbsp;&nbsp;BSP_IntHandler
</UL>
<BR>[Address Reference Count : 1]<UL><LI> cstartup.o(RESET)
</UL>
<P><STRONG><a name="[39]"></a>BSP_IntHandlerFSMC</STRONG> (Thumb, 10 bytes, Stack size 8 bytes, bsp_int.o(.text))
<BR><BR>[Stack]<UL><LI>Max Depth = 48 + Unknown Stack Size
<LI>Call Chain = BSP_IntHandlerFSMC &rArr; BSP_IntHandler &rArr; OSIntExit &rArr; OS_PrioGetHighest
</UL>
<BR>[Calls]<UL><LI><a href="#[93]">&gt;&gt;</a>&nbsp;&nbsp;&nbsp;BSP_IntHandler
</UL>
<BR>[Address Reference Count : 1]<UL><LI> cstartup.o(RESET)
</UL>
<P><STRONG><a name="[3a]"></a>BSP_IntHandlerSDIO</STRONG> (Thumb, 10 bytes, Stack size 8 bytes, bsp_int.o(.text))
<BR><BR>[Stack]<UL><LI>Max Depth = 48 + Unknown Stack Size
<LI>Call Chain = BSP_IntHandlerSDIO &rArr; BSP_IntHandler &rArr; OSIntExit &rArr; OS_PrioGetHighest
</UL>
<BR>[Calls]<UL><LI><a href="#[93]">&gt;&gt;</a>&nbsp;&nbsp;&nbsp;BSP_IntHandler
</UL>
<BR>[Address Reference Count : 1]<UL><LI> cstartup.o(RESET)
</UL>
<P><STRONG><a name="[3b]"></a>BSP_IntHandlerTIM5</STRONG> (Thumb, 10 bytes, Stack size 8 bytes, bsp_int.o(.text))
<BR><BR>[Stack]<UL><LI>Max Depth = 48 + Unknown Stack Size
<LI>Call Chain = BSP_IntHandlerTIM5 &rArr; BSP_IntHandler &rArr; OSIntExit &rArr; OS_PrioGetHighest
</UL>
<BR>[Calls]<UL><LI><a href="#[93]">&gt;&gt;</a>&nbsp;&nbsp;&nbsp;BSP_IntHandler
</UL>
<BR>[Address Reference Count : 1]<UL><LI> cstartup.o(RESET)
</UL>
<P><STRONG><a name="[3c]"></a>BSP_IntHandlerSPI3</STRONG> (Thumb, 10 bytes, Stack size 8 bytes, bsp_int.o(.text))
<BR><BR>[Stack]<UL><LI>Max Depth = 48 + Unknown Stack Size
<LI>Call Chain = BSP_IntHandlerSPI3 &rArr; BSP_IntHandler &rArr; OSIntExit &rArr; OS_PrioGetHighest
</UL>
<BR>[Calls]<UL><LI><a href="#[93]">&gt;&gt;</a>&nbsp;&nbsp;&nbsp;BSP_IntHandler
</UL>
<BR>[Address Reference Count : 1]<UL><LI> cstartup.o(RESET)
</UL>
<P><STRONG><a name="[3d]"></a>BSP_IntHandlerUSART4</STRONG> (Thumb, 10 bytes, Stack size 8 bytes, bsp_int.o(.text))
<BR><BR>[Stack]<UL><LI>Max Depth = 48 + Unknown Stack Size
<LI>Call Chain = BSP_IntHandlerUSART4 &rArr; BSP_IntHandler &rArr; OSIntExit &rArr; OS_PrioGetHighest
</UL>
<BR>[Calls]<UL><LI><a href="#[93]">&gt;&gt;</a>&nbsp;&nbsp;&nbsp;BSP_IntHandler
</UL>
<BR>[Address Reference Count : 1]<UL><LI> cstartup.o(RESET)
</UL>
<P><STRONG><a name="[3e]"></a>BSP_IntHandlerUSART5</STRONG> (Thumb, 10 bytes, Stack size 8 bytes, bsp_int.o(.text))
<BR><BR>[Stack]<UL><LI>Max Depth = 48 + Unknown Stack Size
<LI>Call Chain = BSP_IntHandlerUSART5 &rArr; BSP_IntHandler &rArr; OSIntExit &rArr; OS_PrioGetHighest
</UL>
<BR>[Calls]<UL><LI><a href="#[93]">&gt;&gt;</a>&nbsp;&nbsp;&nbsp;BSP_IntHandler
</UL>
<BR>[Address Reference Count : 1]<UL><LI> cstartup.o(RESET)
</UL>
<P><STRONG><a name="[3f]"></a>BSP_IntHandlerTIM6_DAC</STRONG> (Thumb, 10 bytes, Stack size 8 bytes, bsp_int.o(.text))
<BR><BR>[Stack]<UL><LI>Max Depth = 48 + Unknown Stack Size
<LI>Call Chain = BSP_IntHandlerTIM6_DAC &rArr; BSP_IntHandler &rArr; OSIntExit &rArr; OS_PrioGetHighest
</UL>
<BR>[Calls]<UL><LI><a href="#[93]">&gt;&gt;</a>&nbsp;&nbsp;&nbsp;BSP_IntHandler
</UL>
<BR>[Address Reference Count : 1]<UL><LI> cstartup.o(RESET)
</UL>
<P><STRONG><a name="[40]"></a>BSP_IntHandlerTIM7</STRONG> (Thumb, 10 bytes, Stack size 8 bytes, bsp_int.o(.text))
<BR><BR>[Stack]<UL><LI>Max Depth = 48 + Unknown Stack Size
<LI>Call Chain = BSP_IntHandlerTIM7 &rArr; BSP_IntHandler &rArr; OSIntExit &rArr; OS_PrioGetHighest
</UL>
<BR>[Calls]<UL><LI><a href="#[93]">&gt;&gt;</a>&nbsp;&nbsp;&nbsp;BSP_IntHandler
</UL>
<BR>[Address Reference Count : 1]<UL><LI> cstartup.o(RESET)
</UL>
<P><STRONG><a name="[41]"></a>BSP_IntHandlerDMA2_CH0</STRONG> (Thumb, 10 bytes, Stack size 8 bytes, bsp_int.o(.text))
<BR><BR>[Stack]<UL><LI>Max Depth = 48 + Unknown Stack Size
<LI>Call Chain = BSP_IntHandlerDMA2_CH0 &rArr; BSP_IntHandler &rArr; OSIntExit &rArr; OS_PrioGetHighest
</UL>
<BR>[Calls]<UL><LI><a href="#[93]">&gt;&gt;</a>&nbsp;&nbsp;&nbsp;BSP_IntHandler
</UL>
<BR>[Address Reference Count : 1]<UL><LI> cstartup.o(RESET)
</UL>
<P><STRONG><a name="[42]"></a>BSP_IntHandlerDMA2_CH1</STRONG> (Thumb, 10 bytes, Stack size 8 bytes, bsp_int.o(.text))
<BR><BR>[Stack]<UL><LI>Max Depth = 48 + Unknown Stack Size
<LI>Call Chain = BSP_IntHandlerDMA2_CH1 &rArr; BSP_IntHandler &rArr; OSIntExit &rArr; OS_PrioGetHighest
</UL>
<BR>[Calls]<UL><LI><a href="#[93]">&gt;&gt;</a>&nbsp;&nbsp;&nbsp;BSP_IntHandler
</UL>
<BR>[Address Reference Count : 1]<UL><LI> cstartup.o(RESET)
</UL>
<P><STRONG><a name="[43]"></a>BSP_IntHandlerDMA2_CH2</STRONG> (Thumb, 10 bytes, Stack size 8 bytes, bsp_int.o(.text))
<BR><BR>[Stack]<UL><LI>Max Depth = 48 + Unknown Stack Size
<LI>Call Chain = BSP_IntHandlerDMA2_CH2 &rArr; BSP_IntHandler &rArr; OSIntExit &rArr; OS_PrioGetHighest
</UL>
<BR>[Calls]<UL><LI><a href="#[93]">&gt;&gt;</a>&nbsp;&nbsp;&nbsp;BSP_IntHandler
</UL>
<BR>[Address Reference Count : 1]<UL><LI> cstartup.o(RESET)
</UL>
<P><STRONG><a name="[44]"></a>BSP_IntHandlerDMA2_CH3</STRONG> (Thumb, 10 bytes, Stack size 8 bytes, bsp_int.o(.text))
<BR><BR>[Stack]<UL><LI>Max Depth = 48 + Unknown Stack Size
<LI>Call Chain = BSP_IntHandlerDMA2_CH3 &rArr; BSP_IntHandler &rArr; OSIntExit &rArr; OS_PrioGetHighest
</UL>
<BR>[Calls]<UL><LI><a href="#[93]">&gt;&gt;</a>&nbsp;&nbsp;&nbsp;BSP_IntHandler
</UL>
<BR>[Address Reference Count : 1]<UL><LI> cstartup.o(RESET)
</UL>
<P><STRONG><a name="[45]"></a>BSP_IntHandlerDMA2_CH4</STRONG> (Thumb, 10 bytes, Stack size 8 bytes, bsp_int.o(.text))
<BR><BR>[Stack]<UL><LI>Max Depth = 48 + Unknown Stack Size
<LI>Call Chain = BSP_IntHandlerDMA2_CH4 &rArr; BSP_IntHandler &rArr; OSIntExit &rArr; OS_PrioGetHighest
</UL>
<BR>[Calls]<UL><LI><a href="#[93]">&gt;&gt;</a>&nbsp;&nbsp;&nbsp;BSP_IntHandler
</UL>
<BR>[Address Reference Count : 1]<UL><LI> cstartup.o(RESET)
</UL>
<P><STRONG><a name="[46]"></a>BSP_IntHandlerETH</STRONG> (Thumb, 10 bytes, Stack size 8 bytes, bsp_int.o(.text))
<BR><BR>[Stack]<UL><LI>Max Depth = 48 + Unknown Stack Size
<LI>Call Chain = BSP_IntHandlerETH &rArr; BSP_IntHandler &rArr; OSIntExit &rArr; OS_PrioGetHighest
</UL>
<BR>[Calls]<UL><LI><a href="#[93]">&gt;&gt;</a>&nbsp;&nbsp;&nbsp;BSP_IntHandler
</UL>
<BR>[Address Reference Count : 1]<UL><LI> cstartup.o(RESET)
</UL>
<P><STRONG><a name="[47]"></a>BSP_IntHandlerETHWakeup</STRONG> (Thumb, 10 bytes, Stack size 8 bytes, bsp_int.o(.text))
<BR><BR>[Stack]<UL><LI>Max Depth = 48 + Unknown Stack Size
<LI>Call Chain = BSP_IntHandlerETHWakeup &rArr; BSP_IntHandler &rArr; OSIntExit &rArr; OS_PrioGetHighest
</UL>
<BR>[Calls]<UL><LI><a href="#[93]">&gt;&gt;</a>&nbsp;&nbsp;&nbsp;BSP_IntHandler
</UL>
<BR>[Address Reference Count : 1]<UL><LI> cstartup.o(RESET)
</UL>
<P><STRONG><a name="[48]"></a>BSP_IntHandlerCAN2_TX</STRONG> (Thumb, 10 bytes, Stack size 8 bytes, bsp_int.o(.text))
<BR><BR>[Stack]<UL><LI>Max Depth = 48 + Unknown Stack Size
<LI>Call Chain = BSP_IntHandlerCAN2_TX &rArr; BSP_IntHandler &rArr; OSIntExit &rArr; OS_PrioGetHighest
</UL>
<BR>[Calls]<UL><LI><a href="#[93]">&gt;&gt;</a>&nbsp;&nbsp;&nbsp;BSP_IntHandler
</UL>
<BR>[Address Reference Count : 1]<UL><LI> cstartup.o(RESET)
</UL>
<P><STRONG><a name="[49]"></a>BSP_IntHandlerCAN2_RX0</STRONG> (Thumb, 10 bytes, Stack size 8 bytes, bsp_int.o(.text))
<BR><BR>[Stack]<UL><LI>Max Depth = 48 + Unknown Stack Size
<LI>Call Chain = BSP_IntHandlerCAN2_RX0 &rArr; BSP_IntHandler &rArr; OSIntExit &rArr; OS_PrioGetHighest
</UL>
<BR>[Calls]<UL><LI><a href="#[93]">&gt;&gt;</a>&nbsp;&nbsp;&nbsp;BSP_IntHandler
</UL>
<BR>[Address Reference Count : 1]<UL><LI> cstartup.o(RESET)
</UL>
<P><STRONG><a name="[4a]"></a>BSP_IntHandlerCAN2_RX1</STRONG> (Thumb, 10 bytes, Stack size 8 bytes, bsp_int.o(.text))
<BR><BR>[Stack]<UL><LI>Max Depth = 48 + Unknown Stack Size
<LI>Call Chain = BSP_IntHandlerCAN2_RX1 &rArr; BSP_IntHandler &rArr; OSIntExit &rArr; OS_PrioGetHighest
</UL>
<BR>[Calls]<UL><LI><a href="#[93]">&gt;&gt;</a>&nbsp;&nbsp;&nbsp;BSP_IntHandler
</UL>
<BR>[Address Reference Count : 1]<UL><LI> cstartup.o(RESET)
</UL>
<P><STRONG><a name="[4b]"></a>BSP_IntHandlerCAN2_SCE</STRONG> (Thumb, 10 bytes, Stack size 8 bytes, bsp_int.o(.text))
<BR><BR>[Stack]<UL><LI>Max Depth = 48 + Unknown Stack Size
<LI>Call Chain = BSP_IntHandlerCAN2_SCE &rArr; BSP_IntHandler &rArr; OSIntExit &rArr; OS_PrioGetHighest
</UL>
<BR>[Calls]<UL><LI><a href="#[93]">&gt;&gt;</a>&nbsp;&nbsp;&nbsp;BSP_IntHandler
</UL>
<BR>[Address Reference Count : 1]<UL><LI> cstartup.o(RESET)
</UL>
<P><STRONG><a name="[4c]"></a>BSP_IntHandlerOTG_FS</STRONG> (Thumb, 10 bytes, Stack size 8 bytes, bsp_int.o(.text))
<BR><BR>[Stack]<UL><LI>Max Depth = 48 + Unknown Stack Size
<LI>Call Chain = BSP_IntHandlerOTG_FS &rArr; BSP_IntHandler &rArr; OSIntExit &rArr; OS_PrioGetHighest
</UL>
<BR>[Calls]<UL><LI><a href="#[93]">&gt;&gt;</a>&nbsp;&nbsp;&nbsp;BSP_IntHandler
</UL>
<BR>[Address Reference Count : 1]<UL><LI> cstartup.o(RESET)
</UL>
<P><STRONG><a name="[4d]"></a>BSP_IntHandlerDMA2_CH5</STRONG> (Thumb, 10 bytes, Stack size 8 bytes, bsp_int.o(.text))
<BR><BR>[Stack]<UL><LI>Max Depth = 48 + Unknown Stack Size
<LI>Call Chain = BSP_IntHandlerDMA2_CH5 &rArr; BSP_IntHandler &rArr; OSIntExit &rArr; OS_PrioGetHighest
</UL>
<BR>[Calls]<UL><LI><a href="#[93]">&gt;&gt;</a>&nbsp;&nbsp;&nbsp;BSP_IntHandler
</UL>
<BR>[Address Reference Count : 1]<UL><LI> cstartup.o(RESET)
</UL>
<P><STRONG><a name="[4e]"></a>BSP_IntHandlerDMA2_CH6</STRONG> (Thumb, 10 bytes, Stack size 8 bytes, bsp_int.o(.text))
<BR><BR>[Stack]<UL><LI>Max Depth = 48 + Unknown Stack Size
<LI>Call Chain = BSP_IntHandlerDMA2_CH6 &rArr; BSP_IntHandler &rArr; OSIntExit &rArr; OS_PrioGetHighest
</UL>
<BR>[Calls]<UL><LI><a href="#[93]">&gt;&gt;</a>&nbsp;&nbsp;&nbsp;BSP_IntHandler
</UL>
<BR>[Address Reference Count : 1]<UL><LI> cstartup.o(RESET)
</UL>
<P><STRONG><a name="[4f]"></a>BSP_IntHandlerDMA2_CH7</STRONG> (Thumb, 10 bytes, Stack size 8 bytes, bsp_int.o(.text))
<BR><BR>[Stack]<UL><LI>Max Depth = 48 + Unknown Stack Size
<LI>Call Chain = BSP_IntHandlerDMA2_CH7 &rArr; BSP_IntHandler &rArr; OSIntExit &rArr; OS_PrioGetHighest
</UL>
<BR>[Calls]<UL><LI><a href="#[93]">&gt;&gt;</a>&nbsp;&nbsp;&nbsp;BSP_IntHandler
</UL>
<BR>[Address Reference Count : 1]<UL><LI> cstartup.o(RESET)
</UL>
<P><STRONG><a name="[50]"></a>BSP_IntHandlerUSART6</STRONG> (Thumb, 10 bytes, Stack size 8 bytes, bsp_int.o(.text))
<BR><BR>[Stack]<UL><LI>Max Depth = 48 + Unknown Stack Size
<LI>Call Chain = BSP_IntHandlerUSART6 &rArr; BSP_IntHandler &rArr; OSIntExit &rArr; OS_PrioGetHighest
</UL>
<BR>[Calls]<UL><LI><a href="#[93]">&gt;&gt;</a>&nbsp;&nbsp;&nbsp;BSP_IntHandler
</UL>
<BR>[Address Reference Count : 1]<UL><LI> cstartup.o(RESET)
</UL>
<P><STRONG><a name="[51]"></a>BSP_IntHandlerI2C3_EV</STRONG> (Thumb, 10 bytes, Stack size 8 bytes, bsp_int.o(.text))
<BR><BR>[Stack]<UL><LI>Max Depth = 48 + Unknown Stack Size
<LI>Call Chain = BSP_IntHandlerI2C3_EV &rArr; BSP_IntHandler &rArr; OSIntExit &rArr; OS_PrioGetHighest
</UL>
<BR>[Calls]<UL><LI><a href="#[93]">&gt;&gt;</a>&nbsp;&nbsp;&nbsp;BSP_IntHandler
</UL>
<BR>[Address Reference Count : 1]<UL><LI> cstartup.o(RESET)
</UL>
<P><STRONG><a name="[52]"></a>BSP_IntHandlerI2C3_ER</STRONG> (Thumb, 10 bytes, Stack size 8 bytes, bsp_int.o(.text))
<BR><BR>[Stack]<UL><LI>Max Depth = 48 + Unknown Stack Size
<LI>Call Chain = BSP_IntHandlerI2C3_ER &rArr; BSP_IntHandler &rArr; OSIntExit &rArr; OS_PrioGetHighest
</UL>
<BR>[Calls]<UL><LI><a href="#[93]">&gt;&gt;</a>&nbsp;&nbsp;&nbsp;BSP_IntHandler
</UL>
<BR>[Address Reference Count : 1]<UL><LI> cstartup.o(RESET)
</UL>
<P><STRONG><a name="[53]"></a>BSP_IntHandlerOTG_HS_EP1_OUT</STRONG> (Thumb, 10 bytes, Stack size 8 bytes, bsp_int.o(.text))
<BR><BR>[Stack]<UL><LI>Max Depth = 48 + Unknown Stack Size
<LI>Call Chain = BSP_IntHandlerOTG_HS_EP1_OUT &rArr; BSP_IntHandler &rArr; OSIntExit &rArr; OS_PrioGetHighest
</UL>
<BR>[Calls]<UL><LI><a href="#[93]">&gt;&gt;</a>&nbsp;&nbsp;&nbsp;BSP_IntHandler
</UL>
<BR>[Address Reference Count : 1]<UL><LI> cstartup.o(RESET)
</UL>
<P><STRONG><a name="[54]"></a>BSP_IntHandlerOTG_HS_EP1_IN</STRONG> (Thumb, 10 bytes, Stack size 8 bytes, bsp_int.o(.text))
<BR><BR>[Stack]<UL><LI>Max Depth = 48 + Unknown Stack Size
<LI>Call Chain = BSP_IntHandlerOTG_HS_EP1_IN &rArr; BSP_IntHandler &rArr; OSIntExit &rArr; OS_PrioGetHighest
</UL>
<BR>[Calls]<UL><LI><a href="#[93]">&gt;&gt;</a>&nbsp;&nbsp;&nbsp;BSP_IntHandler
</UL>
<BR>[Address Reference Count : 1]<UL><LI> cstartup.o(RESET)
</UL>
<P><STRONG><a name="[55]"></a>BSP_IntHandlerOTG_HS_WKUP</STRONG> (Thumb, 10 bytes, Stack size 8 bytes, bsp_int.o(.text))
<BR><BR>[Stack]<UL><LI>Max Depth = 48 + Unknown Stack Size
<LI>Call Chain = BSP_IntHandlerOTG_HS_WKUP &rArr; BSP_IntHandler &rArr; OSIntExit &rArr; OS_PrioGetHighest
</UL>
<BR>[Calls]<UL><LI><a href="#[93]">&gt;&gt;</a>&nbsp;&nbsp;&nbsp;BSP_IntHandler
</UL>
<BR>[Address Reference Count : 1]<UL><LI> cstartup.o(RESET)
</UL>
<P><STRONG><a name="[56]"></a>BSP_IntHandlerOTG_HS</STRONG> (Thumb, 10 bytes, Stack size 8 bytes, bsp_int.o(.text))
<BR><BR>[Stack]<UL><LI>Max Depth = 48 + Unknown Stack Size
<LI>Call Chain = BSP_IntHandlerOTG_HS &rArr; BSP_IntHandler &rArr; OSIntExit &rArr; OS_PrioGetHighest
</UL>
<BR>[Calls]<UL><LI><a href="#[93]">&gt;&gt;</a>&nbsp;&nbsp;&nbsp;BSP_IntHandler
</UL>
<BR>[Address Reference Count : 1]<UL><LI> cstartup.o(RESET)
</UL>
<P><STRONG><a name="[57]"></a>BSP_IntHandlerDCMI</STRONG> (Thumb, 10 bytes, Stack size 8 bytes, bsp_int.o(.text))
<BR><BR>[Stack]<UL><LI>Max Depth = 48 + Unknown Stack Size
<LI>Call Chain = BSP_IntHandlerDCMI &rArr; BSP_IntHandler &rArr; OSIntExit &rArr; OS_PrioGetHighest
</UL>
<BR>[Calls]<UL><LI><a href="#[93]">&gt;&gt;</a>&nbsp;&nbsp;&nbsp;BSP_IntHandler
</UL>
<BR>[Address Reference Count : 1]<UL><LI> cstartup.o(RESET)
</UL>
<P><STRONG><a name="[58]"></a>BSP_IntHandlerCRYP</STRONG> (Thumb, 10 bytes, Stack size 8 bytes, bsp_int.o(.text))
<BR><BR>[Stack]<UL><LI>Max Depth = 48 + Unknown Stack Size
<LI>Call Chain = BSP_IntHandlerCRYP &rArr; BSP_IntHandler &rArr; OSIntExit &rArr; OS_PrioGetHighest
</UL>
<BR>[Calls]<UL><LI><a href="#[93]">&gt;&gt;</a>&nbsp;&nbsp;&nbsp;BSP_IntHandler
</UL>
<BR>[Address Reference Count : 1]<UL><LI> cstartup.o(RESET)
</UL>
<P><STRONG><a name="[59]"></a>BSP_IntHandlerHASH_RNG</STRONG> (Thumb, 10 bytes, Stack size 8 bytes, bsp_int.o(.text))
<BR><BR>[Stack]<UL><LI>Max Depth = 48 + Unknown Stack Size
<LI>Call Chain = BSP_IntHandlerHASH_RNG &rArr; BSP_IntHandler &rArr; OSIntExit &rArr; OS_PrioGetHighest
</UL>
<BR>[Calls]<UL><LI><a href="#[93]">&gt;&gt;</a>&nbsp;&nbsp;&nbsp;BSP_IntHandler
</UL>
<BR>[Address Reference Count : 1]<UL><LI> cstartup.o(RESET)
</UL>
<P><STRONG><a name="[5a]"></a>BSP_IntHandlerFPU</STRONG> (Thumb, 10 bytes, Stack size 8 bytes, bsp_int.o(.text))
<BR><BR>[Stack]<UL><LI>Max Depth = 48 + Unknown Stack Size
<LI>Call Chain = BSP_IntHandlerFPU &rArr; BSP_IntHandler &rArr; OSIntExit &rArr; OS_PrioGetHighest
</UL>
<BR>[Calls]<UL><LI><a href="#[93]">&gt;&gt;</a>&nbsp;&nbsp;&nbsp;BSP_IntHandler
</UL>
<BR>[Address Reference Count : 1]<UL><LI> cstartup.o(RESET)
</UL>
<P><STRONG><a name="[5b]"></a>BSP_IntHandlerUART7</STRONG> (Thumb, 18 bytes, Stack size 8 bytes, bsp_int.o(.text))
<BR><BR>[Stack]<UL><LI>Max Depth = 48 + Unknown Stack Size
<LI>Call Chain = BSP_IntHandlerUART7 &rArr; BSP_IntHandler &rArr; OSIntExit &rArr; OS_PrioGetHighest
</UL>
<BR>[Calls]<UL><LI><a href="#[93]">&gt;&gt;</a>&nbsp;&nbsp;&nbsp;BSP_IntHandler
</UL>
<BR>[Address Reference Count : 1]<UL><LI> cstartup.o(RESET)
</UL>
<P><STRONG><a name="[5c]"></a>BSP_IntHandlerUART8</STRONG> (Thumb, 10 bytes, Stack size 8 bytes, bsp_int.o(.text))
<BR><BR>[Stack]<UL><LI>Max Depth = 48 + Unknown Stack Size
<LI>Call Chain = BSP_IntHandlerUART8 &rArr; BSP_IntHandler &rArr; OSIntExit &rArr; OS_PrioGetHighest
</UL>
<BR>[Calls]<UL><LI><a href="#[93]">&gt;&gt;</a>&nbsp;&nbsp;&nbsp;BSP_IntHandler
</UL>
<BR>[Address Reference Count : 1]<UL><LI> cstartup.o(RESET)
</UL>
<P><STRONG><a name="[5d]"></a>BSP_IntHandlerSPI4</STRONG> (Thumb, 10 bytes, Stack size 8 bytes, bsp_int.o(.text))
<BR><BR>[Stack]<UL><LI>Max Depth = 48 + Unknown Stack Size
<LI>Call Chain = BSP_IntHandlerSPI4 &rArr; BSP_IntHandler &rArr; OSIntExit &rArr; OS_PrioGetHighest
</UL>
<BR>[Calls]<UL><LI><a href="#[93]">&gt;&gt;</a>&nbsp;&nbsp;&nbsp;BSP_IntHandler
</UL>
<BR>[Address Reference Count : 1]<UL><LI> cstartup.o(RESET)
</UL>
<P><STRONG><a name="[5e]"></a>BSP_IntHandlerSPI5</STRONG> (Thumb, 10 bytes, Stack size 8 bytes, bsp_int.o(.text))
<BR><BR>[Stack]<UL><LI>Max Depth = 48 + Unknown Stack Size
<LI>Call Chain = BSP_IntHandlerSPI5 &rArr; BSP_IntHandler &rArr; OSIntExit &rArr; OS_PrioGetHighest
</UL>
<BR>[Calls]<UL><LI><a href="#[93]">&gt;&gt;</a>&nbsp;&nbsp;&nbsp;BSP_IntHandler
</UL>
<BR>[Address Reference Count : 1]<UL><LI> cstartup.o(RESET)
</UL>
<P><STRONG><a name="[5f]"></a>BSP_IntHandlerSPI6</STRONG> (Thumb, 10 bytes, Stack size 8 bytes, bsp_int.o(.text))
<BR><BR>[Stack]<UL><LI>Max Depth = 48 + Unknown Stack Size
<LI>Call Chain = BSP_IntHandlerSPI6 &rArr; BSP_IntHandler &rArr; OSIntExit &rArr; OS_PrioGetHighest
</UL>
<BR>[Calls]<UL><LI><a href="#[93]">&gt;&gt;</a>&nbsp;&nbsp;&nbsp;BSP_IntHandler
</UL>
<BR>[Address Reference Count : 1]<UL><LI> cstartup.o(RESET)
</UL>
<P><STRONG><a name="[60]"></a>BSP_IntHandlerSAI1</STRONG> (Thumb, 10 bytes, Stack size 8 bytes, bsp_int.o(.text))
<BR><BR>[Stack]<UL><LI>Max Depth = 48 + Unknown Stack Size
<LI>Call Chain = BSP_IntHandlerSAI1 &rArr; BSP_IntHandler &rArr; OSIntExit &rArr; OS_PrioGetHighest
</UL>
<BR>[Calls]<UL><LI><a href="#[93]">&gt;&gt;</a>&nbsp;&nbsp;&nbsp;BSP_IntHandler
</UL>
<BR>[Address Reference Count : 1]<UL><LI> cstartup.o(RESET)
</UL>
<P><STRONG><a name="[61]"></a>BSP_IntHandlerLTDC</STRONG> (Thumb, 10 bytes, Stack size 8 bytes, bsp_int.o(.text))
<BR><BR>[Stack]<UL><LI>Max Depth = 48 + Unknown Stack Size
<LI>Call Chain = BSP_IntHandlerLTDC &rArr; BSP_IntHandler &rArr; OSIntExit &rArr; OS_PrioGetHighest
</UL>
<BR>[Calls]<UL><LI><a href="#[93]">&gt;&gt;</a>&nbsp;&nbsp;&nbsp;BSP_IntHandler
</UL>
<BR>[Address Reference Count : 1]<UL><LI> cstartup.o(RESET)
</UL>
<P><STRONG><a name="[62]"></a>BSP_IntHandlerLTDC_ER</STRONG> (Thumb, 10 bytes, Stack size 8 bytes, bsp_int.o(.text))
<BR><BR>[Stack]<UL><LI>Max Depth = 48 + Unknown Stack Size
<LI>Call Chain = BSP_IntHandlerLTDC_ER &rArr; BSP_IntHandler &rArr; OSIntExit &rArr; OS_PrioGetHighest
</UL>
<BR>[Calls]<UL><LI><a href="#[93]">&gt;&gt;</a>&nbsp;&nbsp;&nbsp;BSP_IntHandler
</UL>
<BR>[Address Reference Count : 1]<UL><LI> cstartup.o(RESET)
</UL>
<P><STRONG><a name="[63]"></a>BSP_IntHandlerDMA2D</STRONG> (Thumb, 10 bytes, Stack size 8 bytes, bsp_int.o(.text))
<BR><BR>[Stack]<UL><LI>Max Depth = 48 + Unknown Stack Size
<LI>Call Chain = BSP_IntHandlerDMA2D &rArr; BSP_IntHandler &rArr; OSIntExit &rArr; OS_PrioGetHighest
</UL>
<BR>[Calls]<UL><LI><a href="#[93]">&gt;&gt;</a>&nbsp;&nbsp;&nbsp;BSP_IntHandler
</UL>
<BR>[Address Reference Count : 1]<UL><LI> cstartup.o(RESET)
</UL>
<P><STRONG><a name="[96]"></a>BSP_PeriphClkFreqGet</STRONG> (Thumb, 390 bytes, Stack size 16 bytes, bsp_periph.o(.text), UNUSED)
<BR><BR>[Calls]<UL><LI><a href="#[6e]">&gt;&gt;</a>&nbsp;&nbsp;&nbsp;BSP_CPU_ClkFreq
</UL>

<P><STRONG><a name="[7d]"></a>BSP_PeriphEn</STRONG> (Thumb, 432 bytes, Stack size 0 bytes, bsp_periph.o(.text))
<BR><BR>[Called By]<UL><LI><a href="#[7c]">&gt;&gt;</a>&nbsp;&nbsp;&nbsp;BSP_LED_Init
</UL>

<P><STRONG><a name="[18a]"></a>BSP_PeriphDis</STRONG> (Thumb, 432 bytes, Stack size 0 bytes, bsp_periph.o(.text), UNUSED)

<P><STRONG><a name="[0]"></a>Reset_Handler</STRONG> (Thumb, 36 bytes, Stack size 0 bytes, cstartup.o(.text))
<BR>[Address Reference Count : 1]<UL><LI> cstartup.o(RESET)
</UL>
<P><STRONG><a name="[1]"></a>App_NMI_ISR</STRONG> (Thumb, 2 bytes, Stack size 0 bytes, cstartup.o(.text))
<BR><BR>[Calls]<UL><LI><a href="#[1]">&gt;&gt;</a>&nbsp;&nbsp;&nbsp;App_NMI_ISR
</UL>
<BR>[Called By]<UL><LI><a href="#[1]">&gt;&gt;</a>&nbsp;&nbsp;&nbsp;App_NMI_ISR
</UL>
<BR>[Address Reference Count : 1]<UL><LI> cstartup.o(RESET)
</UL>
<P><STRONG><a name="[2]"></a>App_Fault_ISR</STRONG> (Thumb, 2 bytes, Stack size 0 bytes, cstartup.o(.text))
<BR><BR>[Calls]<UL><LI><a href="#[2]">&gt;&gt;</a>&nbsp;&nbsp;&nbsp;App_Fault_ISR
</UL>
<BR>[Called By]<UL><LI><a href="#[2]">&gt;&gt;</a>&nbsp;&nbsp;&nbsp;App_Fault_ISR
</UL>
<BR>[Address Reference Count : 1]<UL><LI> cstartup.o(RESET)
</UL>
<P><STRONG><a name="[3]"></a>App_MemFault_ISR</STRONG> (Thumb, 2 bytes, Stack size 0 bytes, cstartup.o(.text))
<BR><BR>[Calls]<UL><LI><a href="#[3]">&gt;&gt;</a>&nbsp;&nbsp;&nbsp;App_MemFault_ISR
</UL>
<BR>[Called By]<UL><LI><a href="#[3]">&gt;&gt;</a>&nbsp;&nbsp;&nbsp;App_MemFault_ISR
</UL>
<BR>[Address Reference Count : 1]<UL><LI> cstartup.o(RESET)
</UL>
<P><STRONG><a name="[4]"></a>App_BusFault_ISR</STRONG> (Thumb, 2 bytes, Stack size 0 bytes, cstartup.o(.text))
<BR><BR>[Calls]<UL><LI><a href="#[4]">&gt;&gt;</a>&nbsp;&nbsp;&nbsp;App_BusFault_ISR
</UL>
<BR>[Called By]<UL><LI><a href="#[4]">&gt;&gt;</a>&nbsp;&nbsp;&nbsp;App_BusFault_ISR
</UL>
<BR>[Address Reference Count : 1]<UL><LI> cstartup.o(RESET)
</UL>
<P><STRONG><a name="[5]"></a>App_UsageFault_ISR</STRONG> (Thumb, 2 bytes, Stack size 0 bytes, cstartup.o(.text))
<BR><BR>[Calls]<UL><LI><a href="#[5]">&gt;&gt;</a>&nbsp;&nbsp;&nbsp;App_UsageFault_ISR
</UL>
<BR>[Called By]<UL><LI><a href="#[5]">&gt;&gt;</a>&nbsp;&nbsp;&nbsp;App_UsageFault_ISR
</UL>
<BR>[Address Reference Count : 1]<UL><LI> cstartup.o(RESET)
</UL>
<P><STRONG><a name="[6]"></a>App_Spurious_ISR</STRONG> (Thumb, 2 bytes, Stack size 0 bytes, cstartup.o(.text))
<BR><BR>[Calls]<UL><LI><a href="#[6]">&gt;&gt;</a>&nbsp;&nbsp;&nbsp;App_Spurious_ISR
</UL>
<BR>[Called By]<UL><LI><a href="#[6]">&gt;&gt;</a>&nbsp;&nbsp;&nbsp;App_Spurious_ISR
</UL>
<BR>[Address Reference Count : 1]<UL><LI> cstartup.o(RESET)
</UL>
<P><STRONG><a name="[97]"></a>App_Reserved_ISR</STRONG> (Thumb, 2 bytes, Stack size 0 bytes, cstartup.o(.text), UNUSED)
<BR><BR>[Calls]<UL><LI><a href="#[97]">&gt;&gt;</a>&nbsp;&nbsp;&nbsp;App_Reserved_ISR
</UL>
<BR>[Called By]<UL><LI><a href="#[97]">&gt;&gt;</a>&nbsp;&nbsp;&nbsp;App_Reserved_ISR
</UL>

<P><STRONG><a name="[8b]"></a>CPU_IntDis</STRONG> (Thumb, 0 bytes, Stack size unknown bytes, cpu_a.o(.text))
<BR><BR>[Called By]<UL><LI><a href="#[78]">&gt;&gt;</a>&nbsp;&nbsp;&nbsp;BSP_IntDisAll
</UL>

<P><STRONG><a name="[18b]"></a>CPU_IntEn</STRONG> (Thumb, 0 bytes, Stack size unknown bytes, cpu_a.o(.text), UNUSED)

<P><STRONG><a name="[8f]"></a>CPU_SR_Save</STRONG> (Thumb, 0 bytes, Stack size unknown bytes, cpu_a.o(.text))
<BR><BR>[Called By]<UL><LI><a href="#[fd]">&gt;&gt;</a>&nbsp;&nbsp;&nbsp;OSSchedUnlock
<LI><a href="#[fb]">&gt;&gt;</a>&nbsp;&nbsp;&nbsp;OSSchedLock
<LI><a href="#[f8]">&gt;&gt;</a>&nbsp;&nbsp;&nbsp;OSSched
<LI><a href="#[e4]">&gt;&gt;</a>&nbsp;&nbsp;&nbsp;OS_IdleTask
<LI><a href="#[c3]">&gt;&gt;</a>&nbsp;&nbsp;&nbsp;Mem_PoolBlkIxGet
<LI><a href="#[c2]">&gt;&gt;</a>&nbsp;&nbsp;&nbsp;Mem_PoolBlkFree
<LI><a href="#[c1]">&gt;&gt;</a>&nbsp;&nbsp;&nbsp;Mem_PoolBlkGetUsedAtIx
<LI><a href="#[c0]">&gt;&gt;</a>&nbsp;&nbsp;&nbsp;Mem_PoolBlkGet
<LI><a href="#[bf]">&gt;&gt;</a>&nbsp;&nbsp;&nbsp;Mem_PoolBlkGetNbrAvail
<LI><a href="#[bd]">&gt;&gt;</a>&nbsp;&nbsp;&nbsp;Mem_PoolCreate
<LI><a href="#[bb]">&gt;&gt;</a>&nbsp;&nbsp;&nbsp;Mem_SegGetSizeRem
<LI><a href="#[b8]">&gt;&gt;</a>&nbsp;&nbsp;&nbsp;Mem_HeapAlloc
<LI><a href="#[b3]">&gt;&gt;</a>&nbsp;&nbsp;&nbsp;Math_Rand
<LI><a href="#[b2]">&gt;&gt;</a>&nbsp;&nbsp;&nbsp;Math_RandSetSeed
<LI><a href="#[a1]">&gt;&gt;</a>&nbsp;&nbsp;&nbsp;CPU_NameSet
<LI><a href="#[9e]">&gt;&gt;</a>&nbsp;&nbsp;&nbsp;CPU_NameGet
<LI><a href="#[9a]">&gt;&gt;</a>&nbsp;&nbsp;&nbsp;CPU_NameClr
<LI><a href="#[99]">&gt;&gt;</a>&nbsp;&nbsp;&nbsp;CPU_IntSrcPrioGet
<LI><a href="#[98]">&gt;&gt;</a>&nbsp;&nbsp;&nbsp;CPU_IntSrcPendClr
<LI><a href="#[8]">&gt;&gt;</a>&nbsp;&nbsp;&nbsp;OS_CPU_SysTickHandler
<LI><a href="#[95]">&gt;&gt;</a>&nbsp;&nbsp;&nbsp;OSIntExit
<LI><a href="#[92]">&gt;&gt;</a>&nbsp;&nbsp;&nbsp;CPU_IntSrcPrioSet
<LI><a href="#[8d]">&gt;&gt;</a>&nbsp;&nbsp;&nbsp;CPU_IntSrcEn
<LI><a href="#[8a]">&gt;&gt;</a>&nbsp;&nbsp;&nbsp;CPU_IntSrcDis
<LI><a href="#[91]">&gt;&gt;</a>&nbsp;&nbsp;&nbsp;BSP_IntPrioSet
<LI><a href="#[8e]">&gt;&gt;</a>&nbsp;&nbsp;&nbsp;BSP_IntVectSet
<LI><a href="#[93]">&gt;&gt;</a>&nbsp;&nbsp;&nbsp;BSP_IntHandler
<LI><a href="#[77]">&gt;&gt;</a>&nbsp;&nbsp;&nbsp;OSTimeDlyHMSM
<LI><a href="#[7a]">&gt;&gt;</a>&nbsp;&nbsp;&nbsp;OSTaskCreate
<LI><a href="#[72]">&gt;&gt;</a>&nbsp;&nbsp;&nbsp;OSStatTaskCPUUsageInit
<LI><a href="#[179]">&gt;&gt;</a>&nbsp;&nbsp;&nbsp;OSTmrStart
<LI><a href="#[16e]">&gt;&gt;</a>&nbsp;&nbsp;&nbsp;OSTimeSet
<LI><a href="#[16d]">&gt;&gt;</a>&nbsp;&nbsp;&nbsp;OSTimeGet
<LI><a href="#[16c]">&gt;&gt;</a>&nbsp;&nbsp;&nbsp;OSTimeDlyResume
<LI><a href="#[16a]">&gt;&gt;</a>&nbsp;&nbsp;&nbsp;OS_TickTask
<LI><a href="#[169]">&gt;&gt;</a>&nbsp;&nbsp;&nbsp;OS_TickListUpdateDly
<LI><a href="#[168]">&gt;&gt;</a>&nbsp;&nbsp;&nbsp;OS_TickListUpdateTimeout
<LI><a href="#[166]">&gt;&gt;</a>&nbsp;&nbsp;&nbsp;OS_TaskSuspend
<LI><a href="#[165]">&gt;&gt;</a>&nbsp;&nbsp;&nbsp;OSTaskSemSet
<LI><a href="#[163]">&gt;&gt;</a>&nbsp;&nbsp;&nbsp;OS_TaskSemPost
<LI><a href="#[162]">&gt;&gt;</a>&nbsp;&nbsp;&nbsp;OSTaskSemPendAbort
<LI><a href="#[161]">&gt;&gt;</a>&nbsp;&nbsp;&nbsp;OSTaskSemPend
<LI><a href="#[160]">&gt;&gt;</a>&nbsp;&nbsp;&nbsp;OS_TaskResume
<LI><a href="#[15f]">&gt;&gt;</a>&nbsp;&nbsp;&nbsp;OSTaskRegSet
<LI><a href="#[15e]">&gt;&gt;</a>&nbsp;&nbsp;&nbsp;OSTaskRegGetID
<LI><a href="#[15d]">&gt;&gt;</a>&nbsp;&nbsp;&nbsp;OSTaskRegGet
<LI><a href="#[15b]">&gt;&gt;</a>&nbsp;&nbsp;&nbsp;OS_TaskQPost
<LI><a href="#[15a]">&gt;&gt;</a>&nbsp;&nbsp;&nbsp;OSTaskQPendAbort
<LI><a href="#[159]">&gt;&gt;</a>&nbsp;&nbsp;&nbsp;OSTaskQPend
<LI><a href="#[158]">&gt;&gt;</a>&nbsp;&nbsp;&nbsp;OSTaskQFlush
<LI><a href="#[155]">&gt;&gt;</a>&nbsp;&nbsp;&nbsp;OSTaskDel
<LI><a href="#[150]">&gt;&gt;</a>&nbsp;&nbsp;&nbsp;OSTaskChangePrio
<LI><a href="#[14b]">&gt;&gt;</a>&nbsp;&nbsp;&nbsp;OSTimeDly
<LI><a href="#[14f]">&gt;&gt;</a>&nbsp;&nbsp;&nbsp;OSTaskStkChk
<LI><a href="#[14c]">&gt;&gt;</a>&nbsp;&nbsp;&nbsp;OSTaskResume
<LI><a href="#[14d]">&gt;&gt;</a>&nbsp;&nbsp;&nbsp;OS_StatTask
<LI><a href="#[147]">&gt;&gt;</a>&nbsp;&nbsp;&nbsp;OSStatReset
<LI><a href="#[146]">&gt;&gt;</a>&nbsp;&nbsp;&nbsp;OSSemSet
<LI><a href="#[144]">&gt;&gt;</a>&nbsp;&nbsp;&nbsp;OS_SemPost
<LI><a href="#[143]">&gt;&gt;</a>&nbsp;&nbsp;&nbsp;OSSemPendAbort
<LI><a href="#[142]">&gt;&gt;</a>&nbsp;&nbsp;&nbsp;OSSemPend
<LI><a href="#[140]">&gt;&gt;</a>&nbsp;&nbsp;&nbsp;OSSemDel
<LI><a href="#[13d]">&gt;&gt;</a>&nbsp;&nbsp;&nbsp;OSSemCreate
<LI><a href="#[13a]">&gt;&gt;</a>&nbsp;&nbsp;&nbsp;OS_QPost
<LI><a href="#[139]">&gt;&gt;</a>&nbsp;&nbsp;&nbsp;OSQPendAbort
<LI><a href="#[137]">&gt;&gt;</a>&nbsp;&nbsp;&nbsp;OSQPend
<LI><a href="#[136]">&gt;&gt;</a>&nbsp;&nbsp;&nbsp;OSQFlush
<LI><a href="#[134]">&gt;&gt;</a>&nbsp;&nbsp;&nbsp;OSQDel
<LI><a href="#[12f]">&gt;&gt;</a>&nbsp;&nbsp;&nbsp;OSQCreate
<LI><a href="#[12e]">&gt;&gt;</a>&nbsp;&nbsp;&nbsp;OSMutexPost
<LI><a href="#[12d]">&gt;&gt;</a>&nbsp;&nbsp;&nbsp;OSMutexPendAbort
<LI><a href="#[12c]">&gt;&gt;</a>&nbsp;&nbsp;&nbsp;OSMutexPend
<LI><a href="#[12a]">&gt;&gt;</a>&nbsp;&nbsp;&nbsp;OSMutexDel
<LI><a href="#[127]">&gt;&gt;</a>&nbsp;&nbsp;&nbsp;OSMutexCreate
<LI><a href="#[126]">&gt;&gt;</a>&nbsp;&nbsp;&nbsp;OSMemPut
<LI><a href="#[125]">&gt;&gt;</a>&nbsp;&nbsp;&nbsp;OSMemGet
<LI><a href="#[123]">&gt;&gt;</a>&nbsp;&nbsp;&nbsp;OSMemCreate
<LI><a href="#[121]">&gt;&gt;</a>&nbsp;&nbsp;&nbsp;OS_FlagPost
<LI><a href="#[11f]">&gt;&gt;</a>&nbsp;&nbsp;&nbsp;OSFlagPendGetFlagsRdy
<LI><a href="#[11e]">&gt;&gt;</a>&nbsp;&nbsp;&nbsp;OSFlagPendAbort
<LI><a href="#[11d]">&gt;&gt;</a>&nbsp;&nbsp;&nbsp;OSFlagPend
<LI><a href="#[11a]">&gt;&gt;</a>&nbsp;&nbsp;&nbsp;OSFlagDel
<LI><a href="#[116]">&gt;&gt;</a>&nbsp;&nbsp;&nbsp;OSFlagCreate
</UL>

<P><STRONG><a name="[90]"></a>CPU_SR_Restore</STRONG> (Thumb, 0 bytes, Stack size unknown bytes, cpu_a.o(.text))
<BR><BR>[Called By]<UL><LI><a href="#[fd]">&gt;&gt;</a>&nbsp;&nbsp;&nbsp;OSSchedUnlock
<LI><a href="#[fb]">&gt;&gt;</a>&nbsp;&nbsp;&nbsp;OSSchedLock
<LI><a href="#[f8]">&gt;&gt;</a>&nbsp;&nbsp;&nbsp;OSSched
<LI><a href="#[e4]">&gt;&gt;</a>&nbsp;&nbsp;&nbsp;OS_IdleTask
<LI><a href="#[c3]">&gt;&gt;</a>&nbsp;&nbsp;&nbsp;Mem_PoolBlkIxGet
<LI><a href="#[c2]">&gt;&gt;</a>&nbsp;&nbsp;&nbsp;Mem_PoolBlkFree
<LI><a href="#[c1]">&gt;&gt;</a>&nbsp;&nbsp;&nbsp;Mem_PoolBlkGetUsedAtIx
<LI><a href="#[c0]">&gt;&gt;</a>&nbsp;&nbsp;&nbsp;Mem_PoolBlkGet
<LI><a href="#[bf]">&gt;&gt;</a>&nbsp;&nbsp;&nbsp;Mem_PoolBlkGetNbrAvail
<LI><a href="#[bd]">&gt;&gt;</a>&nbsp;&nbsp;&nbsp;Mem_PoolCreate
<LI><a href="#[bb]">&gt;&gt;</a>&nbsp;&nbsp;&nbsp;Mem_SegGetSizeRem
<LI><a href="#[b8]">&gt;&gt;</a>&nbsp;&nbsp;&nbsp;Mem_HeapAlloc
<LI><a href="#[b3]">&gt;&gt;</a>&nbsp;&nbsp;&nbsp;Math_Rand
<LI><a href="#[b2]">&gt;&gt;</a>&nbsp;&nbsp;&nbsp;Math_RandSetSeed
<LI><a href="#[a1]">&gt;&gt;</a>&nbsp;&nbsp;&nbsp;CPU_NameSet
<LI><a href="#[9e]">&gt;&gt;</a>&nbsp;&nbsp;&nbsp;CPU_NameGet
<LI><a href="#[9a]">&gt;&gt;</a>&nbsp;&nbsp;&nbsp;CPU_NameClr
<LI><a href="#[99]">&gt;&gt;</a>&nbsp;&nbsp;&nbsp;CPU_IntSrcPrioGet
<LI><a href="#[98]">&gt;&gt;</a>&nbsp;&nbsp;&nbsp;CPU_IntSrcPendClr
<LI><a href="#[8]">&gt;&gt;</a>&nbsp;&nbsp;&nbsp;OS_CPU_SysTickHandler
<LI><a href="#[95]">&gt;&gt;</a>&nbsp;&nbsp;&nbsp;OSIntExit
<LI><a href="#[92]">&gt;&gt;</a>&nbsp;&nbsp;&nbsp;CPU_IntSrcPrioSet
<LI><a href="#[8d]">&gt;&gt;</a>&nbsp;&nbsp;&nbsp;CPU_IntSrcEn
<LI><a href="#[8a]">&gt;&gt;</a>&nbsp;&nbsp;&nbsp;CPU_IntSrcDis
<LI><a href="#[91]">&gt;&gt;</a>&nbsp;&nbsp;&nbsp;BSP_IntPrioSet
<LI><a href="#[8e]">&gt;&gt;</a>&nbsp;&nbsp;&nbsp;BSP_IntVectSet
<LI><a href="#[93]">&gt;&gt;</a>&nbsp;&nbsp;&nbsp;BSP_IntHandler
<LI><a href="#[77]">&gt;&gt;</a>&nbsp;&nbsp;&nbsp;OSTimeDlyHMSM
<LI><a href="#[7a]">&gt;&gt;</a>&nbsp;&nbsp;&nbsp;OSTaskCreate
<LI><a href="#[72]">&gt;&gt;</a>&nbsp;&nbsp;&nbsp;OSStatTaskCPUUsageInit
<LI><a href="#[179]">&gt;&gt;</a>&nbsp;&nbsp;&nbsp;OSTmrStart
<LI><a href="#[16e]">&gt;&gt;</a>&nbsp;&nbsp;&nbsp;OSTimeSet
<LI><a href="#[16d]">&gt;&gt;</a>&nbsp;&nbsp;&nbsp;OSTimeGet
<LI><a href="#[16c]">&gt;&gt;</a>&nbsp;&nbsp;&nbsp;OSTimeDlyResume
<LI><a href="#[16a]">&gt;&gt;</a>&nbsp;&nbsp;&nbsp;OS_TickTask
<LI><a href="#[169]">&gt;&gt;</a>&nbsp;&nbsp;&nbsp;OS_TickListUpdateDly
<LI><a href="#[168]">&gt;&gt;</a>&nbsp;&nbsp;&nbsp;OS_TickListUpdateTimeout
<LI><a href="#[166]">&gt;&gt;</a>&nbsp;&nbsp;&nbsp;OS_TaskSuspend
<LI><a href="#[165]">&gt;&gt;</a>&nbsp;&nbsp;&nbsp;OSTaskSemSet
<LI><a href="#[163]">&gt;&gt;</a>&nbsp;&nbsp;&nbsp;OS_TaskSemPost
<LI><a href="#[162]">&gt;&gt;</a>&nbsp;&nbsp;&nbsp;OSTaskSemPendAbort
<LI><a href="#[161]">&gt;&gt;</a>&nbsp;&nbsp;&nbsp;OSTaskSemPend
<LI><a href="#[160]">&gt;&gt;</a>&nbsp;&nbsp;&nbsp;OS_TaskResume
<LI><a href="#[15f]">&gt;&gt;</a>&nbsp;&nbsp;&nbsp;OSTaskRegSet
<LI><a href="#[15e]">&gt;&gt;</a>&nbsp;&nbsp;&nbsp;OSTaskRegGetID
<LI><a href="#[15d]">&gt;&gt;</a>&nbsp;&nbsp;&nbsp;OSTaskRegGet
<LI><a href="#[15b]">&gt;&gt;</a>&nbsp;&nbsp;&nbsp;OS_TaskQPost
<LI><a href="#[15a]">&gt;&gt;</a>&nbsp;&nbsp;&nbsp;OSTaskQPendAbort
<LI><a href="#[159]">&gt;&gt;</a>&nbsp;&nbsp;&nbsp;OSTaskQPend
<LI><a href="#[158]">&gt;&gt;</a>&nbsp;&nbsp;&nbsp;OSTaskQFlush
<LI><a href="#[155]">&gt;&gt;</a>&nbsp;&nbsp;&nbsp;OSTaskDel
<LI><a href="#[150]">&gt;&gt;</a>&nbsp;&nbsp;&nbsp;OSTaskChangePrio
<LI><a href="#[14b]">&gt;&gt;</a>&nbsp;&nbsp;&nbsp;OSTimeDly
<LI><a href="#[14f]">&gt;&gt;</a>&nbsp;&nbsp;&nbsp;OSTaskStkChk
<LI><a href="#[14c]">&gt;&gt;</a>&nbsp;&nbsp;&nbsp;OSTaskResume
<LI><a href="#[14d]">&gt;&gt;</a>&nbsp;&nbsp;&nbsp;OS_StatTask
<LI><a href="#[147]">&gt;&gt;</a>&nbsp;&nbsp;&nbsp;OSStatReset
<LI><a href="#[146]">&gt;&gt;</a>&nbsp;&nbsp;&nbsp;OSSemSet
<LI><a href="#[144]">&gt;&gt;</a>&nbsp;&nbsp;&nbsp;OS_SemPost
<LI><a href="#[143]">&gt;&gt;</a>&nbsp;&nbsp;&nbsp;OSSemPendAbort
<LI><a href="#[142]">&gt;&gt;</a>&nbsp;&nbsp;&nbsp;OSSemPend
<LI><a href="#[140]">&gt;&gt;</a>&nbsp;&nbsp;&nbsp;OSSemDel
<LI><a href="#[13d]">&gt;&gt;</a>&nbsp;&nbsp;&nbsp;OSSemCreate
<LI><a href="#[13a]">&gt;&gt;</a>&nbsp;&nbsp;&nbsp;OS_QPost
<LI><a href="#[139]">&gt;&gt;</a>&nbsp;&nbsp;&nbsp;OSQPendAbort
<LI><a href="#[137]">&gt;&gt;</a>&nbsp;&nbsp;&nbsp;OSQPend
<LI><a href="#[136]">&gt;&gt;</a>&nbsp;&nbsp;&nbsp;OSQFlush
<LI><a href="#[134]">&gt;&gt;</a>&nbsp;&nbsp;&nbsp;OSQDel
<LI><a href="#[12f]">&gt;&gt;</a>&nbsp;&nbsp;&nbsp;OSQCreate
<LI><a href="#[12e]">&gt;&gt;</a>&nbsp;&nbsp;&nbsp;OSMutexPost
<LI><a href="#[12d]">&gt;&gt;</a>&nbsp;&nbsp;&nbsp;OSMutexPendAbort
<LI><a href="#[12c]">&gt;&gt;</a>&nbsp;&nbsp;&nbsp;OSMutexPend
<LI><a href="#[12a]">&gt;&gt;</a>&nbsp;&nbsp;&nbsp;OSMutexDel
<LI><a href="#[127]">&gt;&gt;</a>&nbsp;&nbsp;&nbsp;OSMutexCreate
<LI><a href="#[126]">&gt;&gt;</a>&nbsp;&nbsp;&nbsp;OSMemPut
<LI><a href="#[125]">&gt;&gt;</a>&nbsp;&nbsp;&nbsp;OSMemGet
<LI><a href="#[123]">&gt;&gt;</a>&nbsp;&nbsp;&nbsp;OSMemCreate
<LI><a href="#[121]">&gt;&gt;</a>&nbsp;&nbsp;&nbsp;OS_FlagPost
<LI><a href="#[11f]">&gt;&gt;</a>&nbsp;&nbsp;&nbsp;OSFlagPendGetFlagsRdy
<LI><a href="#[11e]">&gt;&gt;</a>&nbsp;&nbsp;&nbsp;OSFlagPendAbort
<LI><a href="#[11d]">&gt;&gt;</a>&nbsp;&nbsp;&nbsp;OSFlagPend
<LI><a href="#[11a]">&gt;&gt;</a>&nbsp;&nbsp;&nbsp;OSFlagDel
<LI><a href="#[116]">&gt;&gt;</a>&nbsp;&nbsp;&nbsp;OSFlagCreate
</UL>

<P><STRONG><a name="[18c]"></a>CPU_WaitForInt</STRONG> (Thumb, 0 bytes, Stack size unknown bytes, cpu_a.o(.text), UNUSED)

<P><STRONG><a name="[18d]"></a>CPU_WaitForExcept</STRONG> (Thumb, 0 bytes, Stack size unknown bytes, cpu_a.o(.text), UNUSED)

<P><STRONG><a name="[a7]"></a>CPU_CntLeadZeros</STRONG> (Thumb, 0 bytes, Stack size unknown bytes, cpu_a.o(.text))
<BR><BR>[Called By]<UL><LI><a href="#[f6]">&gt;&gt;</a>&nbsp;&nbsp;&nbsp;OS_PrioGetHighest
<LI><a href="#[a9]">&gt;&gt;</a>&nbsp;&nbsp;&nbsp;CPU_CntLeadZeros32
<LI><a href="#[a8]">&gt;&gt;</a>&nbsp;&nbsp;&nbsp;CPU_CntLeadZeros16
<LI><a href="#[a6]">&gt;&gt;</a>&nbsp;&nbsp;&nbsp;CPU_CntLeadZeros08
</UL>

<P><STRONG><a name="[ab]"></a>CPU_CntTrailZeros</STRONG> (Thumb, 0 bytes, Stack size unknown bytes, cpu_a.o(.text), UNUSED)
<BR><BR>[Called By]<UL><LI><a href="#[ad]">&gt;&gt;</a>&nbsp;&nbsp;&nbsp;CPU_CntTrailZeros32
<LI><a href="#[ac]">&gt;&gt;</a>&nbsp;&nbsp;&nbsp;CPU_CntTrailZeros16
<LI><a href="#[aa]">&gt;&gt;</a>&nbsp;&nbsp;&nbsp;CPU_CntTrailZeros08
</UL>

<P><STRONG><a name="[18e]"></a>CPU_RevBits</STRONG> (Thumb, 0 bytes, Stack size unknown bytes, cpu_a.o(.text), UNUSED)

<P><STRONG><a name="[18f]"></a>CPU_BitBandClr</STRONG> (Thumb, 58 bytes, Stack size 8 bytes, cpu_c.o(.text), UNUSED)

<P><STRONG><a name="[190]"></a>CPU_BitBandSet</STRONG> (Thumb, 58 bytes, Stack size 8 bytes, cpu_c.o(.text), UNUSED)

<P><STRONG><a name="[8a]"></a>CPU_IntSrcDis</STRONG> (Thumb, 330 bytes, Stack size 24 bytes, cpu_c.o(.text), UNUSED)
<BR><BR>[Calls]<UL><LI><a href="#[8f]">&gt;&gt;</a>&nbsp;&nbsp;&nbsp;CPU_SR_Save
<LI><a href="#[90]">&gt;&gt;</a>&nbsp;&nbsp;&nbsp;CPU_SR_Restore
</UL>
<BR>[Called By]<UL><LI><a href="#[89]">&gt;&gt;</a>&nbsp;&nbsp;&nbsp;BSP_IntDis
</UL>

<P><STRONG><a name="[8d]"></a>CPU_IntSrcEn</STRONG> (Thumb, 330 bytes, Stack size 24 bytes, cpu_c.o(.text), UNUSED)
<BR><BR>[Calls]<UL><LI><a href="#[8f]">&gt;&gt;</a>&nbsp;&nbsp;&nbsp;CPU_SR_Save
<LI><a href="#[90]">&gt;&gt;</a>&nbsp;&nbsp;&nbsp;CPU_SR_Restore
</UL>
<BR>[Called By]<UL><LI><a href="#[8c]">&gt;&gt;</a>&nbsp;&nbsp;&nbsp;BSP_IntEn
</UL>

<P><STRONG><a name="[98]"></a>CPU_IntSrcPendClr</STRONG> (Thumb, 166 bytes, Stack size 24 bytes, cpu_c.o(.text), UNUSED)
<BR><BR>[Calls]<UL><LI><a href="#[8f]">&gt;&gt;</a>&nbsp;&nbsp;&nbsp;CPU_SR_Save
<LI><a href="#[90]">&gt;&gt;</a>&nbsp;&nbsp;&nbsp;CPU_SR_Restore
</UL>

<P><STRONG><a name="[92]"></a>CPU_IntSrcPrioSet</STRONG> (Thumb, 504 bytes, Stack size 32 bytes, cpu_c.o(.text), UNUSED)
<BR><BR>[Calls]<UL><LI><a href="#[8f]">&gt;&gt;</a>&nbsp;&nbsp;&nbsp;CPU_SR_Save
<LI><a href="#[90]">&gt;&gt;</a>&nbsp;&nbsp;&nbsp;CPU_SR_Restore
</UL>
<BR>[Called By]<UL><LI><a href="#[91]">&gt;&gt;</a>&nbsp;&nbsp;&nbsp;BSP_IntPrioSet
</UL>

<P><STRONG><a name="[99]"></a>CPU_IntSrcPrioGet</STRONG> (Thumb, 430 bytes, Stack size 32 bytes, cpu_c.o(.text), UNUSED)
<BR><BR>[Calls]<UL><LI><a href="#[8f]">&gt;&gt;</a>&nbsp;&nbsp;&nbsp;CPU_SR_Save
<LI><a href="#[90]">&gt;&gt;</a>&nbsp;&nbsp;&nbsp;CPU_SR_Restore
</UL>

<P><STRONG><a name="[9a]"></a>CPU_NameClr</STRONG> (Thumb, 42 bytes, Stack size 8 bytes, cpu_core.o(.text))
<BR><BR>[Stack]<UL><LI>Max Depth = 44 + Unknown Stack Size
<LI>Call Chain = CPU_NameClr &rArr; Mem_Clr &rArr; Mem_Set
</UL>
<BR>[Calls]<UL><LI><a href="#[9b]">&gt;&gt;</a>&nbsp;&nbsp;&nbsp;Mem_Clr
<LI><a href="#[8f]">&gt;&gt;</a>&nbsp;&nbsp;&nbsp;CPU_SR_Save
<LI><a href="#[90]">&gt;&gt;</a>&nbsp;&nbsp;&nbsp;CPU_SR_Restore
</UL>
[...]

<P><STRONG><a name="[1bf]"></a>RCC_AHB3PeriphClockCmd</STRONG> (Thumb, 34 bytes, Stack size 0 bytes, stm32f4xx_rcc.o(.text), UNUSED)

<P><STRONG><a name="[1c0]"></a>RCC_APB1PeriphClockCmd</STRONG> (Thumb, 34 bytes, Stack size 0 bytes, stm32f4xx_rcc.o(.text), UNUSED)

<P><STRONG><a name="[1c1]"></a>RCC_APB2PeriphClockCmd</STRONG> (Thumb, 34 bytes, Stack size 0 bytes, stm32f4xx_rcc.o(.text), UNUSED)

<P><STRONG><a name="[17d]"></a>RCC_AHB1PeriphResetCmd</STRONG> (Thumb, 34 bytes, Stack size 0 bytes, stm32f4xx_rcc.o(.text), UNUSED)
<BR><BR>[Called By]<UL><LI><a href="#[17c]">&gt;&gt;</a>&nbsp;&nbsp;&nbsp;GPIO_DeInit
</UL>

<P><STRONG><a name="[1c2]"></a>RCC_AHB2PeriphResetCmd</STRONG> (Thumb, 72 bytes, Stack size 0 bytes, stm32f4xx_rcc.o(.text), UNUSED)

<P><STRONG><a name="[1c3]"></a>RCC_AHB3PeriphResetCmd</STRONG> (Thumb, 34 bytes, Stack size 0 bytes, stm32f4xx_rcc.o(.text), UNUSED)

<P><STRONG><a name="[1c4]"></a>RCC_APB1PeriphResetCmd</STRONG> (Thumb, 34 bytes, Stack size 0 bytes, stm32f4xx_rcc.o(.text), UNUSED)

<P><STRONG><a name="[1c5]"></a>RCC_APB2PeriphResetCmd</STRONG> (Thumb, 34 bytes, Stack size 0 bytes, stm32f4xx_rcc.o(.text), UNUSED)

<P><STRONG><a name="[1c6]"></a>RCC_AHB1PeriphClockLPModeCmd</STRONG> (Thumb, 34 bytes, Stack size 0 bytes, stm32f4xx_rcc.o(.text), UNUSED)

<P><STRONG><a name="[1c7]"></a>RCC_AHB2PeriphClockLPModeCmd</STRONG> (Thumb, 34 bytes, Stack size 0 bytes, stm32f4xx_rcc.o(.text), UNUSED)

<P><STRONG><a name="[1c8]"></a>RCC_AHB3PeriphClockLPModeCmd</STRONG> (Thumb, 34 bytes, Stack size 0 bytes, stm32f4xx_rcc.o(.text), UNUSED)

<P><STRONG><a name="[1c9]"></a>RCC_APB1PeriphClockLPModeCmd</STRONG> (Thumb, 34 bytes, Stack size 0 bytes, stm32f4xx_rcc.o(.text), UNUSED)

<P><STRONG><a name="[1ca]"></a>RCC_APB2PeriphClockLPModeCmd</STRONG> (Thumb, 34 bytes, Stack size 0 bytes, stm32f4xx_rcc.o(.text), UNUSED)

<P><STRONG><a name="[1cb]"></a>RCC_ITConfig</STRONG> (Thumb, 34 bytes, Stack size 0 bytes, stm32f4xx_rcc.o(.text), UNUSED)

<P><STRONG><a name="[1cc]"></a>RCC_ClearFlag</STRONG> (Thumb, 18 bytes, Stack size 0 bytes, stm32f4xx_rcc.o(.text), UNUSED)

<P><STRONG><a name="[1cd]"></a>RCC_GetITStatus</STRONG> (Thumb, 22 bytes, Stack size 0 bytes, stm32f4xx_rcc.o(.text), UNUSED)

<P><STRONG><a name="[1ce]"></a>RCC_ClearITPendingBit</STRONG> (Thumb, 8 bytes, Stack size 0 bytes, stm32f4xx_rcc.o(.text), UNUSED)

<P><STRONG><a name="[88]"></a>__aeabi_uldivmod</STRONG> (Thumb, 98 bytes, Stack size 40 bytes, uldiv.o(.text), UNUSED)
<BR><BR>[Calls]<UL><LI><a href="#[180]">&gt;&gt;</a>&nbsp;&nbsp;&nbsp;__aeabi_llsr
<LI><a href="#[181]">&gt;&gt;</a>&nbsp;&nbsp;&nbsp;__aeabi_llsl
</UL>
<BR>[Called By]<UL><LI><a href="#[87]">&gt;&gt;</a>&nbsp;&nbsp;&nbsp;CPU_TS32_to_uSec
</UL>

<P><STRONG><a name="[181]"></a>__aeabi_llsl</STRONG> (Thumb, 30 bytes, Stack size 0 bytes, llshl.o(.text), UNUSED)
<BR><BR>[Called By]<UL><LI><a href="#[88]">&gt;&gt;</a>&nbsp;&nbsp;&nbsp;__aeabi_uldivmod
</UL>

<P><STRONG><a name="[1cf]"></a>_ll_shift_l</STRONG> (Thumb, 0 bytes, Stack size 0 bytes, llshl.o(.text), UNUSED)

<P><STRONG><a name="[180]"></a>__aeabi_llsr</STRONG> (Thumb, 32 bytes, Stack size 0 bytes, llushr.o(.text), UNUSED)
<BR><BR>[Called By]<UL><LI><a href="#[88]">&gt;&gt;</a>&nbsp;&nbsp;&nbsp;__aeabi_uldivmod
</UL>

<P><STRONG><a name="[1d0]"></a>_ll_ushift_r</STRONG> (Thumb, 0 bytes, Stack size 0 bytes, llushr.o(.text), UNUSED)

<P><STRONG><a name="[6b]"></a>__scatterload</STRONG> (Thumb, 28 bytes, Stack size 0 bytes, init.o(.text))
<BR><BR>[Calls]<UL><LI><a href="#[182]">&gt;&gt;</a>&nbsp;&nbsp;&nbsp;__main_after_scatterload
</UL>
<BR>[Called By]<UL><LI><a href="#[6a]">&gt;&gt;</a>&nbsp;&nbsp;&nbsp;_main_scatterload
</UL>

<P><STRONG><a name="[1d1]"></a>__scatterload_rt2</STRONG> (Thumb, 0 bytes, Stack size 0 bytes, init.o(.text), UNUSED)

<P><STRONG><a name="[e1]"></a>OS_CPU_FP_Reg_Push</STRONG> (Thumb, 0 bytes, Stack size unknown bytes, os_cpu_a.o(CODE))
<BR><BR>[Called By]<UL><LI><a href="#[69]">&gt;&gt;</a>&nbsp;&nbsp;&nbsp;OSTaskSwHook
</UL>

<P><STRONG><a name="[e2]"></a>OS_CPU_FP_Reg_Pop</STRONG> (Thumb, 0 bytes, Stack size unknown bytes, os_cpu_a.o(CODE))
<BR><BR>[Called By]<UL><LI><a href="#[69]">&gt;&gt;</a>&nbsp;&nbsp;&nbsp;OSTaskSwHook
</UL>

<P><STRONG><a name="[fe]"></a>OSStartHighRdy</STRONG> (Thumb, 0 bytes, Stack size unknown bytes, os_cpu_a.o(CODE))
<BR><BR>[Called By]<UL><LI><a href="#[7b]">&gt;&gt;</a>&nbsp;&nbsp;&nbsp;OSStart
</UL>

<P><STRONG><a name="[f9]"></a>OSCtxSw</STRONG> (Thumb, 0 bytes, Stack size unknown bytes, os_cpu_a.o(CODE))
<BR><BR>[Called By]<UL><LI><a href="#[f8]">&gt;&gt;</a>&nbsp;&nbsp;&nbsp;OSSched
</UL>

<P><STRONG><a name="[f7]"></a>OSIntCtxSw</STRONG> (Thumb, 0 bytes, Stack size unknown bytes, os_cpu_a.o(CODE))
<BR><BR>[Called By]<UL><LI><a href="#[95]">&gt;&gt;</a>&nbsp;&nbsp;&nbsp;OSIntExit
</UL>

<P><STRONG><a name="[7]"></a>OS_CPU_PendSVHandler</STRONG> (Thumb, 0 bytes, Stack size unknown bytes, os_cpu_a.o(CODE))
<BR>[Address Reference Count : 1]<UL><LI> cstartup.o(RESET)
</UL>
<P><STRONG><a name="[1d2]"></a>__scatterload_copy</STRONG> (Thumb, 14 bytes, Stack size unknown bytes, handlers.o(i.__scatterload_copy), UNUSED)

<P><STRONG><a name="[1d3]"></a>__scatterload_null</STRONG> (Thumb, 2 bytes, Stack size unknown bytes, handlers.o(i.__scatterload_null), UNUSED)

<P><STRONG><a name="[1d4]"></a>__scatterload_zeroinit</STRONG> (Thumb, 14 bytes, Stack size unknown bytes, handlers.o(i.__scatterload_zeroinit), UNUSED)
<P>
<H3>
Local Symbols
</H3>
<P><STRONG><a name="[75]"></a>AppTaskCreate</STRONG> (Thumb, 2 bytes, Stack size 0 bytes, app.o(.text))
<BR><BR>[Called By]<UL><LI><a href="#[65]">&gt;&gt;</a>&nbsp;&nbsp;&nbsp;AppTaskStart
</UL>

<P><STRONG><a name="[74]"></a>AppObjCreate</STRONG> (Thumb, 2 bytes, Stack size 0 bytes, app.o(.text))
<BR><BR>[Called By]<UL><LI><a href="#[65]">&gt;&gt;</a>&nbsp;&nbsp;&nbsp;AppTaskStart
</UL>

<P><STRONG><a name="[65]"></a>AppTaskStart</STRONG> (Thumb, 158 bytes, Stack size 16 bytes, app.o(.text))
<BR><BR>[Stack]<UL><LI>Max Depth = 112 + Unknown Stack Size
<LI>Call Chain = AppTaskStart &rArr; OSTimeDlyHMSM &rArr; OS_TickListInsertDly &rArr; OS_TickListInsert
</UL>
<BR>[Calls]<UL><LI><a href="#[6f]">&gt;&gt;</a>&nbsp;&nbsp;&nbsp;OS_CPU_SysTickInit
<LI><a href="#[77]">&gt;&gt;</a>&nbsp;&nbsp;&nbsp;OSTimeDlyHMSM
<LI><a href="#[72]">&gt;&gt;</a>&nbsp;&nbsp;&nbsp;OSStatTaskCPUUsageInit
<LI><a href="#[70]">&gt;&gt;</a>&nbsp;&nbsp;&nbsp;Mem_Init
<LI><a href="#[71]">&gt;&gt;</a>&nbsp;&nbsp;&nbsp;Math_Init
<LI><a href="#[6d]">&gt;&gt;</a>&nbsp;&nbsp;&nbsp;CPU_Init
<LI><a href="#[76]">&gt;&gt;</a>&nbsp;&nbsp;&nbsp;BSP_LED_Toggle
<LI><a href="#[73]">&gt;&gt;</a>&nbsp;&nbsp;&nbsp;BSP_LED_Off
<LI><a href="#[6c]">&gt;&gt;</a>&nbsp;&nbsp;&nbsp;BSP_Init
<LI><a href="#[6e]">&gt;&gt;</a>&nbsp;&nbsp;&nbsp;BSP_CPU_ClkFreq
<LI><a href="#[74]">&gt;&gt;</a>&nbsp;&nbsp;&nbsp;AppObjCreate
<LI><a href="#[75]">&gt;&gt;</a>&nbsp;&nbsp;&nbsp;AppTaskCreate
</UL>
<BR>[Address Reference Count : 1]<UL><LI> app.o(.text)
</UL>
<P><STRONG><a name="[7c]"></a>BSP_LED_Init</STRONG> (Thumb, 130 bytes, Stack size 16 bytes, bsp.o(.text))
<BR><BR>[Stack]<UL><LI>Max Depth = 36<LI>Call Chain = BSP_LED_Init &rArr; GPIO_Init
</UL>
<BR>[Calls]<UL><LI><a href="#[7e]">&gt;&gt;</a>&nbsp;&nbsp;&nbsp;GPIO_Init
<LI><a href="#[7d]">&gt;&gt;</a>&nbsp;&nbsp;&nbsp;BSP_PeriphEn
</UL>
<BR>[Called By]<UL><LI><a href="#[6c]">&gt;&gt;</a>&nbsp;&nbsp;&nbsp;BSP_Init
</UL>

<P><STRONG><a name="[66]"></a>BSP_IntHandlerDummy</STRONG> (Thumb, 2 bytes, Stack size 0 bytes, bsp_int.o(.text))
<BR>[Address Reference Count : 1]<UL><LI> bsp_int.o(.text)
</UL>
<P><STRONG><a name="[93]"></a>BSP_IntHandler</STRONG> (Thumb, 58 bytes, Stack size 16 bytes, bsp_int.o(.text))
<BR><BR>[Stack]<UL><LI>Max Depth = 40 + Unknown Stack Size
<LI>Call Chain = BSP_IntHandler &rArr; OSIntExit &rArr; OS_PrioGetHighest
</UL>
<BR>[Calls]<UL><LI><a href="#[95]">&gt;&gt;</a>&nbsp;&nbsp;&nbsp;OSIntExit
<LI><a href="#[94]">&gt;&gt;</a>&nbsp;&nbsp;&nbsp;OSIntEnter
<LI><a href="#[8f]">&gt;&gt;</a>&nbsp;&nbsp;&nbsp;CPU_SR_Save
<LI><a href="#[90]">&gt;&gt;</a>&nbsp;&nbsp;&nbsp;CPU_SR_Restore
</UL>
<BR>[Called By]<UL><LI><a href="#[63]">&gt;&gt;</a>&nbsp;&nbsp;&nbsp;BSP_IntHandlerDMA2D
<LI><a href="#[62]">&gt;&gt;</a>&nbsp;&nbsp;&nbsp;BSP_IntHandlerLTDC_ER
<LI><a href="#[61]">&gt;&gt;</a>&nbsp;&nbsp;&nbsp;BSP_IntHandlerLTDC
<LI><a href="#[60]">&gt;&gt;</a>&nbsp;&nbsp;&nbsp;BSP_IntHandlerSAI1
<LI><a href="#[5f]">&gt;&gt;</a>&nbsp;&nbsp;&nbsp;BSP_IntHandlerSPI6
<LI><a href="#[5e]">&gt;&gt;</a>&nbsp;&nbsp;&nbsp;BSP_IntHandlerSPI5
<LI><a href="#[5d]">&gt;&gt;</a>&nbsp;&nbsp;&nbsp;BSP_IntHandlerSPI4
<LI><a href="#[5c]">&gt;&gt;</a>&nbsp;&nbsp;&nbsp;BSP_IntHandlerUART8
<LI><a href="#[5b]">&gt;&gt;</a>&nbsp;&nbsp;&nbsp;BSP_IntHandlerUART7
<LI><a href="#[5a]">&gt;&gt;</a>&nbsp;&nbsp;&nbsp;BSP_IntHandlerFPU
<LI><a href="#[59]">&gt;&gt;</a>&nbsp;&nbsp;&nbsp;BSP_IntHandlerHASH_RNG
<LI><a href="#[58]">&gt;&gt;</a>&nbsp;&nbsp;&nbsp;BSP_IntHandlerCRYP
<LI><a href="#[57]">&gt;&gt;</a>&nbsp;&nbsp;&nbsp;BSP_IntHandlerDCMI
<LI><a href="#[56]">&gt;&gt;</a>&nbsp;&nbsp;&nbsp;BSP_IntHandlerOTG_HS
<LI><a href="#[55]">&gt;&gt;</a>&nbsp;&nbsp;&nbsp;BSP_IntHandlerOTG_HS_WKUP
<LI><a href="#[54]">&gt;&gt;</a>&nbsp;&nbsp;&nbsp;BSP_IntHandlerOTG_HS_EP1_IN
<LI><a href="#[53]">&gt;&gt;</a>&nbsp;&nbsp;&nbsp;BSP_IntHandlerOTG_HS_EP1_OUT
<LI><a href="#[52]">&gt;&gt;</a>&nbsp;&nbsp;&nbsp;BSP_IntHandlerI2C3_ER
<LI><a href="#[51]">&gt;&gt;</a>&nbsp;&nbsp;&nbsp;BSP_IntHandlerI2C3_EV
<LI><a href="#[50]">&gt;&gt;</a>&nbsp;&nbsp;&nbsp;BSP_IntHandlerUSART6
<LI><a href="#[4f]">&gt;&gt;</a>&nbsp;&nbsp;&nbsp;BSP_IntHandlerDMA2_CH7
<LI><a href="#[4e]">&gt;&gt;</a>&nbsp;&nbsp;&nbsp;BSP_IntHandlerDMA2_CH6
<LI><a href="#[4d]">&gt;&gt;</a>&nbsp;&nbsp;&nbsp;BSP_IntHandlerDMA2_CH5
<LI><a href="#[4c]">&gt;&gt;</a>&nbsp;&nbsp;&nbsp;BSP_IntHandlerOTG_FS
<LI><a href="#[4b]">&gt;&gt;</a>&nbsp;&nbsp;&nbsp;BSP_IntHandlerCAN2_SCE
<LI><a href="#[4a]">&gt;&gt;</a>&nbsp;&nbsp;&nbsp;BSP_IntHandlerCAN2_RX1
<LI><a href="#[49]">&gt;&gt;</a>&nbsp;&nbsp;&nbsp;BSP_IntHandlerCAN2_RX0
<LI><a href="#[48]">&gt;&gt;</a>&nbsp;&nbsp;&nbsp;BSP_IntHandlerCAN2_TX
<LI><a href="#[47]">&gt;&gt;</a>&nbsp;&nbsp;&nbsp;BSP_IntHandlerETHWakeup
<LI><a href="#[46]">&gt;&gt;</a>&nbsp;&nbsp;&nbsp;BSP_IntHandlerETH
<LI><a href="#[45]">&gt;&gt;</a>&nbsp;&nbsp;&nbsp;BSP_IntHandlerDMA2_CH4
<LI><a href="#[44]">&gt;&gt;</a>&nbsp;&nbsp;&nbsp;BSP_IntHandlerDMA2_CH3
<LI><a href="#[43]">&gt;&gt;</a>&nbsp;&nbsp;&nbsp;BSP_IntHandlerDMA2_CH2
<LI><a href="#[42]">&gt;&gt;</a>&nbsp;&nbsp;&nbsp;BSP_IntHandlerDMA2_CH1
<LI><a href="#[41]">&gt;&gt;</a>&nbsp;&nbsp;&nbsp;BSP_IntHandlerDMA2_CH0
<LI><a href="#[40]">&gt;&gt;</a>&nbsp;&nbsp;&nbsp;BSP_IntHandlerTIM7
<LI><a href="#[3f]">&gt;&gt;</a>&nbsp;&nbsp;&nbsp;BSP_IntHandlerTIM6_DAC
<LI><a href="#[3e]">&gt;&gt;</a>&nbsp;&nbsp;&nbsp;BSP_IntHandlerUSART5
<LI><a href="#[3d]">&gt;&gt;</a>&nbsp;&nbsp;&nbsp;BSP_IntHandlerUSART4
<LI><a href="#[3c]">&gt;&gt;</a>&nbsp;&nbsp;&nbsp;BSP_IntHandlerSPI3
<LI><a href="#[3b]">&gt;&gt;</a>&nbsp;&nbsp;&nbsp;BSP_IntHandlerTIM5
<LI><a href="#[3a]">&gt;&gt;</a>&nbsp;&nbsp;&nbsp;BSP_IntHandlerSDIO
<LI><a href="#[39]">&gt;&gt;</a>&nbsp;&nbsp;&nbsp;BSP_IntHandlerFSMC
<LI><a href="#[38]">&gt;&gt;</a>&nbsp;&nbsp;&nbsp;BSP_IntHandlerDMA1_STREAM7
<LI><a href="#[37]">&gt;&gt;</a>&nbsp;&nbsp;&nbsp;BSP_IntHandlerTIM8_CC
<LI><a href="#[36]">&gt;&gt;</a>&nbsp;&nbsp;&nbsp;BSP_IntHandlerTIM8_TRG_COM_TIM14
<LI><a href="#[35]">&gt;&gt;</a>&nbsp;&nbsp;&nbsp;BSP_IntHandlerTIM8_UP_TIM13
<LI><a href="#[34]">&gt;&gt;</a>&nbsp;&nbsp;&nbsp;BSP_IntHandlerTIM8_BRK_TIM12
<LI><a href="#[33]">&gt;&gt;</a>&nbsp;&nbsp;&nbsp;BSP_IntHandlerOTG_FS_WKUP
<LI><a href="#[32]">&gt;&gt;</a>&nbsp;&nbsp;&nbsp;BSP_IntHandlerRTCAlarm
<LI><a href="#[31]">&gt;&gt;</a>&nbsp;&nbsp;&nbsp;BSP_IntHandlerEXTI15_10
<LI><a href="#[30]">&gt;&gt;</a>&nbsp;&nbsp;&nbsp;BSP_IntHandlerUSART3
<LI><a href="#[2f]">&gt;&gt;</a>&nbsp;&nbsp;&nbsp;BSP_IntHandlerUSART2
<LI><a href="#[2e]">&gt;&gt;</a>&nbsp;&nbsp;&nbsp;BSP_IntHandlerUSART1
<LI><a href="#[2d]">&gt;&gt;</a>&nbsp;&nbsp;&nbsp;BSP_IntHandlerSPI2
<LI><a href="#[2c]">&gt;&gt;</a>&nbsp;&nbsp;&nbsp;BSP_IntHandlerSPI1
<LI><a href="#[2b]">&gt;&gt;</a>&nbsp;&nbsp;&nbsp;BSP_IntHandlerI2C2_ER
<LI><a href="#[2a]">&gt;&gt;</a>&nbsp;&nbsp;&nbsp;BSP_IntHandlerI2C2_EV
<LI><a href="#[29]">&gt;&gt;</a>&nbsp;&nbsp;&nbsp;BSP_IntHandlerI2C1_ER
<LI><a href="#[28]">&gt;&gt;</a>&nbsp;&nbsp;&nbsp;BSP_IntHandlerI2C1_EV
<LI><a href="#[27]">&gt;&gt;</a>&nbsp;&nbsp;&nbsp;BSP_IntHandlerTIM4
<LI><a href="#[26]">&gt;&gt;</a>&nbsp;&nbsp;&nbsp;BSP_IntHandlerTIM3
<LI><a href="#[25]">&gt;&gt;</a>&nbsp;&nbsp;&nbsp;BSP_IntHandlerTIM2
<LI><a href="#[24]">&gt;&gt;</a>&nbsp;&nbsp;&nbsp;BSP_IntHandlerTIM1_CC
<LI><a href="#[23]">&gt;&gt;</a>&nbsp;&nbsp;&nbsp;BSP_IntHandlerTIM1_TRG_COM_TIM11
<LI><a href="#[22]">&gt;&gt;</a>&nbsp;&nbsp;&nbsp;BSP_IntHandlerTIM1_UP_TIM10
<LI><a href="#[21]">&gt;&gt;</a>&nbsp;&nbsp;&nbsp;BSP_IntHandlerTIM1_BRK_TIM9
<LI><a href="#[20]">&gt;&gt;</a>&nbsp;&nbsp;&nbsp;BSP_IntHandlerEXTI9_5
<LI><a href="#[1f]">&gt;&gt;</a>&nbsp;&nbsp;&nbsp;BSP_IntHandlerCAN1_SCE
<LI><a href="#[1e]">&gt;&gt;</a>&nbsp;&nbsp;&nbsp;BSP_IntHandlerCAN1_RX1
<LI><a href="#[1d]">&gt;&gt;</a>&nbsp;&nbsp;&nbsp;BSP_IntHandlerCAN1_RX0
<LI><a href="#[1c]">&gt;&gt;</a>&nbsp;&nbsp;&nbsp;BSP_IntHandlerCAN1_TX
<LI><a href="#[1b]">&gt;&gt;</a>&nbsp;&nbsp;&nbsp;BSP_IntHandlerADC
<LI><a href="#[1a]">&gt;&gt;</a>&nbsp;&nbsp;&nbsp;BSP_IntHandlerDMA1_CH6
<LI><a href="#[19]">&gt;&gt;</a>&nbsp;&nbsp;&nbsp;BSP_IntHandlerDMA1_CH5
<LI><a href="#[18]">&gt;&gt;</a>&nbsp;&nbsp;&nbsp;BSP_IntHandlerDMA1_CH4
<LI><a href="#[17]">&gt;&gt;</a>&nbsp;&nbsp;&nbsp;BSP_IntHandlerDMA1_CH3
<LI><a href="#[16]">&gt;&gt;</a>&nbsp;&nbsp;&nbsp;BSP_IntHandlerDMA1_CH2
<LI><a href="#[15]">&gt;&gt;</a>&nbsp;&nbsp;&nbsp;BSP_IntHandlerDMA1_CH1
<LI><a href="#[14]">&gt;&gt;</a>&nbsp;&nbsp;&nbsp;BSP_IntHandlerDMA1_CH0
<LI><a href="#[13]">&gt;&gt;</a>&nbsp;&nbsp;&nbsp;BSP_IntHandlerEXTI4
<LI><a href="#[12]">&gt;&gt;</a>&nbsp;&nbsp;&nbsp;BSP_IntHandlerEXTI3
<LI><a href="#[11]">&gt;&gt;</a>&nbsp;&nbsp;&nbsp;BSP_IntHandlerEXTI2
<LI><a href="#[10]">&gt;&gt;</a>&nbsp;&nbsp;&nbsp;BSP_IntHandlerEXTI1
<LI><a href="#[f]">&gt;&gt;</a>&nbsp;&nbsp;&nbsp;BSP_IntHandlerEXTI0
<LI><a href="#[e]">&gt;&gt;</a>&nbsp;&nbsp;&nbsp;BSP_IntHandlerRCC
<LI><a href="#[d]">&gt;&gt;</a>&nbsp;&nbsp;&nbsp;BSP_IntHandlerFLASH
<LI><a href="#[c]">&gt;&gt;</a>&nbsp;&nbsp;&nbsp;BSP_IntHandlerRTC_WKUP
<LI><a href="#[b]">&gt;&gt;</a>&nbsp;&nbsp;&nbsp;BSP_IntHandlerTAMP_STAMP
<LI><a href="#[a]">&gt;&gt;</a>&nbsp;&nbsp;&nbsp;BSP_IntHandlerPVD
<LI><a href="#[9]">&gt;&gt;</a>&nbsp;&nbsp;&nbsp;BSP_IntHandlerWWDG
</UL>

<P><STRONG><a name="[9c]"></a>CPU_NameInit</STRONG> (Thumb, 8 bytes, Stack size 8 bytes, cpu_core.o(.text))
<BR><BR>[Stack]<UL><LI>Max Depth = 52 + Unknown Stack Size
<LI>Call Chain = CPU_NameInit &rArr; CPU_NameClr &rArr; Mem_Clr &rArr; Mem_Set
</UL>
<BR>[Calls]<UL><LI><a href="#[9a]">&gt;&gt;</a>&nbsp;&nbsp;&nbsp;CPU_NameClr
</UL>
<BR>[Called By]<UL><LI><a href="#[6d]">&gt;&gt;</a>&nbsp;&nbsp;&nbsp;CPU_Init
</UL>

<P><STRONG><a name="[9d]"></a>CPU_TS_Init</STRONG> (Thumb, 14 bytes, Stack size 8 bytes, cpu_core.o(.text))
<BR><BR>[Stack]<UL><LI>Max Depth = 60<LI>Call Chain = CPU_TS_Init &rArr; CPU_TS_TmrInit &rArr; BSP_CPU_ClkFreq &rArr; RCC_GetClocksFreq
</UL>
<BR>[Calls]<UL><LI><a href="#[85]">&gt;&gt;</a>&nbsp;&nbsp;&nbsp;CPU_TS_TmrInit
</UL>
<BR>[Called By]<UL><LI><a href="#[6d]">&gt;&gt;</a>&nbsp;&nbsp;&nbsp;CPU_Init
</UL>

<P><STRONG><a name="[ba]"></a>Mem_SegAlloc</STRONG> (Thumb, 60 bytes, Stack size 20 bytes, lib_mem.o(.text), UNUSED)
<BR><BR>[Called By]<UL><LI><a href="#[bd]">&gt;&gt;</a>&nbsp;&nbsp;&nbsp;Mem_PoolCreate
<LI><a href="#[b8]">&gt;&gt;</a>&nbsp;&nbsp;&nbsp;Mem_HeapAlloc
</UL>

<P><STRONG><a name="[b9]"></a>Mem_SegCalcTotSize</STRONG> (Thumb, 60 bytes, Stack size 24 bytes, lib_mem.o(.text), UNUSED)
<BR><BR>[Called By]<UL><LI><a href="#[bd]">&gt;&gt;</a>&nbsp;&nbsp;&nbsp;Mem_PoolCreate
<LI><a href="#[b8]">&gt;&gt;</a>&nbsp;&nbsp;&nbsp;Mem_HeapAlloc
</UL>

<P><STRONG><a name="[d5]"></a>Str_FmtNbr_Int32</STRONG> (Thumb, 476 bytes, Stack size 104 bytes, lib_str.o(.text), UNUSED)
<BR><BR>[Calls]<UL><LI><a href="#[d6]">&gt;&gt;</a>&nbsp;&nbsp;&nbsp;ASCII_IsPrint
</UL>
<BR>[Called By]<UL><LI><a href="#[d8]">&gt;&gt;</a>&nbsp;&nbsp;&nbsp;Str_FmtNbr_Int32S
<LI><a href="#[d7]">&gt;&gt;</a>&nbsp;&nbsp;&nbsp;Str_FmtNbr_Int32U
</UL>

<P><STRONG><a name="[d9]"></a>Str_ParseNbr_Int32</STRONG> (Thumb, 446 bytes, Stack size 96 bytes, lib_str.o(.text), UNUSED)
<BR><BR>[Calls]<UL><LI><a href="#[da]">&gt;&gt;</a>&nbsp;&nbsp;&nbsp;ASCII_IsSpace
<LI><a href="#[db]">&gt;&gt;</a>&nbsp;&nbsp;&nbsp;ASCII_IsDigHex
<LI><a href="#[dd]">&gt;&gt;</a>&nbsp;&nbsp;&nbsp;ASCII_IsDig
<LI><a href="#[de]">&gt;&gt;</a>&nbsp;&nbsp;&nbsp;ASCII_IsLower
<LI><a href="#[dc]">&gt;&gt;</a>&nbsp;&nbsp;&nbsp;ASCII_IsAlphaNum
</UL>
<BR>[Called By]<UL><LI><a href="#[e0]">&gt;&gt;</a>&nbsp;&nbsp;&nbsp;Str_ParseNbr_Int32S
<LI><a href="#[df]">&gt;&gt;</a>&nbsp;&nbsp;&nbsp;Str_ParseNbr_Int32U
</UL>

<P><STRONG><a name="[168]"></a>OS_TickListUpdateTimeout</STRONG> (Thumb, 220 bytes, Stack size 32 bytes, os_tick.o(.text))
<BR><BR>[Stack]<UL><LI>Max Depth = 64 + Unknown Stack Size
<LI>Call Chain = OS_TickListUpdateTimeout &rArr; OS_PendListRemove &rArr; OS_PendListRemove1
</UL>
<BR>[Calls]<UL><LI><a href="#[109]">&gt;&gt;</a>&nbsp;&nbsp;&nbsp;OS_RdyListInsert
<LI><a href="#[107]">&gt;&gt;</a>&nbsp;&nbsp;&nbsp;OS_PendListRemove
<LI><a href="#[a4]">&gt;&gt;</a>&nbsp;&nbsp;&nbsp;CPU_TS_TmrRd
<LI><a href="#[8f]">&gt;&gt;</a>&nbsp;&nbsp;&nbsp;CPU_SR_Save
<LI><a href="#[90]">&gt;&gt;</a>&nbsp;&nbsp;&nbsp;CPU_SR_Restore
</UL>
<BR>[Called By]<UL><LI><a href="#[16a]">&gt;&gt;</a>&nbsp;&nbsp;&nbsp;OS_TickTask
</UL>

<P><STRONG><a name="[169]"></a>OS_TickListUpdateDly</STRONG> (Thumb, 146 bytes, Stack size 32 bytes, os_tick.o(.text))
<BR><BR>[Stack]<UL><LI>Max Depth = 52 + Unknown Stack Size
<LI>Call Chain = OS_TickListUpdateDly &rArr; OS_RdyListInsert &rArr; OS_PrioInsert
</UL>
<BR>[Calls]<UL><LI><a href="#[109]">&gt;&gt;</a>&nbsp;&nbsp;&nbsp;OS_RdyListInsert
<LI><a href="#[a4]">&gt;&gt;</a>&nbsp;&nbsp;&nbsp;CPU_TS_TmrRd
<LI><a href="#[8f]">&gt;&gt;</a>&nbsp;&nbsp;&nbsp;CPU_SR_Save
<LI><a href="#[90]">&gt;&gt;</a>&nbsp;&nbsp;&nbsp;CPU_SR_Restore
</UL>
<BR>[Called By]<UL><LI><a href="#[16a]">&gt;&gt;</a>&nbsp;&nbsp;&nbsp;OS_TickTask
</UL>

<P><STRONG><a name="[170]"></a>OS_TmrUnlock</STRONG> (Thumb, 14 bytes, Stack size 8 bytes, os_tmr.o(.text))
<BR><BR>[Stack]<UL><LI>Max Depth = 112 + Unknown Stack Size
<LI>Call Chain = OS_TmrUnlock &rArr; OSMutexPost &rArr; OS_Post &rArr; OS_PendListRemove &rArr; OS_PendListRemove1
</UL>
<BR>[Calls]<UL><LI><a href="#[12e]">&gt;&gt;</a>&nbsp;&nbsp;&nbsp;OSMutexPost
</UL>
<BR>[Called By]<UL><LI><a href="#[17b]">&gt;&gt;</a>&nbsp;&nbsp;&nbsp;OS_TmrTask
<LI><a href="#[17a]">&gt;&gt;</a>&nbsp;&nbsp;&nbsp;OSTmrStop
<LI><a href="#[179]">&gt;&gt;</a>&nbsp;&nbsp;&nbsp;OSTmrStart
<LI><a href="#[174]">&gt;&gt;</a>&nbsp;&nbsp;&nbsp;OSTmrDel
<LI><a href="#[172]">&gt;&gt;</a>&nbsp;&nbsp;&nbsp;OSTmrCreate
</UL>

<P><STRONG><a name="[171]"></a>OS_TmrLock</STRONG> (Thumb, 20 bytes, Stack size 16 bytes, os_tmr.o(.text))
<BR><BR>[Stack]<UL><LI>Max Depth = 156 + Unknown Stack Size
<LI>Call Chain = OS_TmrLock &rArr; OSMutexPend &rArr; OS_Pend &rArr; OS_TaskBlock &rArr; OS_RdyListRemove &rArr; OS_PrioRemove
</UL>
<BR>[Calls]<UL><LI><a href="#[12c]">&gt;&gt;</a>&nbsp;&nbsp;&nbsp;OSMutexPend
</UL>
<BR>[Called By]<UL><LI><a href="#[17b]">&gt;&gt;</a>&nbsp;&nbsp;&nbsp;OS_TmrTask
<LI><a href="#[17a]">&gt;&gt;</a>&nbsp;&nbsp;&nbsp;OSTmrStop
<LI><a href="#[179]">&gt;&gt;</a>&nbsp;&nbsp;&nbsp;OSTmrStart
<LI><a href="#[174]">&gt;&gt;</a>&nbsp;&nbsp;&nbsp;OSTmrDel
<LI><a href="#[172]">&gt;&gt;</a>&nbsp;&nbsp;&nbsp;OSTmrCreate
</UL>
<P>
<H3>
Undefined Global Symbols
</H3><HR></body></html>
